Archive member included to satisfy reference by file (symbol)

/opt/devkitpro/libctru/lib/libcitro2d.a(base.o)
                              main.o (C2D_Init)
/opt/devkitpro/libctru/lib/libcitro2d.a(text.o)
                              main.o (C2D_TextBufNew)
/opt/devkitpro/libctru/lib/libcitro2d.a(spritesheet.o)
                              main.o (C2D_SpriteSheetLoad)
/opt/devkitpro/libctru/lib/libcitro2d.a(render2d.shbin.o)
                              /opt/devkitpro/libctru/lib/libcitro2d.a(base.o) (render2d_shbin_size)
/opt/devkitpro/libctru/lib/libcitro3d.a(base.o)
                              main.o (C3D_Init)
/opt/devkitpro/libctru/lib/libcitro3d.a(renderqueue.o)
                              main.o (C3D_FrameBegin)
/opt/devkitpro/libctru/lib/libcitro3d.a(texture.o)
                              /opt/devkitpro/libctru/lib/libcitro2d.a(base.o) (C3D_TexBind)
/opt/devkitpro/libctru/lib/libcitro3d.a(tex3ds.o)
                              /opt/devkitpro/libctru/lib/libcitro2d.a(spritesheet.o) (Tex3DS_TextureImport)
/opt/devkitpro/libctru/lib/libcitro3d.a(framebuffer.o)
                              /opt/devkitpro/libctru/lib/libcitro3d.a(renderqueue.o) (C3D_CalcColorBufSize)
/opt/devkitpro/libctru/lib/libcitro3d.a(texenv.o)
                              /opt/devkitpro/libctru/lib/libcitro2d.a(base.o) (C3D_GetTexEnv)
/opt/devkitpro/libctru/lib/libcitro3d.a(proctex.o)
                              /opt/devkitpro/libctru/lib/libcitro2d.a(base.o) (C3D_ProcTexInit)
/opt/devkitpro/libctru/lib/libcitro3d.a(buffers.o)
                              /opt/devkitpro/libctru/lib/libcitro2d.a(base.o) (BufInfo_Init)
/opt/devkitpro/libctru/lib/libcitro3d.a(drawArrays.o)
                              /opt/devkitpro/libctru/lib/libcitro2d.a(base.o) (C3D_DrawArrays)
/opt/devkitpro/libctru/lib/libcitro3d.a(effect.o)
                              /opt/devkitpro/libctru/lib/libcitro3d.a(base.o) (C3D_DepthMap)
/opt/devkitpro/libctru/lib/libcitro3d.a(attribs.o)
                              /opt/devkitpro/libctru/lib/libcitro2d.a(base.o) (AttrInfo_Init)
/opt/devkitpro/libctru/lib/libcitro3d.a(immediate.o)
                              /opt/devkitpro/libctru/lib/libcitro3d.a(base.o) (C3D_ImmSendAttrib)
/opt/devkitpro/libctru/lib/libcitro3d.a(uniforms.o)
                              /opt/devkitpro/libctru/lib/libcitro3d.a(base.o) (C3D_UpdateUniforms)
/opt/devkitpro/libctru/lib/libcitro3d.a(mtx_ortho.o)
                              /opt/devkitpro/libctru/lib/libcitro2d.a(base.o) (Mtx_Ortho)
/opt/devkitpro/libctru/lib/libcitro3d.a(mtx_orthotilt.o)
                              /opt/devkitpro/libctru/lib/libcitro2d.a(base.o) (Mtx_OrthoTilt)
/opt/devkitpro/libctru/lib/libctru.a(vram.o)
                              /opt/devkitpro/libctru/lib/libcitro3d.a(renderqueue.o) (vramAlloc)
/opt/devkitpro/libctru/lib/libctru.a(linear.o)
                              /opt/devkitpro/libctru/lib/libcitro2d.a(base.o) (linearAlloc)
/opt/devkitpro/libctru/lib/libctru.a(mem_pool.o)
                              /opt/devkitpro/libctru/lib/libctru.a(vram.o) (MemPool::Allocate(MemChunk&, unsigned long, int))
/opt/devkitpro/libctru/lib/libctru.a(romfs_dev.o)
                              main.o (romfsMount)
/opt/devkitpro/libctru/lib/libctru.a(os.o)
                              /opt/devkitpro/libctru/lib/libcitro3d.a(texture.o) (osConvertVirtToPhys)
/opt/devkitpro/libctru/lib/libctru.a(font.o)
                              /opt/devkitpro/libctru/lib/libcitro2d.a(text.o) (fontEnsureMapped)
/opt/devkitpro/libctru/lib/libctru.a(gfx.o)
                              /opt/devkitpro/libctru/lib/libcitro3d.a(renderqueue.o) (gfxIs3D)
/opt/devkitpro/libctru/lib/libctru.a(shaderProgram.o)
                              /opt/devkitpro/libctru/lib/libcitro2d.a(base.o) (shaderInstanceGetUniformLocation)
/opt/devkitpro/libctru/lib/libctru.a(shbin.o)
                              /opt/devkitpro/libctru/lib/libcitro2d.a(base.o) (DVLB_ParseFile)
/opt/devkitpro/libctru/lib/libctru.a(gx.o)
                              /opt/devkitpro/libctru/lib/libctru.a(gfx.o) (gxCmdBuf)
/opt/devkitpro/libctru/lib/libctru.a(gxqueue.o)
                              /opt/devkitpro/libctru/lib/libcitro3d.a(renderqueue.o) (gxCmdQueueClear)
/opt/devkitpro/libctru/lib/libctru.a(gpu.o)
                              /opt/devkitpro/libctru/lib/libcitro3d.a(base.o) (gpuCmdBufOffset)
/opt/devkitpro/libctru/lib/libctru.a(gspgpu.o)
                              /opt/devkitpro/libctru/lib/libctru.a(gfx.o) (gspInit)
/opt/devkitpro/libctru/lib/libctru.a(fs.o)
                              /opt/devkitpro/libctru/lib/libctru.a(romfs_dev.o) (FSUSER_OpenFileDirectly)
/opt/devkitpro/libctru/lib/libctru.a(apt.o)
                              /opt/devkitpro/libctru/lib/libcitro3d.a(base.o) (aptHook)
/opt/devkitpro/libctru/lib/libctru.a(hid.o)
                              main.o (hidScanInput)
/opt/devkitpro/libctru/lib/libctru.a(ptmsysm.o)
[...]
Memory Configuration

Name             Origin             Length             Attributes
*default*        0x0000000000000000 0xffffffffffffffff

Linker script and memory map

                0x0000000000100000                PROVIDE (__start__ = 0x100000)
                0x0000000000100000                . = __start__

.text           0x0000000000100000    0x2240c
 *(.crt0)
 .crt0          0x0000000000100000       0x94 /opt/devkitpro/devkitARM/lib/gcc/arm-none-eabi/8.3.0/../../../../arm-none-eabi/lib/armv6k/fpu/3dsx_crt0.o
                0x0000000000100000                _start
                0x0000000000100008                __service_ptr
                0x000000000010000c                __apt_appid
                0x0000000000100010                __heap_size
                0x0000000000100014                __linear_heap_size
                0x0000000000100018                __system_arglist
                0x000000000010001c                __system_runflags
 *(.init)
 .init          0x0000000000100094        0xc /opt/devkitpro/devkitARM/lib/gcc/arm-none-eabi/8.3.0/armv6k/fpu/crti.o
                0x0000000000100094                _init
 .init          0x00000000001000a0        0xc /opt/devkitpro/devkitARM/lib/gcc/arm-none-eabi/8.3.0/armv6k/fpu/crtn.o
                0x00000000001000ac                . = ALIGN (0x4)
 *(.text)
 .text          0x00000000001000ac       0x64 /opt/devkitpro/libctru/lib/libctru.a(stack_adjust.o)
                0x00000000001000ac                initSystem
                0x00000000001000f0                __ctru_exit
 .text          0x0000000000100110      0x20c /opt/devkitpro/devkitARM/lib/gcc/arm-none-eabi/8.3.0/armv6k/fpu/libgcc.a(_udivsi3.o)
                0x0000000000100110                __udivsi3
                0x0000000000100110                __aeabi_uidiv
                0x00000000001002fc                __aeabi_uidivmod
 .text          0x000000000010031c      0x240 /opt/devkitpro/devkitARM/lib/gcc/arm-none-eabi/8.3.0/armv6k/fpu/libgcc.a(_divsi3.o)
                0x000000000010031c                __aeabi_idiv
                0x000000000010031c                __divsi3
                0x000000000010053c                __aeabi_idivmod
 .text          0x000000000010055c        0x4 /opt/devkitpro/devkitARM/lib/gcc/arm-none-eabi/8.3.0/armv6k/fpu/libgcc.a(_dvmd_tls.o)
                0x000000000010055c                __aeabi_ldiv0
                0x000000000010055c                __aeabi_idiv0
 .text          0x0000000000100560      0x3c0 /opt/devkitpro/devkitARM/lib/gcc/arm-none-eabi/8.3.0/armv6k/fpu/libgcc.a(_arm_addsubdf3.o)
                0x0000000000100560                __aeabi_drsub
                0x0000000000100568                __aeabi_dsub
                0x0000000000100568                __subdf3
                0x000000000010056c                __adddf3
                0x000000000010056c                __aeabi_dadd
                0x0000000000100818                __aeabi_ui2d
                0x0000000000100818                __floatunsidf
                0x000000000010083c                __floatsidf
                0x000000000010083c                __aeabi_i2d
                0x0000000000100864                __extendsfdf2
                0x0000000000100864                __aeabi_f2d
                0x00000000001008ac                __aeabi_ul2d
                0x00000000001008ac                __floatundidf
                0x00000000001008c0                __floatdidf
                0x00000000001008c0                __aeabi_l2d
 .text          0x0000000000100920       0x3c /opt/devkitpro/devkitARM/lib/gcc/arm-none-eabi/8.3.0/armv6k/fpu/libgcc.a(_aeabi_uldivmod.o)
                0x0000000000100920                __aeabi_uldivmod
 *fill*         0x000000000010095c        0x4 
 .text          0x0000000000100960      0x390 /opt/devkitpro/devkitARM/lib/gcc/arm-none-eabi/8.3.0/../../../../arm-none-eabi/lib/armv6k/fpu/libg.a(lib_a-strcmp.o)
                0x0000000000100968                strcmp
 *(.text.*)
 .text.deregister_tm_clones
                0x0000000000100cf0       0x2c /opt/devkitpro/devkitARM/lib/gcc/arm-none-eabi/8.3.0/armv6k/fpu/crtbegin.o
 .text.register_tm_clones
                0x0000000000100d1c       0x38 /opt/devkitpro/devkitARM/lib/gcc/arm-none-eabi/8.3.0/armv6k/fpu/crtbegin.o
 .text.__do_global_dtors_aux
                0x0000000000100d54       0x44 /opt/devkitpro/devkitARM/lib/gcc/arm-none-eabi/8.3.0/armv6k/fpu/crtbegin.o
 .text.frame_dummy
                0x0000000000100d98       0x34 /opt/devkitpro/devkitARM/lib/gcc/arm-none-eabi/8.3.0/armv6k/fpu/crtbegin.o
 .text.drawError
                0x0000000000100dcc      0x12c main.o
                0x0000000000100dcc                drawError
 .text.drawRectOutline
                0x0000000000100ef8      0x114 main.o
                0x0000000000100ef8                drawRectOutline
 .text.drawFiles
                0x000000000010100c      0x104 main.o
                0x000000000010100c                drawFiles
 .text.loadSplits
                0x0000000000101110       0xa0 main.o
                0x0000000000101110                loadSplits
 .text.getBufferLine
                0x00000000001011b0       0x70 main.o
                0x00000000001011b0                getBufferLine
 .text.startup.main
                0x0000000000101220      0x6cc main.o
                0x0000000000101220                main
 .text.SL_Timer_CreateTimer
                0x00000000001018ec       0x1c timer.o
                0x00000000001018ec                SL_Timer_CreateTimer
 .text.SL_Timer_LoadFromSplitFile
                0x0000000000101908       0x84 timer.o
                0x0000000000101908                SL_Timer_LoadFromSplitFile
 .text.SL_Timer_StartSplit
                0x000000000010198c       0xcc timer.o
                0x000000000010198c                SL_Timer_StartSplit
 .text.SL_Timer_Reset
                0x0000000000101a58       0xb8 timer.o
                0x0000000000101a58                SL_Timer_Reset
 .text.u64ToDelta
                0x0000000000101b10      0x214 timer.o
                0x0000000000101b10                u64ToDelta
 .text.SL_Timer_GetDeltaText
                0x0000000000101d24      0x1a8 timer.o
                0x0000000000101d24                SL_Timer_GetDeltaText
 *fill*         0x0000000000101ecc        0x4 
 .text.u64ToTime
                0x0000000000101ed0      0x130 timer.o
                0x0000000000101ed0                u64ToTime
 .text.SL_Timer_GetMainTimerText
                0x0000000000102000       0x74 timer.o
                0x0000000000102000                SL_Timer_GetMainTimerText
 .text.SL_Timer_GetCurrSplitText
                0x0000000000102074       0x88 timer.o
                0x0000000000102074                SL_Timer_GetCurrSplitText
 .text.SL_Timer_Draw
                0x00000000001020fc      0x3b0 timer.o
                0x00000000001020fc                SL_Timer_Draw
 .text.C2D_Init
                0x00000000001024ac      0x32c /opt/devkitpro/libctru/lib/libcitro2d.a(base.o)
                0x00000000001024ac                C2D_Init
 .text.C2D_Fini
                0x00000000001027d8       0x48 /opt/devkitpro/libctru/lib/libcitro2d.a(base.o)
                0x00000000001027d8                C2D_Fini
 .text.C2D_Prepare
                0x0000000000102820       0xc8 /opt/devkitpro/libctru/lib/libcitro2d.a(base.o)
                0x0000000000102820                C2D_Prepare
 .text.C2D_SceneSize
                0x00000000001028e8      0x10c /opt/devkitpro/libctru/lib/libcitro2d.a(base.o)
                0x00000000001028e8                C2D_SceneSize
 .text.C2D_CreateScreenTarget
                0x00000000001029f4       0x44 /opt/devkitpro/libctru/lib/libcitro2d.a(base.o)
                0x00000000001029f4                C2D_CreateScreenTarget
 .text.C2Di_CalcQuad
                0x0000000000102a38      0x140 /opt/devkitpro/libctru/lib/libcitro2d.a(base.o)
                0x0000000000102a38                C2Di_CalcQuad
 .text.C2Di_AppendVtx
                0x0000000000102b78       0x40 /opt/devkitpro/libctru/lib/libcitro2d.a(base.o)
                0x0000000000102b78                C2Di_AppendVtx
 .text.C2Di_FlushVtxBuf
                0x0000000000102bb8       0x30 /opt/devkitpro/libctru/lib/libcitro2d.a(base.o)
                0x0000000000102bb8                C2Di_FlushVtxBuf
 .text.C2Di_FrameEndHook
                0x0000000000102be8       0x20 /opt/devkitpro/libctru/lib/libcitro2d.a(base.o)
 .text.C2D_Flush
                0x0000000000102c08       0x18 /opt/devkitpro/libctru/lib/libcitro2d.a(base.o)
                0x0000000000102c08                C2D_Flush
 .text.C2D_TargetClear
                0x0000000000102c20       0x30 /opt/devkitpro/libctru/lib/libcitro2d.a(base.o)
                0x0000000000102c20                C2D_TargetClear
 .text.C2Di_Update
                0x0000000000102c50      0x218 /opt/devkitpro/libctru/lib/libcitro2d.a(base.o)
                0x0000000000102c50                C2Di_Update
 .text.C2D_DrawImage
                0x0000000000102e68      0x2ec /opt/devkitpro/libctru/lib/libcitro2d.a(base.o)
                0x0000000000102e68                C2D_DrawImage
 .text.C2D_DrawRectangle
                0x0000000000103154      0x1c0 /opt/devkitpro/libctru/lib/libcitro2d.a(base.o)
                0x0000000000103154                C2D_DrawRectangle
 .text.C2Di_GlyphComp
                0x0000000000103314       0x18 /opt/devkitpro/libctru/lib/libcitro2d.a(text.o)
 .text.C2D_TextBufNew
                0x000000000010332c      0x154 /opt/devkitpro/libctru/lib/libcitro2d.a(text.o)
                0x000000000010332c                C2D_TextBufNew
 .text.C2D_TextBufDelete
                0x0000000000103480        0x4 /opt/devkitpro/libctru/lib/libcitro2d.a(text.o)
                0x0000000000103480                C2D_TextBufDelete
 .text.C2D_TextBufClear
                0x0000000000103484        0xc /opt/devkitpro/libctru/lib/libcitro2d.a(text.o)
                0x0000000000103484                C2D_TextBufClear
 .text.C2D_TextParseLine
                0x0000000000103490      0x17c /opt/devkitpro/libctru/lib/libcitro2d.a(text.o)
                0x0000000000103490                C2D_TextParseLine
 .text.C2D_TextParse
                0x000000000010360c       0x80 /opt/devkitpro/libctru/lib/libcitro2d.a(text.o)
                0x000000000010360c                C2D_TextParse
 .text.C2D_TextOptimize
                0x000000000010368c       0x2c /opt/devkitpro/libctru/lib/libcitro2d.a(text.o)
                0x000000000010368c                C2D_TextOptimize
 .text.C2D_DrawText
                0x00000000001036b8      0x238 /opt/devkitpro/libctru/lib/libcitro2d.a(text.o)
                0x00000000001036b8                C2D_DrawText
 .text.C2D_SpriteSheetLoadFromHandle
                0x00000000001038f0       0x6c /opt/devkitpro/libctru/lib/libcitro2d.a(spritesheet.o)
                0x00000000001038f0                C2D_SpriteSheetLoadFromHandle
 .text.C2D_SpriteSheetLoad
                0x000000000010395c       0x34 /opt/devkitpro/libctru/lib/libcitro2d.a(spritesheet.o)
                0x000000000010395c                C2D_SpriteSheetLoad
 .text.C2D_SpriteSheetFree
                0x0000000000103990       0x28 /opt/devkitpro/libctru/lib/libcitro2d.a(spritesheet.o)
                0x0000000000103990                C2D_SpriteSheetFree
 .text.C2D_SpriteSheetGetImage
                0x00000000001039b8       0x28 /opt/devkitpro/libctru/lib/libcitro2d.a(spritesheet.o)
                0x00000000001039b8                C2D_SpriteSheetGetImage
 .text.C3Di_SplitFrame.part.1
                0x00000000001039e0       0xc4 /opt/devkitpro/libctru/lib/libcitro3d.a(base.o)
 .text.C3Di_LightEnvUpdate
                0x0000000000103aa4        0x4 /opt/devkitpro/libctru/lib/libcitro3d.a(base.o)
                0x0000000000103aa4                C3Di_LightEnvUpdate
 .text.C3Di_LightEnvDirty
                0x0000000000103aa8        0x4 /opt/devkitpro/libctru/lib/libcitro3d.a(base.o)
                0x0000000000103aa8                C3Di_LightEnvDirty
 .text.C3Di_AptEventHook
                0x0000000000103aac       0xac /opt/devkitpro/libctru/lib/libcitro3d.a(base.o)
 .text.C3Di_GasUpdate
                0x0000000000103b58        0x4 /opt/devkitpro/libctru/lib/libcitro3d.a(base.o)
                0x0000000000103b58                C3Di_GasUpdate
 .text.C3D_Init
                0x0000000000103b5c      0x21c /opt/devkitpro/libctru/lib/libcitro3d.a(base.o)
                0x0000000000103b5c                C3D_Init
 .text.C3D_SetViewport
                0x0000000000103d78       0x98 /opt/devkitpro/libctru/lib/libcitro3d.a(base.o)
                0x0000000000103d78                C3D_SetViewport
 .text.C3Di_UpdateContext
                0x0000000000103e10      0x50c /opt/devkitpro/libctru/lib/libcitro3d.a(base.o)
                0x0000000000103e10                C3Di_UpdateContext
 .text.C3Di_SplitFrame
                0x000000000010431c       0x20 /opt/devkitpro/libctru/lib/libcitro3d.a(base.o)
                0x000000000010431c                C3Di_SplitFrame
 .text.C3D_Fini
                0x000000000010433c       0x64 /opt/devkitpro/libctru/lib/libcitro3d.a(base.o)
                0x000000000010433c                C3D_Fini
 .text.C3D_BindProgram
                0x00000000001043a0      0x114 /opt/devkitpro/libctru/lib/libcitro3d.a(base.o)
                0x00000000001043a0                C3D_BindProgram
 .text.C3Di_RenderQueueInit
                0x00000000001044b4       0x54 /opt/devkitpro/libctru/lib/libcitro3d.a(renderqueue.o)
 .text.C3Di_RenderTargetDestroy
                0x0000000000104508       0x80 /opt/devkitpro/libctru/lib/libcitro3d.a(renderqueue.o)
 .text.onVBlank1
                0x0000000000104588       0xac /opt/devkitpro/libctru/lib/libcitro3d.a(renderqueue.o)
 .text.onVBlank0
                0x0000000000104634      0x13c /opt/devkitpro/libctru/lib/libcitro3d.a(renderqueue.o)
 .text.C3Di_RenderTargetNew
                0x0000000000104770        0xc /opt/devkitpro/libctru/lib/libcitro3d.a(renderqueue.o)
 .text.C3Di_WaitAndClearQueue
                0x000000000010477c       0x7c /opt/devkitpro/libctru/lib/libcitro3d.a(renderqueue.o)
 .text.onQueueFinish
                0x00000000001047f8       0xc0 /opt/devkitpro/libctru/lib/libcitro3d.a(renderqueue.o)
 .text.C3D_FrameSplit.part.6
                0x00000000001048b8       0x44 /opt/devkitpro/libctru/lib/libcitro3d.a(renderqueue.o)
 .text.C3D_FrameSync
                0x00000000001048fc       0x30 /opt/devkitpro/libctru/lib/libcitro3d.a(renderqueue.o)
                0x00000000001048fc                C3D_FrameSync
 .text.C3Di_RenderQueueExit
                0x000000000010492c       0xa0 /opt/devkitpro/libctru/lib/libcitro3d.a(renderqueue.o)
                0x000000000010492c                C3Di_RenderQueueExit
 .text.C3Di_RenderQueueWaitDone
                0x00000000001049cc       0x20 /opt/devkitpro/libctru/lib/libcitro3d.a(renderqueue.o)
                0x00000000001049cc                C3Di_RenderQueueWaitDone
 .text.C3D_FrameBegin
                0x00000000001049ec       0x7c /opt/devkitpro/libctru/lib/libcitro3d.a(renderqueue.o)
                0x00000000001049ec                C3D_FrameBegin
 .text.C3D_FrameDrawOn
                0x0000000000104a68       0x48 /opt/devkitpro/libctru/lib/libcitro3d.a(renderqueue.o)
                0x0000000000104a68                C3D_FrameDrawOn
 .text.C3D_FrameSplit
                0x0000000000104ab0       0x18 /opt/devkitpro/libctru/lib/libcitro3d.a(renderqueue.o)
                0x0000000000104ab0                C3D_FrameSplit
 .text.C3D_FrameEnd
                0x0000000000104ac8      0x164 /opt/devkitpro/libctru/lib/libcitro3d.a(renderqueue.o)
                0x0000000000104ac8                C3D_FrameEnd
 .text.C3D_FrameEndHook
                0x0000000000104c2c       0x1c /opt/devkitpro/libctru/lib/libcitro3d.a(renderqueue.o)
                0x0000000000104c2c                C3D_FrameEndHook
 .text.C3D_RenderTargetCreate
                0x0000000000104c48      0x17c /opt/devkitpro/libctru/lib/libcitro3d.a(renderqueue.o)
                0x0000000000104c48                C3D_RenderTargetCreate
 .text.C3D_RenderTargetSetOutput
                0x0000000000104dc4       0x4c /opt/devkitpro/libctru/lib/libcitro3d.a(renderqueue.o)
                0x0000000000104dc4                C3D_RenderTargetSetOutput
 .text.C3D_SyncTextureCopy
                0x0000000000104e10       0xb4 /opt/devkitpro/libctru/lib/libcitro3d.a(renderqueue.o)
                0x0000000000104e10                C3D_SyncTextureCopy
 .text.C3D_TexInitWithParams
                0x0000000000104ec4      0x284 /opt/devkitpro/libctru/lib/libcitro3d.a(texture.o)
                0x0000000000104ec4                C3D_TexInitWithParams
 .text.C3D_TexLoadImage
                0x0000000000105148       0xdc /opt/devkitpro/libctru/lib/libcitro3d.a(texture.o)
                0x0000000000105148                C3D_TexLoadImage
 .text.C3D_TexBind
                0x0000000000105224       0x48 /opt/devkitpro/libctru/lib/libcitro3d.a(texture.o)
                0x0000000000105224                C3D_TexBind
 .text.C3D_TexDelete
                0x000000000010526c       0x7c /opt/devkitpro/libctru/lib/libcitro3d.a(texture.o)
                0x000000000010526c                C3D_TexDelete
 .text.C3Di_SetTex
                0x00000000001052e8      0x174 /opt/devkitpro/libctru/lib/libcitro3d.a(texture.o)
                0x00000000001052e8                C3Di_SetTex
 .text.Tex3DSi_ImportCommon
                0x000000000010545c      0x3e8 /opt/devkitpro/libctru/lib/libcitro3d.a(tex3ds.o)
 .text.Tex3DS_TextureImportStdio
                0x0000000000105844       0x34 /opt/devkitpro/libctru/lib/libcitro3d.a(tex3ds.o)
                0x0000000000105844                Tex3DS_TextureImportStdio
 .text.Tex3DS_GetSubTexture
                0x0000000000105878       0x1c /opt/devkitpro/libctru/lib/libcitro3d.a(tex3ds.o)
                0x0000000000105878                Tex3DS_GetSubTexture
 .text.Tex3DS_TextureFree
                0x0000000000105894        0x4 /opt/devkitpro/libctru/lib/libcitro3d.a(tex3ds.o)
                0x0000000000105894                Tex3DS_TextureFree
 .text.C3D_CalcColorBufSize
                0x0000000000105898       0x1c /opt/devkitpro/libctru/lib/libcitro3d.a(framebuffer.o)
                0x0000000000105898                C3D_CalcColorBufSize
 .text.C3D_CalcDepthBufSize
                0x00000000001058b4       0x1c /opt/devkitpro/libctru/lib/libcitro3d.a(framebuffer.o)
                0x00000000001058b4                C3D_CalcDepthBufSize
 .text.C3D_SetFrameBuf
                0x00000000001058d0       0x44 /opt/devkitpro/libctru/lib/libcitro3d.a(framebuffer.o)
                0x00000000001058d0                C3D_SetFrameBuf
 .text.C3Di_FrameBufBind
                0x0000000000105914      0x168 /opt/devkitpro/libctru/lib/libcitro3d.a(framebuffer.o)
                0x0000000000105914                C3Di_FrameBufBind
 .text.C3D_FrameBufClear
                0x0000000000105a7c       0xc8 /opt/devkitpro/libctru/lib/libcitro3d.a(framebuffer.o)
                0x0000000000105a7c                C3D_FrameBufClear
 .text.C3D_FrameBufTransfer
                0x0000000000105b44       0x48 /opt/devkitpro/libctru/lib/libcitro3d.a(framebuffer.o)
                0x0000000000105b44                C3D_FrameBufTransfer
 .text.C3D_GetTexEnv
                0x0000000000105b8c       0x34 /opt/devkitpro/libctru/lib/libcitro3d.a(texenv.o)
                0x0000000000105b8c                C3D_GetTexEnv
 .text.C3Di_TexEnvBind
                0x0000000000105bc0       0x24 /opt/devkitpro/libctru/lib/libcitro3d.a(texenv.o)
                0x0000000000105bc0                C3Di_TexEnvBind
 .text.C3D_ProcTexInit
                0x0000000000105be4       0x6c /opt/devkitpro/libctru/lib/libcitro3d.a(proctex.o)
                0x0000000000105be4                C3D_ProcTexInit
 .text.C3D_ProcTexBind
                0x0000000000105c50       0x50 /opt/devkitpro/libctru/lib/libcitro3d.a(proctex.o)
                0x0000000000105c50                C3D_ProcTexBind
 .text.C3D_ProcTexLutBind
                0x0000000000105ca0       0x60 /opt/devkitpro/libctru/lib/libcitro3d.a(proctex.o)
                0x0000000000105ca0                C3D_ProcTexLutBind
 .text.ProcTexLut_FromArray
                0x0000000000105d00       0xa4 /opt/devkitpro/libctru/lib/libcitro3d.a(proctex.o)
                0x0000000000105d00                ProcTexLut_FromArray
 .text.C3Di_ProcTexUpdate
                0x0000000000105da4      0x174 /opt/devkitpro/libctru/lib/libcitro3d.a(proctex.o)
                0x0000000000105da4                C3Di_ProcTexUpdate
 .text.C3Di_ProcTexDirty
                0x0000000000105f18       0x68 /opt/devkitpro/libctru/lib/libcitro3d.a(proctex.o)
                0x0000000000105f18                C3Di_ProcTexDirty
 .text.BufInfo_Init
                0x0000000000105f80       0x24 /opt/devkitpro/libctru/lib/libcitro3d.a(buffers.o)
                0x0000000000105f80                BufInfo_Init
 .text.BufInfo_Add
                0x0000000000105fa4       0x84 /opt/devkitpro/libctru/lib/libcitro3d.a(buffers.o)
                0x0000000000105fa4                BufInfo_Add
 .text.C3D_SetBufInfo
                0x0000000000106028       0x40 /opt/devkitpro/libctru/lib/libcitro3d.a(buffers.o)
                0x0000000000106028                C3D_SetBufInfo
 .text.C3Di_BufInfoBind
                0x0000000000106068       0x48 /opt/devkitpro/libctru/lib/libcitro3d.a(buffers.o)
                0x0000000000106068                C3Di_BufInfoBind
 .text.C3D_DrawArrays
                0x00000000001060b0      0x148 /opt/devkitpro/libctru/lib/libcitro3d.a(drawArrays.o)
                0x00000000001060b0                C3D_DrawArrays
 .text.C3D_DepthMap
                0x00000000001061f8       0x40 /opt/devkitpro/libctru/lib/libcitro3d.a(effect.o)
                0x00000000001061f8                C3D_DepthMap
 .text.C3D_CullFace
                0x0000000000106238       0x1c /opt/devkitpro/libctru/lib/libcitro3d.a(effect.o)
                0x0000000000106238                C3D_CullFace
 .text.C3D_StencilTest
                0x0000000000106254       0x40 /opt/devkitpro/libctru/lib/libcitro3d.a(effect.o)
                0x0000000000106254                C3D_StencilTest
 .text.C3D_StencilOp
                0x0000000000106294       0x24 /opt/devkitpro/libctru/lib/libcitro3d.a(effect.o)
                0x0000000000106294                C3D_StencilOp
 .text.C3D_BlendingColor
                0x00000000001062b8       0x1c /opt/devkitpro/libctru/lib/libcitro3d.a(effect.o)
                0x00000000001062b8                C3D_BlendingColor
 .text.C3D_EarlyDepthTest
                0x00000000001062d4       0x24 /opt/devkitpro/libctru/lib/libcitro3d.a(effect.o)
                0x00000000001062d4                C3D_EarlyDepthTest
 .text.C3D_DepthTest
                0x00000000001062f8       0x2c /opt/devkitpro/libctru/lib/libcitro3d.a(effect.o)
                0x00000000001062f8                C3D_DepthTest
 .text.C3D_AlphaTest
                0x0000000000106324       0x2c /opt/devkitpro/libctru/lib/libcitro3d.a(effect.o)
                0x0000000000106324                C3D_AlphaTest
 .text.C3D_AlphaBlend
                0x0000000000106350       0x50 /opt/devkitpro/libctru/lib/libcitro3d.a(effect.o)
                0x0000000000106350                C3D_AlphaBlend
 .text.C3D_FragOpMode
                0x00000000001063a0       0x30 /opt/devkitpro/libctru/lib/libcitro3d.a(effect.o)
                0x00000000001063a0                C3D_FragOpMode
 .text.C3D_FragOpShadow
                0x00000000001063d0       0x44 /opt/devkitpro/libctru/lib/libcitro3d.a(effect.o)
                0x00000000001063d0                C3D_FragOpShadow
 .text.C3Di_EffectBind
                0x0000000000106414      0x1ac /opt/devkitpro/libctru/lib/libcitro3d.a(effect.o)
                0x0000000000106414                C3Di_EffectBind
 .text.AttrInfo_Init
                0x00000000001065c0       0x28 /opt/devkitpro/libctru/lib/libcitro3d.a(attribs.o)
                0x00000000001065c0                AttrInfo_Init
 .text.AttrInfo_AddLoader
                0x00000000001065e8       0xa0 /opt/devkitpro/libctru/lib/libcitro3d.a(attribs.o)
                0x00000000001065e8                AttrInfo_AddLoader
 .text.C3D_SetAttrInfo
                0x0000000000106688       0x54 /opt/devkitpro/libctru/lib/libcitro3d.a(attribs.o)
                0x0000000000106688                C3D_SetAttrInfo
 .text.C3Di_AttrInfoBind
                0x00000000001066dc       0x80 /opt/devkitpro/libctru/lib/libcitro3d.a(attribs.o)
                0x00000000001066dc                C3Di_AttrInfoBind
 .text.C3D_ImmSendAttrib
                0x000000000010675c       0xa4 /opt/devkitpro/libctru/lib/libcitro3d.a(immediate.o)
                0x000000000010675c                C3D_ImmSendAttrib
 .text.C3D_UpdateUniforms
                0x0000000000106800      0x2b8 /opt/devkitpro/libctru/lib/libcitro3d.a(uniforms.o)
                0x0000000000106800                C3D_UpdateUniforms
 .text.C3Di_DirtyUniforms
                0x0000000000106ab8       0xc0 /opt/devkitpro/libctru/lib/libcitro3d.a(uniforms.o)
                0x0000000000106ab8                C3Di_DirtyUniforms
 .text.C3Di_LoadShaderUniforms
                0x0000000000106b78       0xe0 /opt/devkitpro/libctru/lib/libcitro3d.a(uniforms.o)
                0x0000000000106b78                C3Di_LoadShaderUniforms
 .text.C3Di_ClearShaderUniforms
                0x0000000000106c58       0x28 /opt/devkitpro/libctru/lib/libcitro3d.a(uniforms.o)
                0x0000000000106c58                C3Di_ClearShaderUniforms
 .text.Mtx_Ortho
                0x0000000000106c80       0xcc /opt/devkitpro/libctru/lib/libcitro3d.a(mtx_ortho.o)
                0x0000000000106c80                Mtx_Ortho
 .text.Mtx_OrthoTilt
                0x0000000000106d4c       0xcc /opt/devkitpro/libctru/lib/libcitro3d.a(mtx_orthotilt.o)
                0x0000000000106d4c                Mtx_OrthoTilt
 .text._ZL21addrMapNodeComparatorPK11rbtree_nodeS1_
                0x0000000000106e18       0x24 /opt/devkitpro/libctru/lib/libctru.a(vram.o)
 .text._ZL21addrMapNodeDestructorP11rbtree_node
                0x0000000000106e3c        0x4 /opt/devkitpro/libctru/lib/libctru.a(vram.o)
 .text.vramMemAlign
                0x0000000000106e40      0x110 /opt/devkitpro/libctru/lib/libctru.a(vram.o)
                0x0000000000106e40                vramMemAlign
 .text.vramAlloc
                0x0000000000106f50        0x8 /opt/devkitpro/libctru/lib/libctru.a(vram.o)
                0x0000000000106f50                vramAlloc
 .text.vramFree
                0x0000000000106f58       0x50 /opt/devkitpro/libctru/lib/libctru.a(vram.o)
                0x0000000000106f58                vramFree
 .text._ZL21addrMapNodeComparatorPK11rbtree_nodeS1_
                0x0000000000106fa8       0x24 /opt/devkitpro/libctru/lib/libctru.a(linear.o)
 .text._ZL21addrMapNodeDestructorP11rbtree_node
                0x0000000000106fcc        0x4 /opt/devkitpro/libctru/lib/libctru.a(linear.o)
 .text.linearMemAlign
                0x0000000000106fd0      0x11c /opt/devkitpro/libctru/lib/libctru.a(linear.o)
                0x0000000000106fd0                linearMemAlign
 .text.linearAlloc
                0x00000000001070ec        0x8 /opt/devkitpro/libctru/lib/libctru.a(linear.o)
                0x00000000001070ec                linearAlloc
 .text.linearFree
                0x00000000001070f4       0x50 /opt/devkitpro/libctru/lib/libctru.a(linear.o)
                0x00000000001070f4                linearFree
 .text._ZN7MemPool13CoalesceRightEP8MemBlock
                0x0000000000107144       0x90 /opt/devkitpro/libctru/lib/libctru.a(mem_pool.o)
                0x0000000000107144                MemPool::CoalesceRight(MemBlock*)
 .text._ZN7MemPool8AllocateER8MemChunkmi
                0x00000000001071d4      0x174 /opt/devkitpro/libctru/lib/libctru.a(mem_pool.o)
                0x00000000001071d4                MemPool::Allocate(MemChunk&, unsigned long, int)
 .text._ZN7MemPool10DeallocateERK8MemChunk
                0x0000000000107348       0xfc /opt/devkitpro/libctru/lib/libctru.a(mem_pool.o)
                0x0000000000107348                MemPool::Deallocate(MemChunk const&)
 .text.romfs_close
                0x0000000000107444        0x8 /opt/devkitpro/libctru/lib/libctru.a(romfs_dev.o)
 .text.romfs_seek
                0x000000000010744c       0xbc /opt/devkitpro/libctru/lib/libctru.a(romfs_dev.o)
 .text.romfs_dirreset
                0x0000000000107508       0x28 /opt/devkitpro/libctru/lib/libctru.a(romfs_dev.o)
 .text.romfs_fstat
                0x0000000000107530       0x78 /opt/devkitpro/libctru/lib/libctru.a(romfs_dev.o)
 .text._romfs_read_chk
                0x00000000001075a8       0x54 /opt/devkitpro/libctru/lib/libctru.a(romfs_dev.o)
 .text.romfs_read
                0x00000000001075fc       0xdc /opt/devkitpro/libctru/lib/libctru.a(romfs_dev.o)
 .text.romfs_free
                0x00000000001076d8       0x84 /opt/devkitpro/libctru/lib/libctru.a(romfs_dev.o)
 .text.romfsMountCommon
                0x000000000010775c      0x16c /opt/devkitpro/libctru/lib/libctru.a(romfs_dev.o)
 .text.romfs_dirnext
                0x00000000001078c8      0x250 /opt/devkitpro/libctru/lib/libctru.a(romfs_dev.o)
 .text.romfsInitMtime.isra.4
                0x0000000000107b18       0xbc /opt/devkitpro/libctru/lib/libctru.a(romfs_dev.o)
 .text.searchForFile.constprop.7
                0x0000000000107bd4       0xb4 /opt/devkitpro/libctru/lib/libctru.a(romfs_dev.o)
 .text.searchForDir.constprop.8
                0x0000000000107c88       0xb8 /opt/devkitpro/libctru/lib/libctru.a(romfs_dev.o)
 .text.navigateToDir.constprop.6
                0x0000000000107d40      0x1b4 /opt/devkitpro/libctru/lib/libctru.a(romfs_dev.o)
 .text.romfs_open
                0x0000000000107ef4      0x120 /opt/devkitpro/libctru/lib/libctru.a(romfs_dev.o)
 .text.romfs_stat
                0x0000000000108014      0x208 /opt/devkitpro/libctru/lib/libctru.a(romfs_dev.o)
 .text.romfs_chdir
                0x000000000010821c       0x54 /opt/devkitpro/libctru/lib/libctru.a(romfs_dev.o)
 .text.romfs_diropen
                0x0000000000108270       0x78 /opt/devkitpro/libctru/lib/libctru.a(romfs_dev.o)
 .text.romfs_dirclose
                0x00000000001082e8        0x8 /opt/devkitpro/libctru/lib/libctru.a(romfs_dev.o)
 .text.romfsMount
                0x00000000001082f0      0x340 /opt/devkitpro/libctru/lib/libctru.a(romfs_dev.o)
                0x00000000001082f0                romfsMount
 .text.getSysTime
                0x0000000000108630       0x58 /opt/devkitpro/libctru/lib/libctru.a(os.o)
 .text.__ctru_speedup_config.part.0
                0x0000000000108688       0x28 /opt/devkitpro/libctru/lib/libctru.a(os.o)
 .text.osConvertVirtToPhys
                0x00000000001086b0       0x4c /opt/devkitpro/libctru/lib/libctru.a(os.o)
                0x00000000001086b0                osConvertVirtToPhys
 .text.osGetMemRegionUsed
                0x00000000001086fc       0x24 /opt/devkitpro/libctru/lib/libctru.a(os.o)
                0x00000000001086fc                osGetMemRegionUsed
 .text.__libctru_gtod
                0x0000000000108720      0x128 /opt/devkitpro/libctru/lib/libctru.a(os.o)
                0x0000000000108720                __libctru_gtod
 .text.osGetTime
                0x0000000000108848       0x78 /opt/devkitpro/libctru/lib/libctru.a(os.o)
                0x0000000000108848                osGetTime
 .text.__ctru_speedup_config
                0x00000000001088c0       0x18 /opt/devkitpro/libctru/lib/libctru.a(os.o)
                0x00000000001088c0                __ctru_speedup_config
 .text.fontEnsureMapped
                0x00000000001088d8       0xbc /opt/devkitpro/libctru/lib/libctru.a(font.o)
                0x00000000001088d8                fontEnsureMapped
 .text.fontGlyphIndexFromCodePoint
                0x0000000000108994       0xdc /opt/devkitpro/libctru/lib/libctru.a(font.o)
                0x0000000000108994                fontGlyphIndexFromCodePoint
 .text.fontCalcGlyphPos
                0x0000000000108a70      0x1d8 /opt/devkitpro/libctru/lib/libctru.a(font.o)
                0x0000000000108a70                fontCalcGlyphPos
 .text.gfxSetFramebufferInfo.part.0
                0x0000000000108c48       0x8c /opt/devkitpro/libctru/lib/libctru.a(gfx.o)
 .text.gfxSetFramebufferInfo
                0x0000000000108cd4       0x6c /opt/devkitpro/libctru/lib/libctru.a(gfx.o)
 .text.gfxGetFramebuffer.part.1
                0x0000000000108d40       0x58 /opt/devkitpro/libctru/lib/libctru.a(gfx.o)
 .text.gfxIs3D  0x0000000000108d98       0x10 /opt/devkitpro/libctru/lib/libctru.a(gfx.o)
                0x0000000000108d98                gfxIs3D
 .text.__get_bytes_per_pixel
                0x0000000000108da8       0x18 /opt/devkitpro/libctru/lib/libctru.a(gfx.o)
                0x0000000000108da8                __get_bytes_per_pixel
 .text.gfxSetScreenFormat
                0x0000000000108dc0      0x184 /opt/devkitpro/libctru/lib/libctru.a(gfx.o)
                0x0000000000108dc0                gfxSetScreenFormat
 .text.gfxInit  0x0000000000108f44      0x210 /opt/devkitpro/libctru/lib/libctru.a(gfx.o)
                0x0000000000108f44                gfxInit
 .text.gfxInitDefault
                0x0000000000109154       0x10 /opt/devkitpro/libctru/lib/libctru.a(gfx.o)
                0x0000000000109154                gfxInitDefault
 .text.gfxExit  0x0000000000109164       0xe0 /opt/devkitpro/libctru/lib/libctru.a(gfx.o)
                0x0000000000109164                gfxExit
 .text.gfxGetFramebuffer
                0x0000000000109244       0x60 /opt/devkitpro/libctru/lib/libctru.a(gfx.o)
                0x0000000000109244                gfxGetFramebuffer
 .text.gfxConfigScreen
                0x00000000001092a4       0xf8 /opt/devkitpro/libctru/lib/libctru.a(gfx.o)
                0x00000000001092a4                gfxConfigScreen
 .text.shaderInstanceInit
                0x000000000010939c      0x1ec /opt/devkitpro/libctru/lib/libctru.a(shaderProgram.o)
                0x000000000010939c                shaderInstanceInit
 .text.shaderInstanceFree
                0x0000000000109588       0x34 /opt/devkitpro/libctru/lib/libctru.a(shaderProgram.o)
                0x0000000000109588                shaderInstanceFree
 .text.shaderInstanceGetUniformLocation
                0x00000000001095bc       0x18 /opt/devkitpro/libctru/lib/libctru.a(shaderProgram.o)
                0x00000000001095bc                shaderInstanceGetUniformLocation
 .text.shaderProgramInit
                0x00000000001095d4       0x18 /opt/devkitpro/libctru/lib/libctru.a(shaderProgram.o)
                0x00000000001095d4                shaderProgramInit
 .text.shaderProgramFree
                0x00000000001095ec       0x2c /opt/devkitpro/libctru/lib/libctru.a(shaderProgram.o)
                0x00000000001095ec                shaderProgramFree
 .text.shaderProgramSetVsh
                0x0000000000109618       0x6c /opt/devkitpro/libctru/lib/libctru.a(shaderProgram.o)
                0x0000000000109618                shaderProgramSetVsh
 .text.shaderProgramConfigure
                0x0000000000109684      0x8d4 /opt/devkitpro/libctru/lib/libctru.a(shaderProgram.o)
                0x0000000000109684                shaderProgramConfigure
 .text.DVLE_GenerateOutmap.part.0
                0x0000000000109f58      0x1f8 /opt/devkitpro/libctru/lib/libctru.a(shbin.o)
 .text.DVLB_ParseFile
                0x000000000010a150      0x1cc /opt/devkitpro/libctru/lib/libctru.a(shbin.o)
                0x000000000010a150                DVLB_ParseFile
 .text.DVLB_Free
                0x000000000010a31c       0x38 /opt/devkitpro/libctru/lib/libctru.a(shbin.o)
                0x000000000010a31c                DVLB_Free
 .text.DVLE_GetUniformRegister
                0x000000000010a354       0x78 /opt/devkitpro/libctru/lib/libctru.a(shbin.o)
                0x000000000010a354                DVLE_GetUniformRegister
 .text.submitGxCommand
                0x000000000010a3cc       0x38 /opt/devkitpro/libctru/lib/libctru.a(gx.o)
 .text.GX_BindQueue
                0x000000000010a404       0x10 /opt/devkitpro/libctru/lib/libctru.a(gx.o)
                0x000000000010a404                GX_BindQueue
 .text.GX_ProcessCommandList
                0x000000000010a414       0x50 /opt/devkitpro/libctru/lib/libctru.a(gx.o)
                0x000000000010a414                GX_ProcessCommandList
 .text.GX_MemoryFill
                0x000000000010a464       0x54 /opt/devkitpro/libctru/lib/libctru.a(gx.o)
                0x000000000010a464                GX_MemoryFill
 .text.GX_DisplayTransfer
                0x000000000010a4b8       0x48 /opt/devkitpro/libctru/lib/libctru.a(gx.o)
                0x000000000010a4b8                GX_DisplayTransfer
 .text.GX_TextureCopy
                0x000000000010a500       0x4c /opt/devkitpro/libctru/lib/libctru.a(gx.o)
                0x000000000010a500                GX_TextureCopy
 .text.gxCmdQueueDoCommands.part.0
                0x000000000010a54c       0x74 /opt/devkitpro/libctru/lib/libctru.a(gxqueue.o)
 .text.gxCmdQueueInterrupt
                0x000000000010a5c0       0xc8 /opt/devkitpro/libctru/lib/libctru.a(gxqueue.o)
                0x000000000010a5c0                gxCmdQueueInterrupt
 .text.gxCmdQueueClear
                0x000000000010a688       0x4c /opt/devkitpro/libctru/lib/libctru.a(gxqueue.o)
                0x000000000010a688                gxCmdQueueClear
 .text.gxCmdQueueAdd
                0x000000000010a6d4       0xf8 /opt/devkitpro/libctru/lib/libctru.a(gxqueue.o)
                0x000000000010a6d4                gxCmdQueueAdd
 .text.gxCmdQueueRun
                0x000000000010a7cc       0x80 /opt/devkitpro/libctru/lib/libctru.a(gxqueue.o)
                0x000000000010a7cc                gxCmdQueueRun
 .text.gxCmdQueueStop
                0x000000000010a84c       0x60 /opt/devkitpro/libctru/lib/libctru.a(gxqueue.o)
                0x000000000010a84c                gxCmdQueueStop
 .text.gxCmdQueueWait
                0x000000000010a8ac       0x84 /opt/devkitpro/libctru/lib/libctru.a(gxqueue.o)
                0x000000000010a8ac                gxCmdQueueWait
 .text.GPUCMD_Add
                0x000000000010a930      0x138 /opt/devkitpro/libctru/lib/libctru.a(gpu.o)
                0x000000000010a930                GPUCMD_Add
 .text.GPUCMD_Split
                0x000000000010aa68       0xb0 /opt/devkitpro/libctru/lib/libctru.a(gpu.o)
                0x000000000010aa68                GPUCMD_Split
 .text.f32tof16
                0x000000000010ab18       0x34 /opt/devkitpro/libctru/lib/libctru.a(gpu.o)
                0x000000000010ab18                f32tof16
 .text.f32tof24
                0x000000000010ab4c       0x34 /opt/devkitpro/libctru/lib/libctru.a(gpu.o)
                0x000000000010ab4c                f32tof24
 .text.f32tof31
                0x000000000010ab80       0x38 /opt/devkitpro/libctru/lib/libctru.a(gpu.o)
                0x000000000010ab80                f32tof31
 .text.gspInit  0x000000000010abb8       0x74 /opt/devkitpro/libctru/lib/libctru.a(gspgpu.o)
                0x000000000010abb8                gspInit
 .text.gspExit  0x000000000010ac2c       0x3c /opt/devkitpro/libctru/lib/libctru.a(gspgpu.o)
                0x000000000010ac2c                gspExit
 .text.gspSetEventCallback
                0x000000000010ac68       0x34 /opt/devkitpro/libctru/lib/libctru.a(gspgpu.o)
                0x000000000010ac68                gspSetEventCallback
 .text.gspInitEventHandler
                0x000000000010ac9c       0xa0 /opt/devkitpro/libctru/lib/libctru.a(gspgpu.o)
                0x000000000010ac9c                gspInitEventHandler
 .text.gspExitEventHandler
                0x000000000010ad3c       0x40 /opt/devkitpro/libctru/lib/libctru.a(gspgpu.o)
                0x000000000010ad3c                gspExitEventHandler
 .text.gspWaitForEvent
                0x000000000010ad7c       0x44 /opt/devkitpro/libctru/lib/libctru.a(gspgpu.o)
                0x000000000010ad7c                gspWaitForEvent
 .text.gspWaitForAnyEvent
                0x000000000010adc0       0x64 /opt/devkitpro/libctru/lib/libctru.a(gspgpu.o)
                0x000000000010adc0                gspWaitForAnyEvent
 .text.gspEventThreadMain
                0x000000000010ae24      0x178 /opt/devkitpro/libctru/lib/libctru.a(gspgpu.o)
 .text.gspSubmitGxCommand
                0x000000000010af9c      0x120 /opt/devkitpro/libctru/lib/libctru.a(gspgpu.o)
                0x000000000010af9c                gspSubmitGxCommand
 .text.GSPGPU_SetBufferSwap
                0x000000000010b0bc       0x6c /opt/devkitpro/libctru/lib/libctru.a(gspgpu.o)
                0x000000000010b0bc                GSPGPU_SetBufferSwap
 .text.GSPGPU_FlushDataCache
                0x000000000010b128       0x4c /opt/devkitpro/libctru/lib/libctru.a(gspgpu.o)
                0x000000000010b128                GSPGPU_FlushDataCache
 .text.GSPGPU_SetLcdForceBlack
                0x000000000010b174       0x34 /opt/devkitpro/libctru/lib/libctru.a(gspgpu.o)
                0x000000000010b174                GSPGPU_SetLcdForceBlack
 .text.GSPGPU_RegisterInterruptRelayQueue
                0x000000000010b1a8       0x64 /opt/devkitpro/libctru/lib/libctru.a(gspgpu.o)
                0x000000000010b1a8                GSPGPU_RegisterInterruptRelayQueue
 .text.GSPGPU_UnregisterInterruptRelayQueue
                0x000000000010b20c       0x2c /opt/devkitpro/libctru/lib/libctru.a(gspgpu.o)
                0x000000000010b20c                GSPGPU_UnregisterInterruptRelayQueue
 .text.GSPGPU_AcquireRight
                0x000000000010b238       0x48 /opt/devkitpro/libctru/lib/libctru.a(gspgpu.o)
                0x000000000010b238                GSPGPU_AcquireRight
 .text.GSPGPU_ReleaseRight
                0x000000000010b280       0x2c /opt/devkitpro/libctru/lib/libctru.a(gspgpu.o)
                0x000000000010b280                GSPGPU_ReleaseRight
 .text.GSPGPU_ImportDisplayCaptureInfo
                0x000000000010b2ac       0x80 /opt/devkitpro/libctru/lib/libctru.a(gspgpu.o)
                0x000000000010b2ac                GSPGPU_ImportDisplayCaptureInfo
 .text.GSPGPU_SaveVramSysArea
                0x000000000010b32c       0x2c /opt/devkitpro/libctru/lib/libctru.a(gspgpu.o)
                0x000000000010b32c                GSPGPU_SaveVramSysArea
 .text.GSPGPU_RestoreVramSysArea
                0x000000000010b358       0x2c /opt/devkitpro/libctru/lib/libctru.a(gspgpu.o)
                0x000000000010b358                GSPGPU_RestoreVramSysArea
 .text.fsSessionForArchive.part.0
                0x000000000010b384       0x28 /opt/devkitpro/libctru/lib/libctru.a(fs.o)
 .text.fsInit   0x000000000010b3ac       0xc4 /opt/devkitpro/libctru/lib/libctru.a(fs.o)
                0x000000000010b3ac                fsInit
 .text.fsExit   0x000000000010b470       0x3c /opt/devkitpro/libctru/lib/libctru.a(fs.o)
                0x000000000010b470                fsExit
 .text.fsExemptFromSession
                0x000000000010b4ac       0x64 /opt/devkitpro/libctru/lib/libctru.a(fs.o)
                0x000000000010b4ac                fsExemptFromSession
 .text.fsUnexemptFromSession
                0x000000000010b510       0x54 /opt/devkitpro/libctru/lib/libctru.a(fs.o)
                0x000000000010b510                fsUnexemptFromSession
 .text.FSUSER_OpenFile
                0x000000000010b564       0xbc /opt/devkitpro/libctru/lib/libctru.a(fs.o)
                0x000000000010b564                FSUSER_OpenFile
 .text.FSUSER_OpenFileDirectly
                0x000000000010b620       0xd4 /opt/devkitpro/libctru/lib/libctru.a(fs.o)
                0x000000000010b620                FSUSER_OpenFileDirectly
 .text.FSUSER_DeleteFile
                0x000000000010b6f4       0xa4 /opt/devkitpro/libctru/lib/libctru.a(fs.o)
                0x000000000010b6f4                FSUSER_DeleteFile
 .text.FSUSER_RenameFile
                0x000000000010b798       0xdc /opt/devkitpro/libctru/lib/libctru.a(fs.o)
                0x000000000010b798                FSUSER_RenameFile
 .text.FSUSER_DeleteDirectory
                0x000000000010b874       0xa4 /opt/devkitpro/libctru/lib/libctru.a(fs.o)
                0x000000000010b874                FSUSER_DeleteDirectory
 .text.FSUSER_CreateFile
                0x000000000010b918       0xbc /opt/devkitpro/libctru/lib/libctru.a(fs.o)
                0x000000000010b918                FSUSER_CreateFile
 .text.FSUSER_CreateDirectory
                0x000000000010b9d4       0xac /opt/devkitpro/libctru/lib/libctru.a(fs.o)
                0x000000000010b9d4                FSUSER_CreateDirectory
 .text.FSUSER_RenameDirectory
                0x000000000010ba80       0xdc /opt/devkitpro/libctru/lib/libctru.a(fs.o)
                0x000000000010ba80                FSUSER_RenameDirectory
 .text.FSUSER_OpenDirectory
                0x000000000010bb5c       0xa0 /opt/devkitpro/libctru/lib/libctru.a(fs.o)
                0x000000000010bb5c                FSUSER_OpenDirectory
 .text.FSUSER_OpenArchive
                0x000000000010bbfc       0x98 /opt/devkitpro/libctru/lib/libctru.a(fs.o)
                0x000000000010bbfc                FSUSER_OpenArchive
 .text.FSUSER_ControlArchive
                0x000000000010bc94       0x98 /opt/devkitpro/libctru/lib/libctru.a(fs.o)
                0x000000000010bc94                FSUSER_ControlArchive
 .text.FSUSER_CloseArchive
                0x000000000010bd2c       0x70 /opt/devkitpro/libctru/lib/libctru.a(fs.o)
                0x000000000010bd2c                FSUSER_CloseArchive
 .text.FSUSER_GetSdmcArchiveResource
                0x000000000010bd9c       0x78 /opt/devkitpro/libctru/lib/libctru.a(fs.o)
                0x000000000010bd9c                FSUSER_GetSdmcArchiveResource
 .text.FSUSER_IsSdmcWritable
                0x000000000010be14       0x64 /opt/devkitpro/libctru/lib/libctru.a(fs.o)
                0x000000000010be14                FSUSER_IsSdmcWritable
 .text.FSFILE_Read
                0x000000000010be78       0x58 /opt/devkitpro/libctru/lib/libctru.a(fs.o)
                0x000000000010be78                FSFILE_Read
 .text.FSFILE_Write
                0x000000000010bed0       0x64 /opt/devkitpro/libctru/lib/libctru.a(fs.o)
                0x000000000010bed0                FSFILE_Write
 .text.FSFILE_GetSize
                0x000000000010bf34       0x38 /opt/devkitpro/libctru/lib/libctru.a(fs.o)
                0x000000000010bf34                FSFILE_GetSize
 .text.FSFILE_SetSize
                0x000000000010bf6c       0x28 /opt/devkitpro/libctru/lib/libctru.a(fs.o)
                0x000000000010bf6c                FSFILE_SetSize
 .text.FSFILE_Close
                0x000000000010bf94       0x3c /opt/devkitpro/libctru/lib/libctru.a(fs.o)
                0x000000000010bf94                FSFILE_Close
 .text.FSFILE_Flush
                0x000000000010bfd0       0x24 /opt/devkitpro/libctru/lib/libctru.a(fs.o)
                0x000000000010bfd0                FSFILE_Flush
 .text.FSDIR_Read
                0x000000000010bff4       0x54 /opt/devkitpro/libctru/lib/libctru.a(fs.o)
                0x000000000010bff4                FSDIR_Read
 .text.FSDIR_Close
                0x000000000010c048       0x3c /opt/devkitpro/libctru/lib/libctru.a(fs.o)
                0x000000000010c048                FSDIR_Close
 .text._aptDebug
                0x000000000010c084        0x4 /opt/devkitpro/libctru/lib/libctru.a(apt.o)
                0x000000000010c084                _aptDebug
 .text.aptSendCommand
                0x000000000010c088      0x170 /opt/devkitpro/libctru/lib/libctru.a(apt.o)
                0x000000000010c088                aptSendCommand
 .text.aptExitProcess
                0x000000000010c1f8       0x3c /opt/devkitpro/libctru/lib/libctru.a(apt.o)
 .text.aptHook  0x000000000010c234       0x34 /opt/devkitpro/libctru/lib/libctru.a(apt.o)
                0x000000000010c234                aptHook
 .text.aptUnhook
                0x000000000010c268       0x2c /opt/devkitpro/libctru/lib/libctru.a(apt.o)
                0x000000000010c268                aptUnhook
 .text.APT_InquireNotification
                0x000000000010c294       0x4c /opt/devkitpro/libctru/lib/libctru.a(apt.o)
                0x000000000010c294                APT_InquireNotification
 .text.aptEventHandler
                0x000000000010c2e0      0x198 /opt/devkitpro/libctru/lib/libctru.a(apt.o)
 .text.APT_AppletUtility
                0x000000000010c478       0x74 /opt/devkitpro/libctru/lib/libctru.a(apt.o)
                0x000000000010c478                APT_AppletUtility
 .text.aptSetSleepAllowed
                0x000000000010c4ec       0xb0 /opt/devkitpro/libctru/lib/libctru.a(apt.o)
                0x000000000010c4ec                aptSetSleepAllowed
 .text.APT_GlanceParameter
                0x000000000010c59c       0xb0 /opt/devkitpro/libctru/lib/libctru.a(apt.o)
                0x000000000010c59c                APT_GlanceParameter
 .text.APT_ReceiveParameter
                0x000000000010c64c       0xc4 /opt/devkitpro/libctru/lib/libctru.a(apt.o)
                0x000000000010c64c                APT_ReceiveParameter
 .text.aptReceiveParameter.constprop.0
                0x000000000010c710       0xbc /opt/devkitpro/libctru/lib/libctru.a(apt.o)
 *fill*         0x000000000010c7cc        0x4 
 .text.aptScreenTransfer
                0x000000000010c7d0      0x1e0 /opt/devkitpro/libctru/lib/libctru.a(apt.o)
 .text.aptWaitForWakeUp
                0x000000000010c9b0      0x210 /opt/devkitpro/libctru/lib/libctru.a(apt.o)
 .text.APT_CancelParameter
                0x000000000010cbc0       0x70 /opt/devkitpro/libctru/lib/libctru.a(apt.o)
                0x000000000010cbc0                APT_CancelParameter
 .text.aptInit  0x000000000010cc30      0x25c /opt/devkitpro/libctru/lib/libctru.a(apt.o)
                0x000000000010cc30                aptInit
 .text.aptClearParamQueue
                0x000000000010ce8c       0x88 /opt/devkitpro/libctru/lib/libctru.a(apt.o)
 .text.aptMainLoop
                0x000000000010cf14      0x208 /opt/devkitpro/libctru/lib/libctru.a(apt.o)
                0x000000000010cf14                aptMainLoop
 *fill*         0x000000000010d11c        0x4 
 .text.aptExit  0x000000000010d120      0x23c /opt/devkitpro/libctru/lib/libctru.a(apt.o)
                0x000000000010d120                aptExit
 .text.APT_CheckNew3DS
                0x000000000010d35c       0x7c /opt/devkitpro/libctru/lib/libctru.a(apt.o)
                0x000000000010d35c                APT_CheckNew3DS
 .text.APT_GetSharedFont
                0x000000000010d3d8       0x48 /opt/devkitpro/libctru/lib/libctru.a(apt.o)
                0x000000000010d3d8                APT_GetSharedFont
 .text.hidCheckSectionUpdateTime.part.0
                0x000000000010d420       0x28 /opt/devkitpro/libctru/lib/libctru.a(hid.o)
 .text.hidExit  0x000000000010d448       0xd0 /opt/devkitpro/libctru/lib/libctru.a(hid.o)
                0x000000000010d448                hidExit
 .text.hidScanInput
                0x000000000010d518      0x210 /opt/devkitpro/libctru/lib/libctru.a(hid.o)
                0x000000000010d518                hidScanInput
 .text.hidKeysDown
                0x000000000010d728       0x10 /opt/devkitpro/libctru/lib/libctru.a(hid.o)
                0x000000000010d728                hidKeysDown
 .text.hidTouchRead
                0x000000000010d738       0x18 /opt/devkitpro/libctru/lib/libctru.a(hid.o)
                0x000000000010d738                hidTouchRead
 .text.HIDUSER_GetHandles
                0x000000000010d750       0x90 /opt/devkitpro/libctru/lib/libctru.a(hid.o)
                0x000000000010d750                HIDUSER_GetHandles
 .text.hidInit  0x000000000010d7e0      0x1a4 /opt/devkitpro/libctru/lib/libctru.a(hid.o)
                0x000000000010d7e0                hidInit
 .text.ptmSysmInit
                0x000000000010d984       0x74 /opt/devkitpro/libctru/lib/libctru.a(ptmsysm.o)
                0x000000000010d984                ptmSysmInit
 .text.ptmSysmExit
                0x000000000010d9f8       0x3c /opt/devkitpro/libctru/lib/libctru.a(ptmsysm.o)
                0x000000000010d9f8                ptmSysmExit
 .text.PTMSYSM_ConfigureNew3DSCPU
                0x000000000010da34       0x34 /opt/devkitpro/libctru/lib/libctru.a(ptmsysm.o)
                0x000000000010da34                PTMSYSM_ConfigureNew3DSCPU
 .text.iov_memmove
                0x000000000010da68      0x128 /opt/devkitpro/libctru/lib/libctru.a(decompress.o)
 .text.buffer_read
                0x000000000010db90       0xd8 /opt/devkitpro/libctru/lib/libctru.a(decompress.o)
 .text.iov_read
                0x000000000010dc68       0xdc /opt/devkitpro/libctru/lib/libctru.a(decompress.o)
 .text.decompress_lzss
                0x000000000010dd44      0x268 /opt/devkitpro/libctru/lib/libctru.a(decompress.o)
 .text.decompress_huff.isra.1.part.2
                0x000000000010dfac      0x2c4 /opt/devkitpro/libctru/lib/libctru.a(decompress.o)
 .text.decompress_rle
                0x000000000010e270      0x1d4 /opt/devkitpro/libctru/lib/libctru.a(decompress.o)
 .text.decompress_lz11
                0x000000000010e444      0x444 /opt/devkitpro/libctru/lib/libctru.a(decompress.o)
 .text.decompressCallback_Stdio
                0x000000000010e888       0x14 /opt/devkitpro/libctru/lib/libctru.a(decompress.o)
                0x000000000010e888                decompressCallback_Stdio
 .text.decompressHeader
                0x000000000010e89c       0xe8 /opt/devkitpro/libctru/lib/libctru.a(decompress.o)
                0x000000000010e89c                decompressHeader
 .text.decompressV
                0x000000000010e984      0x268 /opt/devkitpro/libctru/lib/libctru.a(decompress.o)
                0x000000000010e984                decompressV
 .text.rbtree_init
                0x000000000010ebec       0x14 /opt/devkitpro/libctru/lib/libctru.a(rbtree_init.o)
                0x000000000010ebec                rbtree_init
 .text.do_insert
                0x000000000010ec00      0x18c /opt/devkitpro/libctru/lib/libctru.a(rbtree_insert.o)
 .text.rbtree_insert
                0x000000000010ed8c        0x8 /opt/devkitpro/libctru/lib/libctru.a(rbtree_insert.o)
                0x000000000010ed8c                rbtree_insert
 .text.rbtree_rotate
                0x000000000010ed94       0x90 /opt/devkitpro/libctru/lib/libctru.a(rbtree_rotate.o)
                0x000000000010ed94                rbtree_rotate
 .text.rbtree_remove
                0x000000000010ee24      0x330 /opt/devkitpro/libctru/lib/libctru.a(rbtree_remove.o)
                0x000000000010ee24                rbtree_remove
 .text.rbtree_find
                0x000000000010f154       0x74 /opt/devkitpro/libctru/lib/libctru.a(rbtree_find.o)
                0x000000000010f154                rbtree_find
 .text.utf8_to_utf16
                0x000000000010f1c8       0xc0 /opt/devkitpro/libctru/lib/libctru.a(utf8_to_utf16.o)
                0x000000000010f1c8                utf8_to_utf16
 .text.decode_utf8
                0x000000000010f288      0x138 /opt/devkitpro/libctru/lib/libctru.a(decode_utf8.o)
                0x000000000010f288                decode_utf8
 .text.utf16_to_utf8
                0x000000000010f3c0       0xe8 /opt/devkitpro/libctru/lib/libctru.a(utf16_to_utf8.o)
                0x000000000010f3c0                utf16_to_utf8
 .text.__libctru_init
                0x000000000010f4a8       0x38 /opt/devkitpro/libctru/lib/libctru.a(initSystem.o)
                0x000000000010f4a8                __libctru_init
 .text.__libctru_nanosleep
                0x000000000010f4e0       0x38 /opt/devkitpro/libctru/lib/libctru.a(syscalls.o)
 .text.__ctru_get_reent
                0x000000000010f518       0x30 /opt/devkitpro/libctru/lib/libctru.a(syscalls.o)
 .text.__system_initSyscalls
                0x000000000010f548       0xfc /opt/devkitpro/libctru/lib/libctru.a(syscalls.o)
                0x000000000010f548                __system_initSyscalls
 .text.__system_allocateHeaps
                0x000000000010f644      0x104 /opt/devkitpro/libctru/lib/libctru.a(allocateHeaps.o)
                0x000000000010f644                __system_allocateHeaps
 .text.__system_initArgv
                0x000000000010f748       0xf0 /opt/devkitpro/libctru/lib/libctru.a(initArgv.o)
                0x000000000010f748                __system_initArgv
 .text.svcControlMemory
                0x000000000010f838       0x20 /opt/devkitpro/libctru/lib/libctru.a(svc.o)
                0x000000000010f838                svcControlMemory
 .text.svcExitProcess
                0x000000000010f858        0x8 /opt/devkitpro/libctru/lib/libctru.a(svc.o)
                0x000000000010f858                svcExitProcess
 .text.svcCreateThread
                0x000000000010f860       0x20 /opt/devkitpro/libctru/lib/libctru.a(svc.o)
                0x000000000010f860                svcCreateThread
 .text.svcExitThread
                0x000000000010f880        0x8 /opt/devkitpro/libctru/lib/libctru.a(svc.o)
                0x000000000010f880                svcExitThread
 .text.svcSleepThread
                0x000000000010f888        0x8 /opt/devkitpro/libctru/lib/libctru.a(svc.o)
                0x000000000010f888                svcSleepThread
 .text.svcReleaseMutex
                0x000000000010f890        0x8 /opt/devkitpro/libctru/lib/libctru.a(svc.o)
                0x000000000010f890                svcReleaseMutex
 .text.svcCreateEvent
                0x000000000010f898       0x14 /opt/devkitpro/libctru/lib/libctru.a(svc.o)
                0x000000000010f898                svcCreateEvent
 .text.svcSignalEvent
                0x000000000010f8ac        0x8 /opt/devkitpro/libctru/lib/libctru.a(svc.o)
                0x000000000010f8ac                svcSignalEvent
 .text.svcClearEvent
                0x000000000010f8b4        0x8 /opt/devkitpro/libctru/lib/libctru.a(svc.o)
                0x000000000010f8b4                svcClearEvent
 .text.svcMapMemoryBlock
                0x000000000010f8bc        0x8 /opt/devkitpro/libctru/lib/libctru.a(svc.o)
                0x000000000010f8bc                svcMapMemoryBlock
 .text.svcUnmapMemoryBlock
                0x000000000010f8c4        0x8 /opt/devkitpro/libctru/lib/libctru.a(svc.o)
                0x000000000010f8c4                svcUnmapMemoryBlock
 .text.svcCreateAddressArbiter
                0x000000000010f8cc       0x14 /opt/devkitpro/libctru/lib/libctru.a(svc.o)
                0x000000000010f8cc                svcCreateAddressArbiter
 .text.svcArbitrateAddress
                0x000000000010f8e0       0x18 /opt/devkitpro/libctru/lib/libctru.a(svc.o)
                0x000000000010f8e0                svcArbitrateAddress
 .text.svcCloseHandle
                0x000000000010f8f8        0x8 /opt/devkitpro/libctru/lib/libctru.a(svc.o)
                0x000000000010f8f8                svcCloseHandle
 .text.svcWaitSynchronization
                0x000000000010f900        0x8 /opt/devkitpro/libctru/lib/libctru.a(svc.o)
                0x000000000010f900                svcWaitSynchronization
 .text.svcWaitSynchronizationN
                0x000000000010f908       0x28 /opt/devkitpro/libctru/lib/libctru.a(svc.o)
                0x000000000010f908                svcWaitSynchronizationN
 .text.svcDuplicateHandle
                0x000000000010f930       0x14 /opt/devkitpro/libctru/lib/libctru.a(svc.o)
                0x000000000010f930                svcDuplicateHandle
 .text.svcGetSystemTick
                0x000000000010f944        0x8 /opt/devkitpro/libctru/lib/libctru.a(svc.o)
                0x000000000010f944                svcGetSystemTick
 .text.svcGetSystemInfo
                0x000000000010f94c       0x18 /opt/devkitpro/libctru/lib/libctru.a(svc.o)
                0x000000000010f94c                svcGetSystemInfo
 .text.svcConnectToPort
                0x000000000010f964       0x14 /opt/devkitpro/libctru/lib/libctru.a(svc.o)
                0x000000000010f964                svcConnectToPort
 .text.svcSendSyncRequest
                0x000000000010f978        0x8 /opt/devkitpro/libctru/lib/libctru.a(svc.o)
                0x000000000010f978                svcSendSyncRequest
 .text.svcBreak
                0x000000000010f980        0x8 /opt/devkitpro/libctru/lib/libctru.a(svc.o)
                0x000000000010f980                svcBreak
 .text._ZL21addrMapNodeComparatorPK11rbtree_nodeS1_
                0x000000000010f988       0x24 /opt/devkitpro/libctru/lib/libctru.a(mappable.o)
 .text._ZL21addrMapNodeDestructorP11rbtree_node
                0x000000000010f9ac        0x4 /opt/devkitpro/libctru/lib/libctru.a(mappable.o)
 .text.mappableAlloc
                0x000000000010f9b0       0xe4 /opt/devkitpro/libctru/lib/libctru.a(mappable.o)
                0x000000000010f9b0                mappableAlloc
 .text.mappableFree
                0x000000000010fa94       0x50 /opt/devkitpro/libctru/lib/libctru.a(mappable.o)
                0x000000000010fa94                mappableFree
 .text.LightLock_Unlock.part.1
                0x000000000010fae4       0x38 /opt/devkitpro/libctru/lib/libctru.a(synchronization.o)
 .text.__sync_init
                0x000000000010fb1c        0xc /opt/devkitpro/libctru/lib/libctru.a(synchronization.o)
                0x000000000010fb1c                __sync_init
 .text.__sync_fini
                0x000000000010fb28       0x18 /opt/devkitpro/libctru/lib/libctru.a(synchronization.o)
                0x000000000010fb28                __sync_fini
 .text.__sync_get_arbiter
                0x000000000010fb40       0x10 /opt/devkitpro/libctru/lib/libctru.a(synchronization.o)
                0x000000000010fb40                __sync_get_arbiter
 .text.LightLock_Init
                0x000000000010fb50       0x18 /opt/devkitpro/libctru/lib/libctru.a(synchronization.o)
                0x000000000010fb50                LightLock_Init
 .text.LightLock_Lock
                0x000000000010fb68       0x9c /opt/devkitpro/libctru/lib/libctru.a(synchronization.o)
                0x000000000010fb68                LightLock_Lock
 .text.LightLock_TryLock
                0x000000000010fc04       0x34 /opt/devkitpro/libctru/lib/libctru.a(synchronization.o)
                0x000000000010fc04                LightLock_TryLock
 .text.LightLock_Unlock
                0x000000000010fc38       0x20 /opt/devkitpro/libctru/lib/libctru.a(synchronization.o)
                0x000000000010fc38                LightLock_Unlock
 .text.RecursiveLock_Init
                0x000000000010fc58       0x24 /opt/devkitpro/libctru/lib/libctru.a(synchronization.o)
                0x000000000010fc58                RecursiveLock_Init
 .text.RecursiveLock_Lock
                0x000000000010fc7c       0x30 /opt/devkitpro/libctru/lib/libctru.a(synchronization.o)
                0x000000000010fc7c                RecursiveLock_Lock
 .text.RecursiveLock_TryLock
                0x000000000010fcac       0x58 /opt/devkitpro/libctru/lib/libctru.a(synchronization.o)
                0x000000000010fcac                RecursiveLock_TryLock
 .text.RecursiveLock_Unlock
                0x000000000010fd04       0x38 /opt/devkitpro/libctru/lib/libctru.a(synchronization.o)
                0x000000000010fd04                RecursiveLock_Unlock
 .text.LightEvent_Init
                0x000000000010fd3c       0x38 /opt/devkitpro/libctru/lib/libctru.a(synchronization.o)
                0x000000000010fd3c                LightEvent_Init
 .text.LightEvent_Clear
                0x000000000010fd74       0x7c /opt/devkitpro/libctru/lib/libctru.a(synchronization.o)
                0x000000000010fd74                LightEvent_Clear
 .text.LightEvent_Signal
                0x000000000010fdf0       0xdc /opt/devkitpro/libctru/lib/libctru.a(synchronization.o)
                0x000000000010fdf0                LightEvent_Signal
 .text.LightEvent_Wait
                0x000000000010fecc       0xc0 /opt/devkitpro/libctru/lib/libctru.a(synchronization.o)
                0x000000000010fecc                LightEvent_Wait
 .text.envGetHandle
                0x000000000010ff8c       0x80 /opt/devkitpro/libctru/lib/libctru.a(env.o)
                0x000000000010ff8c                envGetHandle
 .text.envDestroyHandles
                0x000000000011000c       0x4c /opt/devkitpro/libctru/lib/libctru.a(env.o)
                0x000000000011000c                envDestroyHandles
 .text.srvExit  0x0000000000110058       0x58 /opt/devkitpro/libctru/lib/libctru.a(srv.o)
                0x0000000000110058                srvExit
 .text.srvRegisterClient
                0x00000000001100b0       0x38 /opt/devkitpro/libctru/lib/libctru.a(srv.o)
                0x00000000001100b0                srvRegisterClient
 .text.srvInit  0x00000000001100e8       0xc8 /opt/devkitpro/libctru/lib/libctru.a(srv.o)
                0x00000000001100e8                srvInit
 .text.srvGetServiceHandleDirect
                0x00000000001101b0       0x80 /opt/devkitpro/libctru/lib/libctru.a(srv.o)
                0x00000000001101b0                srvGetServiceHandleDirect
 .text.srvGetServiceHandle
                0x0000000000110230       0x38 /opt/devkitpro/libctru/lib/libctru.a(srv.o)
                0x0000000000110230                srvGetServiceHandle
 .text.threadFree.part.0
                0x0000000000110268       0x1c /opt/devkitpro/libctru/lib/libctru.a(thread.o)
 .text.threadCreate
                0x0000000000110284      0x194 /opt/devkitpro/libctru/lib/libctru.a(thread.o)
                0x0000000000110284                threadCreate
 .text.threadJoin
                0x0000000000110418       0x24 /opt/devkitpro/libctru/lib/libctru.a(thread.o)
                0x0000000000110418                threadJoin
 .text.threadExit
                0x000000000011043c       0x68 /opt/devkitpro/libctru/lib/libctru.a(thread.o)
                0x000000000011043c                threadExit
 .text._thread_begin
                0x00000000001104a4       0x48 /opt/devkitpro/libctru/lib/libctru.a(thread.o)
 .text.irrstScanInput
                0x00000000001104ec       0xac /opt/devkitpro/libctru/lib/libctru.a(irrst.o)
                0x00000000001104ec                irrstScanInput
 .text.irrstKeysHeld
                0x0000000000110598       0x24 /opt/devkitpro/libctru/lib/libctru.a(irrst.o)
                0x0000000000110598                irrstKeysHeld
 .text.IRRST_GetHandles
                0x00000000001105bc       0x50 /opt/devkitpro/libctru/lib/libctru.a(irrst.o)
                0x00000000001105bc                IRRST_GetHandles
 .text.irrstInit
                0x000000000011060c      0x154 /opt/devkitpro/libctru/lib/libctru.a(irrst.o)
                0x000000000011060c                irrstInit
 .text.IRRST_Shutdown
                0x0000000000110760       0x2c /opt/devkitpro/libctru/lib/libctru.a(irrst.o)
                0x0000000000110760                IRRST_Shutdown
 .text.irrstExit
                0x000000000011078c       0xac /opt/devkitpro/libctru/lib/libctru.a(irrst.o)
                0x000000000011078c                irrstExit
 .text.srvPmGetSessionHandle
                0x0000000000110838        0xc /opt/devkitpro/libctru/lib/libctru.a(srvpm.o)
                0x0000000000110838                srvPmGetSessionHandle
 .text.rbtree_node_next
                0x0000000000110844       0x78 /opt/devkitpro/libctru/lib/libctru.a(rbtree_iterator.o)
                0x0000000000110844                rbtree_node_next
 .text.encode_utf16
                0x00000000001108bc       0x68 /opt/devkitpro/libctru/lib/libctru.a(encode_utf16.o)
                0x00000000001108bc                encode_utf16
 .text.encode_utf8
                0x0000000000110924      0x104 /opt/devkitpro/libctru/lib/libctru.a(encode_utf8.o)
                0x0000000000110924                encode_utf8
 .text.decode_utf16
                0x0000000000110a28       0x60 /opt/devkitpro/libctru/lib/libctru.a(decode_utf16.o)
                0x0000000000110a28                decode_utf16
 .text.__appInit
                0x0000000000110a88       0x1c /opt/devkitpro/libctru/lib/libctru.a(appInit.o)
                0x0000000000110a88                __appInit
 .text.__appExit
                0x0000000000110aa4       0x1c /opt/devkitpro/libctru/lib/libctru.a(appExit.o)
                0x0000000000110aa4                __appExit
 .text.__libctru_exit
                0x0000000000110ac0       0xa0 /opt/devkitpro/libctru/lib/libctru.a(ctru_exit.o)
                0x0000000000110ac0                __libctru_exit
 .text.sdmc_link
                0x0000000000110b60       0x10 /opt/devkitpro/libctru/lib/libctru.a(sdmc_dev.o)
 .text.sdmc_dirreset
                0x0000000000110b70       0x10 /opt/devkitpro/libctru/lib/libctru.a(sdmc_dev.o)
 .text.sdmc_chmod
                0x0000000000110b80       0x10 /opt/devkitpro/libctru/lib/libctru.a(sdmc_dev.o)
 .text.error_cmp
                0x0000000000110b90       0x24 /opt/devkitpro/libctru/lib/libctru.a(sdmc_dev.o)
 .text.sdmc_translate_error
                0x0000000000110bb4       0x50 /opt/devkitpro/libctru/lib/libctru.a(sdmc_dev.o)
 .text.sdmc_fsync
                0x0000000000110c04       0x34 /opt/devkitpro/libctru/lib/libctru.a(sdmc_dev.o)
 .text.sdmc_ftruncate
                0x0000000000110c38       0x54 /opt/devkitpro/libctru/lib/libctru.a(sdmc_dev.o)
 .text.sdmc_statvfs
                0x0000000000110c8c       0xb8 /opt/devkitpro/libctru/lib/libctru.a(sdmc_dev.o)
 .text.sdmc_dirclose
                0x0000000000110d44       0x38 /opt/devkitpro/libctru/lib/libctru.a(sdmc_dev.o)
 .text.sdmc_dirnext
                0x0000000000110d7c      0x12c /opt/devkitpro/libctru/lib/libctru.a(sdmc_dev.o)
 .text.sdmc_close
                0x0000000000110ea8       0x34 /opt/devkitpro/libctru/lib/libctru.a(sdmc_dev.o)
 .text.sdmc_fstat
                0x0000000000110edc       0x74 /opt/devkitpro/libctru/lib/libctru.a(sdmc_dev.o)
 .text.sdmc_seek
                0x0000000000110f50       0xd8 /opt/devkitpro/libctru/lib/libctru.a(sdmc_dev.o)
 .text.sdmc_read
                0x0000000000111028       0x84 /opt/devkitpro/libctru/lib/libctru.a(sdmc_dev.o)
 .text.sdmc_write
                0x00000000001110ac       0xc0 /opt/devkitpro/libctru/lib/libctru.a(sdmc_dev.o)
 .text.sdmc_utf16path
                0x000000000011116c      0x1b0 /opt/devkitpro/libctru/lib/libctru.a(sdmc_dev.o)
 .text.sdmc_rmdir
                0x000000000011131c       0x74 /opt/devkitpro/libctru/lib/libctru.a(sdmc_dev.o)
 .text.sdmc_diropen
                0x0000000000111390       0xa4 /opt/devkitpro/libctru/lib/libctru.a(sdmc_dev.o)
 .text.sdmc_chdir
                0x0000000000111434       0xb0 /opt/devkitpro/libctru/lib/libctru.a(sdmc_dev.o)
 .text.sdmc_mkdir
                0x00000000001114e4       0x94 /opt/devkitpro/libctru/lib/libctru.a(sdmc_dev.o)
 .text.sdmc_rename
                0x0000000000111578      0x108 /opt/devkitpro/libctru/lib/libctru.a(sdmc_dev.o)
 .text.sdmc_unlink
                0x0000000000111680       0x74 /opt/devkitpro/libctru/lib/libctru.a(sdmc_dev.o)
 .text.sdmc_stat
                0x00000000001116f4      0x108 /opt/devkitpro/libctru/lib/libctru.a(sdmc_dev.o)
 .text.sdmc_open
                0x00000000001117fc      0x198 /opt/devkitpro/libctru/lib/libctru.a(sdmc_dev.o)
 .text.sdmc_fchmod
                0x0000000000111994       0x10 /opt/devkitpro/libctru/lib/libctru.a(sdmc_dev.o)
 .text.sdmcInit
                0x00000000001119a4      0x168 /opt/devkitpro/libctru/lib/libctru.a(sdmc_dev.o)
                0x00000000001119a4                sdmcInit
 .text.sdmcExit
                0x0000000000111b0c       0x60 /opt/devkitpro/libctru/lib/libctru.a(sdmc_dev.o)
                0x0000000000111b0c                sdmcExit
 .text.__aeabi_read_tp
                0x0000000000111b6c        0xc /opt/devkitpro/libctru/lib/libctru.a(readtp.o)
                0x0000000000111b6c                __aeabi_read_tp
 .text.cosf     0x0000000000111b78      0x234 /opt/devkitpro/devkitARM/lib/gcc/arm-none-eabi/8.3.0/../../../../arm-none-eabi/lib/armv6k/fpu/libm.a(lib_a-cosf.o)
                0x0000000000111b78                cosf
 .text.with_errnof
                0x0000000000111dac       0x24 /opt/devkitpro/devkitARM/lib/gcc/arm-none-eabi/8.3.0/../../../../arm-none-eabi/lib/armv6k/fpu/libm.a(lib_a-math_errf.o)
 .text.__math_invalidf
                0x0000000000111dd0       0x1c /opt/devkitpro/devkitARM/lib/gcc/arm-none-eabi/8.3.0/../../../../arm-none-eabi/lib/armv6k/fpu/libm.a(lib_a-math_errf.o)
                0x0000000000111dd0                __math_invalidf
 .text.ceilf    0x0000000000111dec       0xb4 /opt/devkitpro/devkitARM/lib/gcc/arm-none-eabi/8.3.0/../../../../arm-none-eabi/lib/armv6k/fpu/libm.a(lib_a-sf_ceil.o)
                0x0000000000111dec                ceilf
 .text.sinf     0x0000000000111ea0      0x250 /opt/devkitpro/devkitARM/lib/gcc/arm-none-eabi/8.3.0/../../../../arm-none-eabi/lib/armv6k/fpu/libm.a(lib_a-sinf.o)
                0x0000000000111ea0                sinf
 .text.sqrt     0x00000000001120f0       0xf0 /opt/devkitpro/devkitARM/lib/gcc/arm-none-eabi/8.3.0/../../../../arm-none-eabi/lib/armv6k/fpu/libm.a(lib_a-w_sqrt.o)
                0x00000000001120f0                sqrt
 .text.__ieee754_sqrt
                0x00000000001121e0        0x8 /opt/devkitpro/devkitARM/lib/gcc/arm-none-eabi/8.3.0/../../../../arm-none-eabi/lib/armv6k/fpu/libm.a(lib_a-e_sqrt.o)
                0x00000000001121e0                __ieee754_sqrt
 .text.matherr  0x00000000001121e8        0x8 /opt/devkitpro/devkitARM/lib/gcc/arm-none-eabi/8.3.0/../../../../arm-none-eabi/lib/armv6k/fpu/libm.a(lib_a-s_matherr.o)
                0x00000000001121e8                matherr
 .text.__fixdfdi
                0x00000000001121f0       0x2c /opt/devkitpro/devkitARM/lib/gcc/arm-none-eabi/8.3.0/armv6k/fpu/libgcc.a(_fixdfdi.o)
                0x00000000001121f0                __aeabi_d2lz
                0x00000000001121f0                __fixdfdi
 *fill*         0x000000000011221c        0x4 
 .text.__fixunsdfdi
                0x0000000000112220       0x40 /opt/devkitpro/devkitARM/lib/gcc/arm-none-eabi/8.3.0/armv6k/fpu/libgcc.a(_fixunsdfdi.o)
                0x0000000000112220                __aeabi_d2ulz
                0x0000000000112220                __fixunsdfdi
 .text.__udivmoddi4
                0x0000000000112260      0x128 /opt/devkitpro/devkitARM/lib/gcc/arm-none-eabi/8.3.0/armv6k/fpu/libgcc.a(_udivmoddi4.o)
                0x0000000000112260                __udivmoddi4
 .text.atoi     0x0000000000112388        0xc /opt/devkitpro/devkitARM/lib/gcc/arm-none-eabi/8.3.0/../../../../arm-none-eabi/lib/armv6k/fpu/libg.a(lib_a-atoi.o)
                0x0000000000112388                atoi
 .text.bsearch  0x0000000000112394       0x7c /opt/devkitpro/devkitARM/lib/gcc/arm-none-eabi/8.3.0/../../../../arm-none-eabi/lib/armv6k/fpu/libg.a(lib_a-bsearch.o)
                0x0000000000112394                bsearch
 .text.calloc   0x0000000000112410       0x20 /opt/devkitpro/devkitARM/lib/gcc/arm-none-eabi/8.3.0/../../../../arm-none-eabi/lib/armv6k/fpu/libg.a(lib_a-calloc.o)
                0x0000000000112410                calloc
 .text._calloc_r
                0x0000000000112430       0x94 /opt/devkitpro/devkitARM/lib/gcc/arm-none-eabi/8.3.0/../../../../arm-none-eabi/lib/armv6k/fpu/libg.a(lib_a-callocr.o)
                0x0000000000112430                _calloc_r
 .text.__errno  0x00000000001124c4        0xc /opt/devkitpro/devkitARM/lib/gcc/arm-none-eabi/8.3.0/../../../../arm-none-eabi/lib/armv6k/fpu/libg.a(lib_a-errno.o)
                0x00000000001124c4                __errno
 .text._fclose_r
                0x00000000001124d0      0x160 /opt/devkitpro/devkitARM/lib/gcc/arm-none-eabi/8.3.0/../../../../arm-none-eabi/lib/armv6k/fpu/libg.a(lib_a-fclose.o)
                0x00000000001124d0                _fclose_r
 .text.fclose   0x0000000000112630       0x18 /opt/devkitpro/devkitARM/lib/gcc/arm-none-eabi/8.3.0/../../../../arm-none-eabi/lib/armv6k/fpu/libg.a(lib_a-fclose.o)
                0x0000000000112630                fclose
 .text.__sflush_r
                0x0000000000112648      0x270 /opt/devkitpro/devkitARM/lib/gcc/arm-none-eabi/8.3.0/../../../../arm-none-eabi/lib/armv6k/fpu/libg.a(lib_a-fflush.o)
                0x0000000000112648                __sflush_r
 .text._fflush_r
                0x00000000001128b8       0x94 /opt/devkitpro/devkitARM/lib/gcc/arm-none-eabi/8.3.0/../../../../arm-none-eabi/lib/armv6k/fpu/libg.a(lib_a-fflush.o)
                0x00000000001128b8                _fflush_r
 .text.fflush   0x000000000011294c       0x38 /opt/devkitpro/devkitARM/lib/gcc/arm-none-eabi/8.3.0/../../../../arm-none-eabi/lib/armv6k/fpu/libg.a(lib_a-fflush.o)
                0x000000000011294c                fflush
 .text.std      0x0000000000112984       0x78 /opt/devkitpro/devkitARM/lib/gcc/arm-none-eabi/8.3.0/../../../../arm-none-eabi/lib/armv6k/fpu/libg.a(lib_a-findfp.o)
 .text._cleanup_r
                0x00000000001129fc        0xc /opt/devkitpro/devkitARM/lib/gcc/arm-none-eabi/8.3.0/../../../../arm-none-eabi/lib/armv6k/fpu/libg.a(lib_a-findfp.o)
                0x00000000001129fc                _cleanup_r
 .text.__sfmoreglue
                0x0000000000112a08       0x48 /opt/devkitpro/devkitARM/lib/gcc/arm-none-eabi/8.3.0/../../../../arm-none-eabi/lib/armv6k/fpu/libg.a(lib_a-findfp.o)
                0x0000000000112a08                __sfmoreglue
 .text.__sinit  0x0000000000112a50       0x8c /opt/devkitpro/devkitARM/lib/gcc/arm-none-eabi/8.3.0/../../../../arm-none-eabi/lib/armv6k/fpu/libg.a(lib_a-findfp.o)
                0x0000000000112a50                __sinit
 .text.__sfp    0x0000000000112adc      0x110 /opt/devkitpro/devkitARM/lib/gcc/arm-none-eabi/8.3.0/../../../../arm-none-eabi/lib/armv6k/fpu/libg.a(lib_a-findfp.o)
                0x0000000000112adc                __sfp
 .text.__sfp_lock_acquire
                0x0000000000112bec        0xc /opt/devkitpro/devkitARM/lib/gcc/arm-none-eabi/8.3.0/../../../../arm-none-eabi/lib/armv6k/fpu/libg.a(lib_a-findfp.o)
                0x0000000000112bec                __sfp_lock_acquire
 .text.__sfp_lock_release
                0x0000000000112bf8        0xc /opt/devkitpro/devkitARM/lib/gcc/arm-none-eabi/8.3.0/../../../../arm-none-eabi/lib/armv6k/fpu/libg.a(lib_a-findfp.o)
                0x0000000000112bf8                __sfp_lock_release
 .text.__libc_fini_array
                0x0000000000112c04       0x40 /opt/devkitpro/devkitARM/lib/gcc/arm-none-eabi/8.3.0/../../../../arm-none-eabi/lib/armv6k/fpu/libg.a(lib_a-fini.o)
                0x0000000000112c04                __libc_fini_array
 .text._fopen_r
                0x0000000000112c44      0x13c /opt/devkitpro/devkitARM/lib/gcc/arm-none-eabi/8.3.0/../../../../arm-none-eabi/lib/armv6k/fpu/libg.a(lib_a-fopen.o)
                0x0000000000112c44                _fopen_r
 .text.fopen    0x0000000000112d80       0x20 /opt/devkitpro/devkitARM/lib/gcc/arm-none-eabi/8.3.0/../../../../arm-none-eabi/lib/armv6k/fpu/libg.a(lib_a-fopen.o)
                0x0000000000112d80                fopen
 .text._fread_r
                0x0000000000112da0      0x308 /opt/devkitpro/devkitARM/lib/gcc/arm-none-eabi/8.3.0/../../../../arm-none-eabi/lib/armv6k/fpu/libg.a(lib_a-fread.o)
                0x0000000000112da0                _fread_r
 .text.fread    0x00000000001130a8       0x38 /opt/devkitpro/devkitARM/lib/gcc/arm-none-eabi/8.3.0/../../../../arm-none-eabi/lib/armv6k/fpu/libg.a(lib_a-fread.o)
                0x00000000001130a8                fread
 .text._malloc_trim_r
                0x00000000001130e0       0xf8 /opt/devkitpro/devkitARM/lib/gcc/arm-none-eabi/8.3.0/../../../../arm-none-eabi/lib/armv6k/fpu/libg.a(lib_a-freer.o)
                0x00000000001130e0                _malloc_trim_r
 .text._free_r  0x00000000001131d8      0x2e4 /opt/devkitpro/devkitARM/lib/gcc/arm-none-eabi/8.3.0/../../../../arm-none-eabi/lib/armv6k/fpu/libg.a(lib_a-freer.o)
                0x00000000001131d8                _free_r
 .text._fseek_r
                0x00000000001134bc       0x1c /opt/devkitpro/devkitARM/lib/gcc/arm-none-eabi/8.3.0/../../../../arm-none-eabi/lib/armv6k/fpu/libg.a(lib_a-fseek.o)
                0x00000000001134bc                _fseek_r
 .text.fseek    0x00000000001134d8       0x34 /opt/devkitpro/devkitARM/lib/gcc/arm-none-eabi/8.3.0/../../../../arm-none-eabi/lib/armv6k/fpu/libg.a(lib_a-fseek.o)
                0x00000000001134d8                fseek
 .text._fseeko_r
                0x000000000011350c      0x5d0 /opt/devkitpro/devkitARM/lib/gcc/arm-none-eabi/8.3.0/../../../../arm-none-eabi/lib/armv6k/fpu/libg.a(lib_a-fseeko.o)
                0x000000000011350c                _fseeko_r
 .text.ftell    0x0000000000113adc       0x34 /opt/devkitpro/devkitARM/lib/gcc/arm-none-eabi/8.3.0/../../../../arm-none-eabi/lib/armv6k/fpu/libg.a(lib_a-ftell.o)
                0x0000000000113adc                ftell
 .text._ftello_r
                0x0000000000113b10      0x1bc /opt/devkitpro/devkitARM/lib/gcc/arm-none-eabi/8.3.0/../../../../arm-none-eabi/lib/armv6k/fpu/libg.a(lib_a-ftello.o)
                0x0000000000113b10                _ftello_r
 .text._fwalk   0x0000000000113ccc       0x78 /opt/devkitpro/devkitARM/lib/gcc/arm-none-eabi/8.3.0/../../../../arm-none-eabi/lib/armv6k/fpu/libg.a(lib_a-fwalk.o)
                0x0000000000113ccc                _fwalk
 .text._fwalk_reent
                0x0000000000113d44       0x80 /opt/devkitpro/devkitARM/lib/gcc/arm-none-eabi/8.3.0/../../../../arm-none-eabi/lib/armv6k/fpu/libg.a(lib_a-fwalk.o)
                0x0000000000113d44                _fwalk_reent
 .text.__libc_init_array
                0x0000000000113dc4       0x7c /opt/devkitpro/devkitARM/lib/gcc/arm-none-eabi/8.3.0/../../../../arm-none-eabi/lib/armv6k/fpu/libg.a(lib_a-init.o)
                0x0000000000113dc4                __libc_init_array
 .text.__swhatbuf_r
                0x0000000000113e40       0x94 /opt/devkitpro/devkitARM/lib/gcc/arm-none-eabi/8.3.0/../../../../arm-none-eabi/lib/armv6k/fpu/libg.a(lib_a-makebuf.o)
                0x0000000000113e40                __swhatbuf_r
 .text.__smakebuf_r
                0x0000000000113ed4       0xf4 /opt/devkitpro/devkitARM/lib/gcc/arm-none-eabi/8.3.0/../../../../arm-none-eabi/lib/armv6k/fpu/libg.a(lib_a-makebuf.o)
                0x0000000000113ed4                __smakebuf_r
 .text.memalign
                0x0000000000113fc8       0x20 /opt/devkitpro/devkitARM/lib/gcc/arm-none-eabi/8.3.0/../../../../arm-none-eabi/lib/armv6k/fpu/libg.a(lib_a-malign.o)
                0x0000000000113fc8                memalign
 .text._memalign_r
                0x0000000000113fe8      0x14c /opt/devkitpro/devkitARM/lib/gcc/arm-none-eabi/8.3.0/../../../../arm-none-eabi/lib/armv6k/fpu/libg.a(lib_a-malignr.o)
                0x0000000000113fe8                _memalign_r
 .text.malloc   0x0000000000114134       0x18 /opt/devkitpro/devkitARM/lib/gcc/arm-none-eabi/8.3.0/../../../../arm-none-eabi/lib/armv6k/fpu/libg.a(lib_a-malloc.o)
                0x0000000000114134                malloc
 .text.free     0x000000000011414c       0x18 /opt/devkitpro/devkitARM/lib/gcc/arm-none-eabi/8.3.0/../../../../arm-none-eabi/lib/armv6k/fpu/libg.a(lib_a-malloc.o)
                0x000000000011414c                free
 .text._malloc_r
                0x0000000000114164      0x7d8 /opt/devkitpro/devkitARM/lib/gcc/arm-none-eabi/8.3.0/../../../../arm-none-eabi/lib/armv6k/fpu/libg.a(lib_a-mallocr.o)
                0x0000000000114164                _malloc_r
 .text.memcmp   0x000000000011493c       0xfc /opt/devkitpro/devkitARM/lib/gcc/arm-none-eabi/8.3.0/../../../../arm-none-eabi/lib/armv6k/fpu/libg.a(lib_a-memcmp.o)
                0x000000000011493c                memcmp
 .text.memcpy   0x0000000000114a38      0x118 /opt/devkitpro/devkitARM/lib/gcc/arm-none-eabi/8.3.0/../../../../arm-none-eabi/lib/armv6k/fpu/libg.a(lib_a-memcpy-stub.o)
                0x0000000000114a38                memcpy
 .text.memset   0x0000000000114b50      0x114 /opt/devkitpro/devkitARM/lib/gcc/arm-none-eabi/8.3.0/../../../../arm-none-eabi/lib/armv6k/fpu/libg.a(lib_a-memset.o)
                0x0000000000114b50                memset
 .text.__malloc_lock
                0x0000000000114c64        0xc /opt/devkitpro/devkitARM/lib/gcc/arm-none-eabi/8.3.0/../../../../arm-none-eabi/lib/armv6k/fpu/libg.a(lib_a-mlock.o)
                0x0000000000114c64                __malloc_lock
 .text.__malloc_unlock
                0x0000000000114c70        0xc /opt/devkitpro/devkitARM/lib/gcc/arm-none-eabi/8.3.0/../../../../arm-none-eabi/lib/armv6k/fpu/libg.a(lib_a-mlock.o)
                0x0000000000114c70                __malloc_unlock
 .text.printf   0x0000000000114c7c       0x38 /opt/devkitpro/devkitARM/lib/gcc/arm-none-eabi/8.3.0/../../../../arm-none-eabi/lib/armv6k/fpu/libg.a(lib_a-printf.o)
                0x0000000000114c7c                printf
 .text.qsort    0x0000000000114cb4      0x934 /opt/devkitpro/devkitARM/lib/gcc/arm-none-eabi/8.3.0/../../../../arm-none-eabi/lib/armv6k/fpu/libg.a(lib_a-qsort.o)
                0x0000000000114cb4                qsort
 .text._realloc_r
                0x00000000001155e8      0x4bc /opt/devkitpro/devkitARM/lib/gcc/arm-none-eabi/8.3.0/../../../../arm-none-eabi/lib/armv6k/fpu/libg.a(lib_a-reallocr.o)
                0x00000000001155e8                _realloc_r
 .text.lflush   0x0000000000115aa4       0x1c /opt/devkitpro/devkitARM/lib/gcc/arm-none-eabi/8.3.0/../../../../arm-none-eabi/lib/armv6k/fpu/libg.a(lib_a-refill.o)
 .text.__srefill_r
                0x0000000000115ac0      0x1ac /opt/devkitpro/devkitARM/lib/gcc/arm-none-eabi/8.3.0/../../../../arm-none-eabi/lib/armv6k/fpu/libg.a(lib_a-refill.o)
                0x0000000000115ac0                __srefill_r
 .text.sprintf  0x0000000000115c6c       0x64 /opt/devkitpro/devkitARM/lib/gcc/arm-none-eabi/8.3.0/../../../../arm-none-eabi/lib/armv6k/fpu/libg.a(lib_a-sprintf.o)
                0x0000000000115c6c                sprintf
 .text.__sread  0x0000000000115cd0       0x3c /opt/devkitpro/devkitARM/lib/gcc/arm-none-eabi/8.3.0/../../../../arm-none-eabi/lib/armv6k/fpu/libg.a(lib_a-stdio.o)
                0x0000000000115cd0                __sread
 .text.__swrite
                0x0000000000115d0c       0x68 /opt/devkitpro/devkitARM/lib/gcc/arm-none-eabi/8.3.0/../../../../arm-none-eabi/lib/armv6k/fpu/libg.a(lib_a-stdio.o)
                0x0000000000115d0c                __swrite
 .text.__sseek  0x0000000000115d74       0x48 /opt/devkitpro/devkitARM/lib/gcc/arm-none-eabi/8.3.0/../../../../arm-none-eabi/lib/armv6k/fpu/libg.a(lib_a-stdio.o)
                0x0000000000115d74                __sseek
 .text.__sclose
                0x0000000000115dbc        0x8 /opt/devkitpro/devkitARM/lib/gcc/arm-none-eabi/8.3.0/../../../../arm-none-eabi/lib/armv6k/fpu/libg.a(lib_a-stdio.o)
                0x0000000000115dbc                __sclose
 .text.strchr   0x0000000000115dc4      0x180 /opt/devkitpro/devkitARM/lib/gcc/arm-none-eabi/8.3.0/../../../../arm-none-eabi/lib/armv6k/fpu/libg.a(lib_a-strchr.o)
                0x0000000000115dc4                strchr
 .text.strcpy   0x0000000000115f44       0xf0 /opt/devkitpro/devkitARM/lib/gcc/arm-none-eabi/8.3.0/../../../../arm-none-eabi/lib/armv6k/fpu/libg.a(lib_a-strcpy.o)
                0x0000000000115f44                strcpy
 .text.strlen   0x0000000000116034       0x5c /opt/devkitpro/devkitARM/lib/gcc/arm-none-eabi/8.3.0/../../../../arm-none-eabi/lib/armv6k/fpu/libg.a(lib_a-strlen-stub.o)
                0x0000000000116034                strlen
 .text.strncat  0x0000000000116090       0x98 /opt/devkitpro/devkitARM/lib/gcc/arm-none-eabi/8.3.0/../../../../arm-none-eabi/lib/armv6k/fpu/libg.a(lib_a-strncat.o)
                0x0000000000116090                strncat
 .text.strncmp  0x0000000000116128      0x10c /opt/devkitpro/devkitARM/lib/gcc/arm-none-eabi/8.3.0/../../../../arm-none-eabi/lib/armv6k/fpu/libg.a(lib_a-strncmp.o)
                0x0000000000116128                strncmp
 .text.strncpy  0x0000000000116234       0xe0 /opt/devkitpro/devkitARM/lib/gcc/arm-none-eabi/8.3.0/../../../../arm-none-eabi/lib/armv6k/fpu/libg.a(lib_a-strncpy.o)
                0x0000000000116234                strncpy
 .text.strnlen  0x0000000000116314       0x5c /opt/devkitpro/devkitARM/lib/gcc/arm-none-eabi/8.3.0/../../../../arm-none-eabi/lib/armv6k/fpu/libg.a(lib_a-strnlen.o)
                0x0000000000116314                strnlen
 .text.two_way_long_needle
                0x0000000000116370      0x494 /opt/devkitpro/devkitARM/lib/gcc/arm-none-eabi/8.3.0/../../../../arm-none-eabi/lib/armv6k/fpu/libg.a(lib_a-strstr.o)
 .text.strstr   0x0000000000116804      0x264 /opt/devkitpro/devkitARM/lib/gcc/arm-none-eabi/8.3.0/../../../../arm-none-eabi/lib/armv6k/fpu/libg.a(lib_a-strstr.o)
                0x0000000000116804                strstr
 .text._strtol_l.isra.0
                0x0000000000116a68      0x1bc /opt/devkitpro/devkitARM/lib/gcc/arm-none-eabi/8.3.0/../../../../arm-none-eabi/lib/armv6k/fpu/libg.a(lib_a-strtol.o)
 .text.strtol   0x0000000000116c24       0x28 /opt/devkitpro/devkitARM/lib/gcc/arm-none-eabi/8.3.0/../../../../arm-none-eabi/lib/armv6k/fpu/libg.a(lib_a-strtol.o)
                0x0000000000116c24                strtol
 .text.get_arg  0x0000000000116c4c      0x620 /opt/devkitpro/devkitARM/lib/gcc/arm-none-eabi/8.3.0/../../../../arm-none-eabi/lib/armv6k/fpu/libg.a(lib_a-svfprintf.o)
 *fill*         0x000000000011726c        0x4 
 .text._svfprintf_r
                0x0000000000117270     0x35c0 /opt/devkitpro/devkitARM/lib/gcc/arm-none-eabi/8.3.0/../../../../arm-none-eabi/lib/armv6k/fpu/libg.a(lib_a-svfprintf.o)
                0x0000000000117270                _svfprintf_r
 .text.time     0x000000000011a830       0x3c /opt/devkitpro/devkitARM/lib/gcc/arm-none-eabi/8.3.0/../../../../arm-none-eabi/lib/armv6k/fpu/libg.a(lib_a-time.o)
                0x000000000011a830                time
 .text.get_arg  0x000000000011a86c      0x620 /opt/devkitpro/devkitARM/lib/gcc/arm-none-eabi/8.3.0/../../../../arm-none-eabi/lib/armv6k/fpu/libg.a(lib_a-vfprintf.o)
 *fill*         0x000000000011ae8c        0x4 
 .text._vfprintf_r
                0x000000000011ae90     0x373c /opt/devkitpro/devkitARM/lib/gcc/arm-none-eabi/8.3.0/../../../../arm-none-eabi/lib/armv6k/fpu/libg.a(lib_a-vfprintf.o)
                0x000000000011ae90                _vfprintf_r
 .text.__sbprintf
                0x000000000011e5cc       0xd0 /opt/devkitpro/devkitARM/lib/gcc/arm-none-eabi/8.3.0/../../../../arm-none-eabi/lib/armv6k/fpu/libg.a(lib_a-vfprintf.o)
 .text._wcrtomb_r
                0x000000000011e69c       0x54 /opt/devkitpro/devkitARM/lib/gcc/arm-none-eabi/8.3.0/../../../../arm-none-eabi/lib/armv6k/fpu/libg.a(lib_a-wcrtomb.o)
                0x000000000011e69c                _wcrtomb_r
 .text._wcsrtombs_r
                0x000000000011e6f0       0x20 /opt/devkitpro/devkitARM/lib/gcc/arm-none-eabi/8.3.0/../../../../arm-none-eabi/lib/armv6k/fpu/libg.a(lib_a-wcsrtombs.o)
                0x000000000011e6f0                _wcsrtombs_r
 .text.__swsetup_r
                0x000000000011e710      0x150 /opt/devkitpro/devkitARM/lib/gcc/arm-none-eabi/8.3.0/../../../../arm-none-eabi/lib/armv6k/fpu/libg.a(lib_a-wsetup.o)
                0x000000000011e710                __swsetup_r
 .text.quorem   0x000000000011e860      0x1c8 /opt/devkitpro/devkitARM/lib/gcc/arm-none-eabi/8.3.0/../../../../arm-none-eabi/lib/armv6k/fpu/libg.a(lib_a-dtoa.o)
 .text._dtoa_r  0x000000000011ea28     0x12ec /opt/devkitpro/devkitARM/lib/gcc/arm-none-eabi/8.3.0/../../../../arm-none-eabi/lib/armv6k/fpu/libg.a(lib_a-dtoa.o)
                0x000000000011ea28                _dtoa_r
 .text.__sflags
                0x000000000011fd14       0xb4 /opt/devkitpro/devkitARM/lib/gcc/arm-none-eabi/8.3.0/../../../../arm-none-eabi/lib/armv6k/fpu/libg.a(lib_a-flags.o)
                0x000000000011fd14                __sflags
 .text._localeconv_r
                0x000000000011fdc8        0xc /opt/devkitpro/devkitARM/lib/gcc/arm-none-eabi/8.3.0/../../../../arm-none-eabi/lib/armv6k/fpu/libg.a(lib_a-localeconv.o)
                0x000000000011fdc8                _localeconv_r
 .text.__locale_mb_cur_max
                0x000000000011fdd4       0x10 /opt/devkitpro/devkitARM/lib/gcc/arm-none-eabi/8.3.0/../../../../arm-none-eabi/lib/armv6k/fpu/libg.a(lib_a-locale.o)
                0x000000000011fdd4                __locale_mb_cur_max
 .text.__utf8_mbtowc
                0x000000000011fde4      0x2fc /opt/devkitpro/devkitARM/lib/gcc/arm-none-eabi/8.3.0/../../../../arm-none-eabi/lib/armv6k/fpu/libg.a(lib_a-mbtowc_r.o)
                0x000000000011fde4                __utf8_mbtowc
 .text.memchr   0x00000000001200e0      0x100 /opt/devkitpro/devkitARM/lib/gcc/arm-none-eabi/8.3.0/../../../../arm-none-eabi/lib/armv6k/fpu/libg.a(lib_a-memchr-stub.o)
                0x00000000001200e0                memchr
 .text.memmove  0x00000000001201e0      0x154 /opt/devkitpro/devkitARM/lib/gcc/arm-none-eabi/8.3.0/../../../../arm-none-eabi/lib/armv6k/fpu/libg.a(lib_a-memmove.o)
                0x00000000001201e0                memmove
 .text._Balloc  0x0000000000120334       0x88 /opt/devkitpro/devkitARM/lib/gcc/arm-none-eabi/8.3.0/../../../../arm-none-eabi/lib/armv6k/fpu/libg.a(lib_a-mprec.o)
                0x0000000000120334                _Balloc
 .text._Bfree   0x00000000001203bc       0x1c /opt/devkitpro/devkitARM/lib/gcc/arm-none-eabi/8.3.0/../../../../arm-none-eabi/lib/armv6k/fpu/libg.a(lib_a-mprec.o)
                0x00000000001203bc                _Bfree
 .text.__multadd
                0x00000000001203d8       0xe0 /opt/devkitpro/devkitARM/lib/gcc/arm-none-eabi/8.3.0/../../../../arm-none-eabi/lib/armv6k/fpu/libg.a(lib_a-mprec.o)
                0x00000000001203d8                __multadd
 .text.__hi0bits
                0x00000000001204b8       0x58 /opt/devkitpro/devkitARM/lib/gcc/arm-none-eabi/8.3.0/../../../../arm-none-eabi/lib/armv6k/fpu/libg.a(lib_a-mprec.o)
                0x00000000001204b8                __hi0bits
 .text.__lo0bits
                0x0000000000120510       0x9c /opt/devkitpro/devkitARM/lib/gcc/arm-none-eabi/8.3.0/../../../../arm-none-eabi/lib/armv6k/fpu/libg.a(lib_a-mprec.o)
                0x0000000000120510                __lo0bits
 .text.__i2b    0x00000000001205ac       0x20 /opt/devkitpro/devkitARM/lib/gcc/arm-none-eabi/8.3.0/../../../../arm-none-eabi/lib/armv6k/fpu/libg.a(lib_a-mprec.o)