Archive member included to satisfy reference by file (symbol)

C:/devkitPro/libctru/lib\libcitro2d.a(base.o)
                              main.o (C2D_Init)
C:/devkitPro/libctru/lib\libcitro2d.a(text.o)
                              main.o (C2D_TextBufNew)
C:/devkitPro/libctru/lib\libcitro2d.a(spritesheet.o)
                              main.o (C2D_SpriteSheetLoad)
C:/devkitPro/libctru/lib\libcitro2d.a(render2d.shbin.o)
                              C:/devkitPro/libctru/lib\libcitro2d.a(base.o) (render2d_shbin_size)
C:/devkitPro/libctru/lib\libcitro3d.a(base.o)
                              main.o (C3D_Init)
C:/devkitPro/libctru/lib\libcitro3d.a(renderqueue.o)
                              main.o (C3D_FrameBegin)
C:/devkitPro/libctru/lib\libcitro3d.a(texture.o)
                              C:/devkitPro/libctru/lib\libcitro2d.a(base.o) (C3D_TexBind)
C:/devkitPro/libctru/lib\libcitro3d.a(tex3ds.o)
                              C:/devkitPro/libctru/lib\libcitro2d.a(spritesheet.o) (Tex3DS_TextureImport)
C:/devkitPro/libctru/lib\libcitro3d.a(framebuffer.o)
                              C:/devkitPro/libctru/lib\libcitro3d.a(renderqueue.o) (C3D_CalcColorBufSize)
C:/devkitPro/libctru/lib\libcitro3d.a(texenv.o)
                              C:/devkitPro/libctru/lib\libcitro2d.a(base.o) (C3D_GetTexEnv)
C:/devkitPro/libctru/lib\libcitro3d.a(proctex.o)
                              C:/devkitPro/libctru/lib\libcitro2d.a(base.o) (C3D_ProcTexInit)
C:/devkitPro/libctru/lib\libcitro3d.a(buffers.o)
                              C:/devkitPro/libctru/lib\libcitro2d.a(base.o) (BufInfo_Init)
C:/devkitPro/libctru/lib\libcitro3d.a(drawArrays.o)
                              C:/devkitPro/libctru/lib\libcitro2d.a(base.o) (C3D_DrawArrays)
C:/devkitPro/libctru/lib\libcitro3d.a(effect.o)
                              C:/devkitPro/libctru/lib\libcitro3d.a(base.o) (C3D_DepthMap)
C:/devkitPro/libctru/lib\libcitro3d.a(attribs.o)
                              C:/devkitPro/libctru/lib\libcitro2d.a(base.o) (AttrInfo_Init)
C:/devkitPro/libctru/lib\libcitro3d.a(immediate.o)
                              C:/devkitPro/libctru/lib\libcitro3d.a(base.o) (C3D_ImmSendAttrib)
C:/devkitPro/libctru/lib\libcitro3d.a(uniforms.o)
                              C:/devkitPro/libctru/lib\libcitro3d.a(base.o) (C3D_UpdateUniforms)
C:/devkitPro/libctru/lib\libcitro3d.a(mtx_ortho.o)
                              C:/devkitPro/libctru/lib\libcitro2d.a(base.o) (Mtx_Ortho)
C:/devkitPro/libctru/lib\libcitro3d.a(mtx_orthotilt.o)
                              C:/devkitPro/libctru/lib\libcitro2d.a(base.o) (Mtx_OrthoTilt)
C:/devkitPro/libctru/lib\libctru.a(vram.o)
                              C:/devkitPro/libctru/lib\libcitro3d.a(renderqueue.o) (vramAlloc)
C:/devkitPro/libctru/lib\libctru.a(linear.o)
                              C:/devkitPro/libctru/lib\libcitro2d.a(base.o) (linearAlloc)
C:/devkitPro/libctru/lib\libctru.a(mem_pool.o)
                              C:/devkitPro/libctru/lib\libctru.a(vram.o) (MemPool::Allocate(MemChunk&, unsigned long, int))
C:/devkitPro/libctru/lib\libctru.a(romfs_dev.o)
                              main.o (romfsMount)
C:/devkitPro/libctru/lib\libctru.a(os.o)
                              C:/devkitPro/libctru/lib\libcitro3d.a(texture.o) (osConvertVirtToPhys)
C:/devkitPro/libctru/lib\libctru.a(font.o)
                              C:/devkitPro/libctru/lib\libcitro2d.a(text.o) (fontEnsureMapped)
C:/devkitPro/libctru/lib\libctru.a(gfx.o)
                              C:/devkitPro/libctru/lib\libcitro3d.a(renderqueue.o) (gfxIs3D)
C:/devkitPro/libctru/lib\libctru.a(shaderProgram.o)
                              C:/devkitPro/libctru/lib\libcitro2d.a(base.o) (shaderInstanceGetUniformLocation)
C:/devkitPro/libctru/lib\libctru.a(shbin.o)
                              C:/devkitPro/libctru/lib\libcitro2d.a(base.o) (DVLB_ParseFile)
C:/devkitPro/libctru/lib\libctru.a(gx.o)
                              C:/devkitPro/libctru/lib\libctru.a(gfx.o) (gxCmdBuf)
C:/devkitPro/libctru/lib\libctru.a(gxqueue.o)
                              C:/devkitPro/libctru/lib\libcitro3d.a(renderqueue.o) (gxCmdQueueClear)
C:/devkitPro/libctru/lib\libctru.a(gpu.o)
                              C:/devkitPro/libctru/lib\libcitro3d.a(base.o) (gpuCmdBufOffset)
C:/devkitPro/libctru/lib\libctru.a(gspgpu.o)
                              C:/devkitPro/libctru/lib\libctru.a(gfx.o) (gspInit)
C:/devkitPro/libctru/lib\libctru.a(fs.o)
                              C:/devkitPro/libctru/lib\libctru.a(romfs_dev.o) (FSUSER_OpenFileDirectly)
C:/devkitPro/libctru/lib\libctru.a(apt.o)
                              C:/devkitPro/libctru/lib\libcitro3d.a(base.o) (aptHook)
C:/devkitPro/libctru/lib\libctru.a(hid.o)
                              main.o (hidScanInput)
C:/devkitPro/libctru/lib\libctru.a(ptmsysm.o)
                              C:/devkitPro/libctru/lib\libctru.a(os.o) (ptmSysmInit)
C:/devkitPro/libctru/lib\libctru.a(decompress.o)
[...]
Memory Configuration

Name             Origin             Length             Attributes
*default*        0x0000000000000000 0xffffffffffffffff

Linker script and memory map

                0x0000000000100000                PROVIDE (__start__ = 0x100000)
                0x0000000000100000                . = __start__

.text           0x0000000000100000    0x227ac
 *(.crt0)
 .crt0          0x0000000000100000       0x94 c:/devkitpro/devkitarm/bin/../lib/gcc/arm-none-eabi/8.3.0/../../../../arm-none-eabi/lib/armv6k/fpu/3dsx_crt0.o
                0x0000000000100000                _start
                0x0000000000100008                __service_ptr
                0x000000000010000c                __apt_appid
                0x0000000000100010                __heap_size
                0x0000000000100014                __linear_heap_size
                0x0000000000100018                __system_arglist
                0x000000000010001c                __system_runflags
 *(.init)
 .init          0x0000000000100094        0xc c:/devkitpro/devkitarm/bin/../lib/gcc/arm-none-eabi/8.3.0/armv6k/fpu/crti.o
                0x0000000000100094                _init
 .init          0x00000000001000a0        0xc c:/devkitpro/devkitarm/bin/../lib/gcc/arm-none-eabi/8.3.0/armv6k/fpu/crtn.o
                0x00000000001000ac                . = ALIGN (0x4)
 *(.text)
 .text          0x00000000001000ac       0x64 C:/devkitPro/libctru/lib\libctru.a(stack_adjust.o)
                0x00000000001000ac                initSystem
                0x00000000001000f0                __ctru_exit
 .text          0x0000000000100110      0x20c c:/devkitpro/devkitarm/bin/../lib/gcc/arm-none-eabi/8.3.0/armv6k/fpu\libgcc.a(_udivsi3.o)
                0x0000000000100110                __aeabi_uidiv
                0x0000000000100110                __udivsi3
                0x00000000001002fc                __aeabi_uidivmod
 .text          0x000000000010031c      0x240 c:/devkitpro/devkitarm/bin/../lib/gcc/arm-none-eabi/8.3.0/armv6k/fpu\libgcc.a(_divsi3.o)
                0x000000000010031c                __divsi3
                0x000000000010031c                __aeabi_idiv
                0x000000000010053c                __aeabi_idivmod
 .text          0x000000000010055c        0x4 c:/devkitpro/devkitarm/bin/../lib/gcc/arm-none-eabi/8.3.0/armv6k/fpu\libgcc.a(_dvmd_tls.o)
                0x000000000010055c                __aeabi_idiv0
                0x000000000010055c                __aeabi_ldiv0
 .text          0x0000000000100560      0x3c0 c:/devkitpro/devkitarm/bin/../lib/gcc/arm-none-eabi/8.3.0/armv6k/fpu\libgcc.a(_arm_addsubdf3.o)
                0x0000000000100560                __aeabi_drsub
                0x0000000000100568                __aeabi_dsub
                0x0000000000100568                __subdf3
                0x000000000010056c                __aeabi_dadd
                0x000000000010056c                __adddf3
                0x0000000000100818                __floatunsidf
                0x0000000000100818                __aeabi_ui2d
                0x000000000010083c                __floatsidf
                0x000000000010083c                __aeabi_i2d
                0x0000000000100864                __aeabi_f2d
                0x0000000000100864                __extendsfdf2
                0x00000000001008ac                __floatundidf
                0x00000000001008ac                __aeabi_ul2d
                0x00000000001008c0                __floatdidf
                0x00000000001008c0                __aeabi_l2d
 .text          0x0000000000100920       0x3c c:/devkitpro/devkitarm/bin/../lib/gcc/arm-none-eabi/8.3.0/armv6k/fpu\libgcc.a(_aeabi_uldivmod.o)
                0x0000000000100920                __aeabi_uldivmod
 *fill*         0x000000000010095c        0x4 
 .text          0x0000000000100960      0x390 c:/devkitpro/devkitarm/bin/../lib/gcc/arm-none-eabi/8.3.0/../../../../arm-none-eabi/lib/armv6k/fpu\libg.a(lib_a-strcmp.o)
                0x0000000000100968                strcmp
 *(.text.*)
 .text.deregister_tm_clones
                0x0000000000100cf0       0x2c c:/devkitpro/devkitarm/bin/../lib/gcc/arm-none-eabi/8.3.0/armv6k/fpu/crtbegin.o
 .text.register_tm_clones
                0x0000000000100d1c       0x38 c:/devkitpro/devkitarm/bin/../lib/gcc/arm-none-eabi/8.3.0/armv6k/fpu/crtbegin.o
 .text.__do_global_dtors_aux
                0x0000000000100d54       0x44 c:/devkitpro/devkitarm/bin/../lib/gcc/arm-none-eabi/8.3.0/armv6k/fpu/crtbegin.o
 .text.frame_dummy
                0x0000000000100d98       0x34 c:/devkitpro/devkitarm/bin/../lib/gcc/arm-none-eabi/8.3.0/armv6k/fpu/crtbegin.o
 .text.SL_Timer_CreateTimer
                0x0000000000100dcc       0x50 timer.o
                0x0000000000100dcc                SL_Timer_CreateTimer
 .text.SL_Timer_LoadFromSplitFile
                0x0000000000100e1c       0x8c timer.o
                0x0000000000100e1c                SL_Timer_LoadFromSplitFile
 .text.SL_Timer_SaveToSplitFile
                0x0000000000100ea8       0x8c timer.o
                0x0000000000100ea8                SL_Timer_SaveToSplitFile
 .text.SL_Timer_StartSplit
                0x0000000000100f34       0xd8 timer.o
                0x0000000000100f34                SL_Timer_StartSplit
 .text.SL_Timer_Reset
                0x000000000010100c      0x120 timer.o
                0x000000000010100c                SL_Timer_Reset
 .text.SL_Timer_Undo
                0x000000000010112c       0x20 timer.o
                0x000000000010112c                SL_Timer_Undo
 .text.SL_Timer_Skip
                0x000000000010114c       0x48 timer.o
                0x000000000010114c                SL_Timer_Skip
 *fill*         0x0000000000101194        0x4 
 .text.u64ToDelta
                0x0000000000101198      0x214 timer.o
                0x0000000000101198                u64ToDelta
 .text.SL_Timer_GetDeltaText
                0x00000000001013ac      0x1ec timer.o
                0x00000000001013ac                SL_Timer_GetDeltaText
 .text.u64ToTime
                0x0000000000101598      0x130 timer.o
                0x0000000000101598                u64ToTime
 .text.SL_Timer_GetMainTimerText
                0x00000000001016c8       0x74 timer.o
                0x00000000001016c8                SL_Timer_GetMainTimerText
 .text.SL_Timer_GetCurrSplitText
                0x000000000010173c       0x84 timer.o
                0x000000000010173c                SL_Timer_GetCurrSplitText
 .text.SL_Timer_Draw
                0x00000000001017c0      0x3b0 timer.o
                0x00000000001017c0                SL_Timer_Draw
 .text.drawError
                0x0000000000101b70      0x12c main.o
                0x0000000000101b70                drawError
 .text.drawRectOutline
                0x0000000000101c9c      0x114 main.o
                0x0000000000101c9c                drawRectOutline
 .text.drawFiles
                0x0000000000101db0      0x104 main.o
                0x0000000000101db0                drawFiles
 .text.getBufferLine
                0x0000000000101eb4       0x70 main.o
                0x0000000000101eb4                getBufferLine
 .text.parseSplits
                0x0000000000101f24      0x168 main.o
                0x0000000000101f24                parseSplits
 .text.loadSplits
                0x000000000010208c       0xa4 main.o
                0x000000000010208c                loadSplits
 .text.saveSplits
                0x0000000000102130      0x16c main.o
                0x0000000000102130                saveSplits
 *fill*         0x000000000010229c        0x4 
 .text.startup.main
                0x00000000001022a0      0x574 main.o
                0x00000000001022a0                main
 .text.C2D_Init
                0x0000000000102814      0x32c C:/devkitPro/libctru/lib\libcitro2d.a(base.o)
                0x0000000000102814                C2D_Init
 .text.C2D_Fini
                0x0000000000102b40       0x48 C:/devkitPro/libctru/lib\libcitro2d.a(base.o)
                0x0000000000102b40                C2D_Fini
 .text.C2D_Prepare
                0x0000000000102b88       0xc8 C:/devkitPro/libctru/lib\libcitro2d.a(base.o)
                0x0000000000102b88                C2D_Prepare
 .text.C2D_SceneSize
                0x0000000000102c50      0x10c C:/devkitPro/libctru/lib\libcitro2d.a(base.o)
                0x0000000000102c50                C2D_SceneSize
 .text.C2D_CreateScreenTarget
                0x0000000000102d5c       0x44 C:/devkitPro/libctru/lib\libcitro2d.a(base.o)
                0x0000000000102d5c                C2D_CreateScreenTarget
 .text.C2Di_CalcQuad
                0x0000000000102da0      0x140 C:/devkitPro/libctru/lib\libcitro2d.a(base.o)
                0x0000000000102da0                C2Di_CalcQuad
 .text.C2Di_AppendVtx
                0x0000000000102ee0       0x40 C:/devkitPro/libctru/lib\libcitro2d.a(base.o)
                0x0000000000102ee0                C2Di_AppendVtx
 .text.C2Di_FlushVtxBuf
                0x0000000000102f20       0x30 C:/devkitPro/libctru/lib\libcitro2d.a(base.o)
                0x0000000000102f20                C2Di_FlushVtxBuf
 .text.C2Di_FrameEndHook
                0x0000000000102f50       0x20 C:/devkitPro/libctru/lib\libcitro2d.a(base.o)
 .text.C2D_Flush
                0x0000000000102f70       0x18 C:/devkitPro/libctru/lib\libcitro2d.a(base.o)
                0x0000000000102f70                C2D_Flush
 .text.C2D_TargetClear
                0x0000000000102f88       0x30 C:/devkitPro/libctru/lib\libcitro2d.a(base.o)
                0x0000000000102f88                C2D_TargetClear
 .text.C2Di_Update
                0x0000000000102fb8      0x218 C:/devkitPro/libctru/lib\libcitro2d.a(base.o)
                0x0000000000102fb8                C2Di_Update
 .text.C2D_DrawImage
                0x00000000001031d0      0x2ec C:/devkitPro/libctru/lib\libcitro2d.a(base.o)
                0x00000000001031d0                C2D_DrawImage
 .text.C2D_DrawRectangle
                0x00000000001034bc      0x1c0 C:/devkitPro/libctru/lib\libcitro2d.a(base.o)
                0x00000000001034bc                C2D_DrawRectangle
 .text.C2Di_GlyphComp
                0x000000000010367c       0x18 C:/devkitPro/libctru/lib\libcitro2d.a(text.o)
 .text.C2D_TextBufNew
                0x0000000000103694      0x154 C:/devkitPro/libctru/lib\libcitro2d.a(text.o)
                0x0000000000103694                C2D_TextBufNew
 .text.C2D_TextBufDelete
                0x00000000001037e8        0x4 C:/devkitPro/libctru/lib\libcitro2d.a(text.o)
                0x00000000001037e8                C2D_TextBufDelete
 .text.C2D_TextBufClear
                0x00000000001037ec        0xc C:/devkitPro/libctru/lib\libcitro2d.a(text.o)
                0x00000000001037ec                C2D_TextBufClear
 .text.C2D_TextParseLine
                0x00000000001037f8      0x17c C:/devkitPro/libctru/lib\libcitro2d.a(text.o)
                0x00000000001037f8                C2D_TextParseLine
 .text.C2D_TextParse
                0x0000000000103974       0x80 C:/devkitPro/libctru/lib\libcitro2d.a(text.o)
                0x0000000000103974                C2D_TextParse
 .text.C2D_TextOptimize
                0x00000000001039f4       0x2c C:/devkitPro/libctru/lib\libcitro2d.a(text.o)
                0x00000000001039f4                C2D_TextOptimize
 .text.C2D_DrawText
                0x0000000000103a20      0x238 C:/devkitPro/libctru/lib\libcitro2d.a(text.o)
                0x0000000000103a20                C2D_DrawText
 .text.C2D_SpriteSheetLoadFromHandle
                0x0000000000103c58       0x6c C:/devkitPro/libctru/lib\libcitro2d.a(spritesheet.o)
                0x0000000000103c58                C2D_SpriteSheetLoadFromHandle
 .text.C2D_SpriteSheetLoad
                0x0000000000103cc4       0x34 C:/devkitPro/libctru/lib\libcitro2d.a(spritesheet.o)
                0x0000000000103cc4                C2D_SpriteSheetLoad
 .text.C2D_SpriteSheetFree
                0x0000000000103cf8       0x28 C:/devkitPro/libctru/lib\libcitro2d.a(spritesheet.o)
                0x0000000000103cf8                C2D_SpriteSheetFree
 .text.C2D_SpriteSheetGetImage
                0x0000000000103d20       0x28 C:/devkitPro/libctru/lib\libcitro2d.a(spritesheet.o)
                0x0000000000103d20                C2D_SpriteSheetGetImage
 .text.C3Di_SplitFrame.part.1
                0x0000000000103d48       0xc4 C:/devkitPro/libctru/lib\libcitro3d.a(base.o)
 .text.C3Di_LightEnvUpdate
                0x0000000000103e0c        0x4 C:/devkitPro/libctru/lib\libcitro3d.a(base.o)
                0x0000000000103e0c                C3Di_LightEnvUpdate
 .text.C3Di_LightEnvDirty
                0x0000000000103e10        0x4 C:/devkitPro/libctru/lib\libcitro3d.a(base.o)
                0x0000000000103e10                C3Di_LightEnvDirty
 .text.C3Di_AptEventHook
                0x0000000000103e14       0xac C:/devkitPro/libctru/lib\libcitro3d.a(base.o)
 .text.C3Di_GasUpdate
                0x0000000000103ec0        0x4 C:/devkitPro/libctru/lib\libcitro3d.a(base.o)
                0x0000000000103ec0                C3Di_GasUpdate
 .text.C3D_Init
                0x0000000000103ec4      0x21c C:/devkitPro/libctru/lib\libcitro3d.a(base.o)
                0x0000000000103ec4                C3D_Init
 .text.C3D_SetViewport
                0x00000000001040e0       0x98 C:/devkitPro/libctru/lib\libcitro3d.a(base.o)
                0x00000000001040e0                C3D_SetViewport
 .text.C3Di_UpdateContext
                0x0000000000104178      0x50c C:/devkitPro/libctru/lib\libcitro3d.a(base.o)
                0x0000000000104178                C3Di_UpdateContext
 .text.C3Di_SplitFrame
                0x0000000000104684       0x20 C:/devkitPro/libctru/lib\libcitro3d.a(base.o)
                0x0000000000104684                C3Di_SplitFrame
 .text.C3D_Fini
                0x00000000001046a4       0x64 C:/devkitPro/libctru/lib\libcitro3d.a(base.o)
                0x00000000001046a4                C3D_Fini
 .text.C3D_BindProgram
                0x0000000000104708      0x114 C:/devkitPro/libctru/lib\libcitro3d.a(base.o)
                0x0000000000104708                C3D_BindProgram
 .text.C3Di_RenderQueueInit
                0x000000000010481c       0x54 C:/devkitPro/libctru/lib\libcitro3d.a(renderqueue.o)
 .text.C3Di_RenderTargetDestroy
                0x0000000000104870       0x80 C:/devkitPro/libctru/lib\libcitro3d.a(renderqueue.o)
 .text.onVBlank1
                0x00000000001048f0       0xac C:/devkitPro/libctru/lib\libcitro3d.a(renderqueue.o)
 .text.onVBlank0
                0x000000000010499c      0x13c C:/devkitPro/libctru/lib\libcitro3d.a(renderqueue.o)
 .text.C3Di_RenderTargetNew
                0x0000000000104ad8        0xc C:/devkitPro/libctru/lib\libcitro3d.a(renderqueue.o)
 .text.C3Di_WaitAndClearQueue
                0x0000000000104ae4       0x7c C:/devkitPro/libctru/lib\libcitro3d.a(renderqueue.o)
 .text.onQueueFinish
                0x0000000000104b60       0xc0 C:/devkitPro/libctru/lib\libcitro3d.a(renderqueue.o)
 .text.C3D_FrameSplit.part.6
                0x0000000000104c20       0x44 C:/devkitPro/libctru/lib\libcitro3d.a(renderqueue.o)
 .text.C3D_FrameSync
                0x0000000000104c64       0x30 C:/devkitPro/libctru/lib\libcitro3d.a(renderqueue.o)
                0x0000000000104c64                C3D_FrameSync
 .text.C3Di_RenderQueueExit
                0x0000000000104c94       0xa0 C:/devkitPro/libctru/lib\libcitro3d.a(renderqueue.o)
                0x0000000000104c94                C3Di_RenderQueueExit
 .text.C3Di_RenderQueueWaitDone
                0x0000000000104d34       0x20 C:/devkitPro/libctru/lib\libcitro3d.a(renderqueue.o)
                0x0000000000104d34                C3Di_RenderQueueWaitDone
 .text.C3D_FrameBegin
                0x0000000000104d54       0x7c C:/devkitPro/libctru/lib\libcitro3d.a(renderqueue.o)
                0x0000000000104d54                C3D_FrameBegin
 .text.C3D_FrameDrawOn
                0x0000000000104dd0       0x48 C:/devkitPro/libctru/lib\libcitro3d.a(renderqueue.o)
                0x0000000000104dd0                C3D_FrameDrawOn
 .text.C3D_FrameSplit
                0x0000000000104e18       0x18 C:/devkitPro/libctru/lib\libcitro3d.a(renderqueue.o)
                0x0000000000104e18                C3D_FrameSplit
 .text.C3D_FrameEnd
                0x0000000000104e30      0x164 C:/devkitPro/libctru/lib\libcitro3d.a(renderqueue.o)
                0x0000000000104e30                C3D_FrameEnd
 .text.C3D_FrameEndHook
                0x0000000000104f94       0x1c C:/devkitPro/libctru/lib\libcitro3d.a(renderqueue.o)
                0x0000000000104f94                C3D_FrameEndHook
 .text.C3D_RenderTargetCreate
                0x0000000000104fb0      0x17c C:/devkitPro/libctru/lib\libcitro3d.a(renderqueue.o)
                0x0000000000104fb0                C3D_RenderTargetCreate
 .text.C3D_RenderTargetSetOutput
                0x000000000010512c       0x4c C:/devkitPro/libctru/lib\libcitro3d.a(renderqueue.o)
                0x000000000010512c                C3D_RenderTargetSetOutput
 .text.C3D_SyncTextureCopy
                0x0000000000105178       0xb4 C:/devkitPro/libctru/lib\libcitro3d.a(renderqueue.o)
                0x0000000000105178                C3D_SyncTextureCopy
 .text.C3D_TexInitWithParams
                0x000000000010522c      0x284 C:/devkitPro/libctru/lib\libcitro3d.a(texture.o)
                0x000000000010522c                C3D_TexInitWithParams
 .text.C3D_TexLoadImage
                0x00000000001054b0       0xdc C:/devkitPro/libctru/lib\libcitro3d.a(texture.o)
                0x00000000001054b0                C3D_TexLoadImage
 .text.C3D_TexBind
                0x000000000010558c       0x48 C:/devkitPro/libctru/lib\libcitro3d.a(texture.o)
                0x000000000010558c                C3D_TexBind
 .text.C3D_TexDelete
                0x00000000001055d4       0x7c C:/devkitPro/libctru/lib\libcitro3d.a(texture.o)
                0x00000000001055d4                C3D_TexDelete
 .text.C3Di_SetTex
                0x0000000000105650      0x174 C:/devkitPro/libctru/lib\libcitro3d.a(texture.o)
                0x0000000000105650                C3Di_SetTex
 .text.Tex3DSi_ImportCommon
                0x00000000001057c4      0x3e8 C:/devkitPro/libctru/lib\libcitro3d.a(tex3ds.o)
 .text.Tex3DS_TextureImportStdio
                0x0000000000105bac       0x34 C:/devkitPro/libctru/lib\libcitro3d.a(tex3ds.o)
                0x0000000000105bac                Tex3DS_TextureImportStdio
 .text.Tex3DS_GetSubTexture
                0x0000000000105be0       0x1c C:/devkitPro/libctru/lib\libcitro3d.a(tex3ds.o)
                0x0000000000105be0                Tex3DS_GetSubTexture
 .text.Tex3DS_TextureFree
                0x0000000000105bfc        0x4 C:/devkitPro/libctru/lib\libcitro3d.a(tex3ds.o)
                0x0000000000105bfc                Tex3DS_TextureFree
 .text.C3D_CalcColorBufSize
                0x0000000000105c00       0x1c C:/devkitPro/libctru/lib\libcitro3d.a(framebuffer.o)
                0x0000000000105c00                C3D_CalcColorBufSize
 .text.C3D_CalcDepthBufSize
                0x0000000000105c1c       0x1c C:/devkitPro/libctru/lib\libcitro3d.a(framebuffer.o)
                0x0000000000105c1c                C3D_CalcDepthBufSize
 .text.C3D_SetFrameBuf
                0x0000000000105c38       0x44 C:/devkitPro/libctru/lib\libcitro3d.a(framebuffer.o)
                0x0000000000105c38                C3D_SetFrameBuf
 .text.C3Di_FrameBufBind
                0x0000000000105c7c      0x168 C:/devkitPro/libctru/lib\libcitro3d.a(framebuffer.o)
                0x0000000000105c7c                C3Di_FrameBufBind
 .text.C3D_FrameBufClear
                0x0000000000105de4       0xc8 C:/devkitPro/libctru/lib\libcitro3d.a(framebuffer.o)
                0x0000000000105de4                C3D_FrameBufClear
 .text.C3D_FrameBufTransfer
                0x0000000000105eac       0x48 C:/devkitPro/libctru/lib\libcitro3d.a(framebuffer.o)
                0x0000000000105eac                C3D_FrameBufTransfer
 .text.C3D_GetTexEnv
                0x0000000000105ef4       0x34 C:/devkitPro/libctru/lib\libcitro3d.a(texenv.o)
                0x0000000000105ef4                C3D_GetTexEnv
 .text.C3Di_TexEnvBind
                0x0000000000105f28       0x24 C:/devkitPro/libctru/lib\libcitro3d.a(texenv.o)
                0x0000000000105f28                C3Di_TexEnvBind
 .text.C3D_ProcTexInit
                0x0000000000105f4c       0x6c C:/devkitPro/libctru/lib\libcitro3d.a(proctex.o)
                0x0000000000105f4c                C3D_ProcTexInit
 .text.C3D_ProcTexBind
                0x0000000000105fb8       0x50 C:/devkitPro/libctru/lib\libcitro3d.a(proctex.o)
                0x0000000000105fb8                C3D_ProcTexBind
 .text.C3D_ProcTexLutBind
                0x0000000000106008       0x60 C:/devkitPro/libctru/lib\libcitro3d.a(proctex.o)
                0x0000000000106008                C3D_ProcTexLutBind
 .text.ProcTexLut_FromArray
                0x0000000000106068       0xa4 C:/devkitPro/libctru/lib\libcitro3d.a(proctex.o)
                0x0000000000106068                ProcTexLut_FromArray
 .text.C3Di_ProcTexUpdate
                0x000000000010610c      0x174 C:/devkitPro/libctru/lib\libcitro3d.a(proctex.o)
                0x000000000010610c                C3Di_ProcTexUpdate
 .text.C3Di_ProcTexDirty
                0x0000000000106280       0x68 C:/devkitPro/libctru/lib\libcitro3d.a(proctex.o)
                0x0000000000106280                C3Di_ProcTexDirty
 .text.BufInfo_Init
                0x00000000001062e8       0x24 C:/devkitPro/libctru/lib\libcitro3d.a(buffers.o)
                0x00000000001062e8                BufInfo_Init
 .text.BufInfo_Add
                0x000000000010630c       0x84 C:/devkitPro/libctru/lib\libcitro3d.a(buffers.o)
                0x000000000010630c                BufInfo_Add
 .text.C3D_SetBufInfo
                0x0000000000106390       0x40 C:/devkitPro/libctru/lib\libcitro3d.a(buffers.o)
                0x0000000000106390                C3D_SetBufInfo
 .text.C3Di_BufInfoBind
                0x00000000001063d0       0x48 C:/devkitPro/libctru/lib\libcitro3d.a(buffers.o)
                0x00000000001063d0                C3Di_BufInfoBind
 .text.C3D_DrawArrays
                0x0000000000106418      0x148 C:/devkitPro/libctru/lib\libcitro3d.a(drawArrays.o)
                0x0000000000106418                C3D_DrawArrays
 .text.C3D_DepthMap
                0x0000000000106560       0x40 C:/devkitPro/libctru/lib\libcitro3d.a(effect.o)
                0x0000000000106560                C3D_DepthMap
 .text.C3D_CullFace
                0x00000000001065a0       0x1c C:/devkitPro/libctru/lib\libcitro3d.a(effect.o)
                0x00000000001065a0                C3D_CullFace
 .text.C3D_StencilTest
                0x00000000001065bc       0x40 C:/devkitPro/libctru/lib\libcitro3d.a(effect.o)
                0x00000000001065bc                C3D_StencilTest
 .text.C3D_StencilOp
                0x00000000001065fc       0x24 C:/devkitPro/libctru/lib\libcitro3d.a(effect.o)
                0x00000000001065fc                C3D_StencilOp
 .text.C3D_BlendingColor
                0x0000000000106620       0x1c C:/devkitPro/libctru/lib\libcitro3d.a(effect.o)
                0x0000000000106620                C3D_BlendingColor
 .text.C3D_EarlyDepthTest
                0x000000000010663c       0x24 C:/devkitPro/libctru/lib\libcitro3d.a(effect.o)
                0x000000000010663c                C3D_EarlyDepthTest
 .text.C3D_DepthTest
                0x0000000000106660       0x2c C:/devkitPro/libctru/lib\libcitro3d.a(effect.o)
                0x0000000000106660                C3D_DepthTest
 .text.C3D_AlphaTest
                0x000000000010668c       0x2c C:/devkitPro/libctru/lib\libcitro3d.a(effect.o)
                0x000000000010668c                C3D_AlphaTest
 .text.C3D_AlphaBlend
                0x00000000001066b8       0x50 C:/devkitPro/libctru/lib\libcitro3d.a(effect.o)
                0x00000000001066b8                C3D_AlphaBlend
 .text.C3D_FragOpMode
                0x0000000000106708       0x30 C:/devkitPro/libctru/lib\libcitro3d.a(effect.o)
                0x0000000000106708                C3D_FragOpMode
 .text.C3D_FragOpShadow
                0x0000000000106738       0x44 C:/devkitPro/libctru/lib\libcitro3d.a(effect.o)
                0x0000000000106738                C3D_FragOpShadow
 .text.C3Di_EffectBind
                0x000000000010677c      0x1ac C:/devkitPro/libctru/lib\libcitro3d.a(effect.o)
                0x000000000010677c                C3Di_EffectBind
 .text.AttrInfo_Init
                0x0000000000106928       0x28 C:/devkitPro/libctru/lib\libcitro3d.a(attribs.o)
                0x0000000000106928                AttrInfo_Init
 .text.AttrInfo_AddLoader
                0x0000000000106950       0xa0 C:/devkitPro/libctru/lib\libcitro3d.a(attribs.o)
                0x0000000000106950                AttrInfo_AddLoader
 .text.C3D_SetAttrInfo
                0x00000000001069f0       0x54 C:/devkitPro/libctru/lib\libcitro3d.a(attribs.o)
                0x00000000001069f0                C3D_SetAttrInfo
 .text.C3Di_AttrInfoBind
                0x0000000000106a44       0x80 C:/devkitPro/libctru/lib\libcitro3d.a(attribs.o)
                0x0000000000106a44                C3Di_AttrInfoBind
 .text.C3D_ImmSendAttrib
                0x0000000000106ac4       0xa4 C:/devkitPro/libctru/lib\libcitro3d.a(immediate.o)
                0x0000000000106ac4                C3D_ImmSendAttrib
 .text.C3D_UpdateUniforms
                0x0000000000106b68      0x2b8 C:/devkitPro/libctru/lib\libcitro3d.a(uniforms.o)
                0x0000000000106b68                C3D_UpdateUniforms
 .text.C3Di_DirtyUniforms
                0x0000000000106e20       0xc0 C:/devkitPro/libctru/lib\libcitro3d.a(uniforms.o)
                0x0000000000106e20                C3Di_DirtyUniforms
 .text.C3Di_LoadShaderUniforms
                0x0000000000106ee0       0xe0 C:/devkitPro/libctru/lib\libcitro3d.a(uniforms.o)
                0x0000000000106ee0                C3Di_LoadShaderUniforms
 .text.C3Di_ClearShaderUniforms
                0x0000000000106fc0       0x28 C:/devkitPro/libctru/lib\libcitro3d.a(uniforms.o)
                0x0000000000106fc0                C3Di_ClearShaderUniforms
 .text.Mtx_Ortho
                0x0000000000106fe8       0xcc C:/devkitPro/libctru/lib\libcitro3d.a(mtx_ortho.o)
                0x0000000000106fe8                Mtx_Ortho
 .text.Mtx_OrthoTilt
                0x00000000001070b4       0xcc C:/devkitPro/libctru/lib\libcitro3d.a(mtx_orthotilt.o)
                0x00000000001070b4                Mtx_OrthoTilt
 .text._ZL21addrMapNodeComparatorPK11rbtree_nodeS1_
                0x0000000000107180       0x24 C:/devkitPro/libctru/lib\libctru.a(vram.o)
 .text._ZL21addrMapNodeDestructorP11rbtree_node
                0x00000000001071a4        0x4 C:/devkitPro/libctru/lib\libctru.a(vram.o)
 .text.vramMemAlign
                0x00000000001071a8      0x110 C:/devkitPro/libctru/lib\libctru.a(vram.o)
                0x00000000001071a8                vramMemAlign
 .text.vramAlloc
                0x00000000001072b8        0x8 C:/devkitPro/libctru/lib\libctru.a(vram.o)
                0x00000000001072b8                vramAlloc
 .text.vramFree
                0x00000000001072c0       0x50 C:/devkitPro/libctru/lib\libctru.a(vram.o)
                0x00000000001072c0                vramFree
 .text._ZL21addrMapNodeComparatorPK11rbtree_nodeS1_
                0x0000000000107310       0x24 C:/devkitPro/libctru/lib\libctru.a(linear.o)
 .text._ZL21addrMapNodeDestructorP11rbtree_node
                0x0000000000107334        0x4 C:/devkitPro/libctru/lib\libctru.a(linear.o)
 .text.linearMemAlign
                0x0000000000107338      0x11c C:/devkitPro/libctru/lib\libctru.a(linear.o)
                0x0000000000107338                linearMemAlign
 .text.linearAlloc
                0x0000000000107454        0x8 C:/devkitPro/libctru/lib\libctru.a(linear.o)
                0x0000000000107454                linearAlloc
 .text.linearFree
                0x000000000010745c       0x50 C:/devkitPro/libctru/lib\libctru.a(linear.o)
                0x000000000010745c                linearFree
 .text._ZN7MemPool13CoalesceRightEP8MemBlock
                0x00000000001074ac       0x90 C:/devkitPro/libctru/lib\libctru.a(mem_pool.o)
                0x00000000001074ac                MemPool::CoalesceRight(MemBlock*)
 .text._ZN7MemPool8AllocateER8MemChunkmi
                0x000000000010753c      0x174 C:/devkitPro/libctru/lib\libctru.a(mem_pool.o)
                0x000000000010753c                MemPool::Allocate(MemChunk&, unsigned long, int)
 .text._ZN7MemPool10DeallocateERK8MemChunk
                0x00000000001076b0       0xfc C:/devkitPro/libctru/lib\libctru.a(mem_pool.o)
                0x00000000001076b0                MemPool::Deallocate(MemChunk const&)
 .text.romfs_close
                0x00000000001077ac        0x8 C:/devkitPro/libctru/lib\libctru.a(romfs_dev.o)
 .text.romfs_seek
                0x00000000001077b4       0xbc C:/devkitPro/libctru/lib\libctru.a(romfs_dev.o)
 .text.romfs_dirreset
                0x0000000000107870       0x28 C:/devkitPro/libctru/lib\libctru.a(romfs_dev.o)
 .text.romfs_fstat
                0x0000000000107898       0x78 C:/devkitPro/libctru/lib\libctru.a(romfs_dev.o)
 .text._romfs_read_chk
                0x0000000000107910       0x54 C:/devkitPro/libctru/lib\libctru.a(romfs_dev.o)
 .text.romfs_read
                0x0000000000107964       0xdc C:/devkitPro/libctru/lib\libctru.a(romfs_dev.o)
 .text.romfs_free
                0x0000000000107a40       0x84 C:/devkitPro/libctru/lib\libctru.a(romfs_dev.o)
 .text.romfsMountCommon
                0x0000000000107ac4      0x16c C:/devkitPro/libctru/lib\libctru.a(romfs_dev.o)
 .text.romfs_dirnext
                0x0000000000107c30      0x250 C:/devkitPro/libctru/lib\libctru.a(romfs_dev.o)
 .text.romfsInitMtime.isra.4
                0x0000000000107e80       0xbc C:/devkitPro/libctru/lib\libctru.a(romfs_dev.o)
 .text.searchForFile.constprop.7
                0x0000000000107f3c       0xb4 C:/devkitPro/libctru/lib\libctru.a(romfs_dev.o)
 .text.searchForDir.constprop.8
                0x0000000000107ff0       0xb8 C:/devkitPro/libctru/lib\libctru.a(romfs_dev.o)
 .text.navigateToDir.constprop.6
                0x00000000001080a8      0x1b4 C:/devkitPro/libctru/lib\libctru.a(romfs_dev.o)
 .text.romfs_open
                0x000000000010825c      0x120 C:/devkitPro/libctru/lib\libctru.a(romfs_dev.o)
 .text.romfs_stat
                0x000000000010837c      0x208 C:/devkitPro/libctru/lib\libctru.a(romfs_dev.o)
 .text.romfs_chdir
                0x0000000000108584       0x54 C:/devkitPro/libctru/lib\libctru.a(romfs_dev.o)
 .text.romfs_diropen
                0x00000000001085d8       0x78 C:/devkitPro/libctru/lib\libctru.a(romfs_dev.o)
 .text.romfs_dirclose
                0x0000000000108650        0x8 C:/devkitPro/libctru/lib\libctru.a(romfs_dev.o)
 .text.romfsMount
                0x0000000000108658      0x340 C:/devkitPro/libctru/lib\libctru.a(romfs_dev.o)
                0x0000000000108658                romfsMount
 .text.getSysTime
                0x0000000000108998       0x58 C:/devkitPro/libctru/lib\libctru.a(os.o)
 .text.__ctru_speedup_config.part.0
                0x00000000001089f0       0x28 C:/devkitPro/libctru/lib\libctru.a(os.o)
 .text.osConvertVirtToPhys
                0x0000000000108a18       0x4c C:/devkitPro/libctru/lib\libctru.a(os.o)
                0x0000000000108a18                osConvertVirtToPhys
 .text.osGetMemRegionUsed
                0x0000000000108a64       0x24 C:/devkitPro/libctru/lib\libctru.a(os.o)
                0x0000000000108a64                osGetMemRegionUsed
 .text.__libctru_gtod
                0x0000000000108a88      0x128 C:/devkitPro/libctru/lib\libctru.a(os.o)
                0x0000000000108a88                __libctru_gtod
 .text.osGetTime
                0x0000000000108bb0       0x78 C:/devkitPro/libctru/lib\libctru.a(os.o)
                0x0000000000108bb0                osGetTime
 .text.__ctru_speedup_config
                0x0000000000108c28       0x18 C:/devkitPro/libctru/lib\libctru.a(os.o)
                0x0000000000108c28                __ctru_speedup_config
 .text.fontEnsureMapped
                0x0000000000108c40       0xbc C:/devkitPro/libctru/lib\libctru.a(font.o)
                0x0000000000108c40                fontEnsureMapped
 .text.fontGlyphIndexFromCodePoint
                0x0000000000108cfc       0xdc C:/devkitPro/libctru/lib\libctru.a(font.o)
                0x0000000000108cfc                fontGlyphIndexFromCodePoint
 .text.fontCalcGlyphPos
                0x0000000000108dd8      0x1d8 C:/devkitPro/libctru/lib\libctru.a(font.o)
                0x0000000000108dd8                fontCalcGlyphPos
 .text.gfxSetFramebufferInfo.part.0
                0x0000000000108fb0       0x8c C:/devkitPro/libctru/lib\libctru.a(gfx.o)
 .text.gfxSetFramebufferInfo
                0x000000000010903c       0x6c C:/devkitPro/libctru/lib\libctru.a(gfx.o)
 .text.gfxGetFramebuffer.part.1
                0x00000000001090a8       0x58 C:/devkitPro/libctru/lib\libctru.a(gfx.o)
 .text.gfxIs3D  0x0000000000109100       0x10 C:/devkitPro/libctru/lib\libctru.a(gfx.o)
                0x0000000000109100                gfxIs3D
 .text.__get_bytes_per_pixel
                0x0000000000109110       0x18 C:/devkitPro/libctru/lib\libctru.a(gfx.o)
                0x0000000000109110                __get_bytes_per_pixel
 .text.gfxSetScreenFormat
                0x0000000000109128      0x184 C:/devkitPro/libctru/lib\libctru.a(gfx.o)
                0x0000000000109128                gfxSetScreenFormat
 .text.gfxInit  0x00000000001092ac      0x210 C:/devkitPro/libctru/lib\libctru.a(gfx.o)
                0x00000000001092ac                gfxInit
 .text.gfxInitDefault
                0x00000000001094bc       0x10 C:/devkitPro/libctru/lib\libctru.a(gfx.o)
                0x00000000001094bc                gfxInitDefault
 .text.gfxExit  0x00000000001094cc       0xe0 C:/devkitPro/libctru/lib\libctru.a(gfx.o)
                0x00000000001094cc                gfxExit
 .text.gfxGetFramebuffer
                0x00000000001095ac       0x60 C:/devkitPro/libctru/lib\libctru.a(gfx.o)
                0x00000000001095ac                gfxGetFramebuffer
 .text.gfxConfigScreen
                0x000000000010960c       0xf8 C:/devkitPro/libctru/lib\libctru.a(gfx.o)
                0x000000000010960c                gfxConfigScreen
 .text.shaderInstanceInit
                0x0000000000109704      0x1ec C:/devkitPro/libctru/lib\libctru.a(shaderProgram.o)
                0x0000000000109704                shaderInstanceInit
 .text.shaderInstanceFree
                0x00000000001098f0       0x34 C:/devkitPro/libctru/lib\libctru.a(shaderProgram.o)
                0x00000000001098f0                shaderInstanceFree
 .text.shaderInstanceGetUniformLocation
                0x0000000000109924       0x18 C:/devkitPro/libctru/lib\libctru.a(shaderProgram.o)
                0x0000000000109924                shaderInstanceGetUniformLocation
 .text.shaderProgramInit
                0x000000000010993c       0x18 C:/devkitPro/libctru/lib\libctru.a(shaderProgram.o)
                0x000000000010993c                shaderProgramInit
 .text.shaderProgramFree
                0x0000000000109954       0x2c C:/devkitPro/libctru/lib\libctru.a(shaderProgram.o)
                0x0000000000109954                shaderProgramFree
 .text.shaderProgramSetVsh
                0x0000000000109980       0x6c C:/devkitPro/libctru/lib\libctru.a(shaderProgram.o)
                0x0000000000109980                shaderProgramSetVsh
 .text.shaderProgramConfigure
                0x00000000001099ec      0x8d4 C:/devkitPro/libctru/lib\libctru.a(shaderProgram.o)
                0x00000000001099ec                shaderProgramConfigure
 .text.DVLE_GenerateOutmap.part.0
                0x000000000010a2c0      0x1f8 C:/devkitPro/libctru/lib\libctru.a(shbin.o)
 .text.DVLB_ParseFile
                0x000000000010a4b8      0x1cc C:/devkitPro/libctru/lib\libctru.a(shbin.o)
                0x000000000010a4b8                DVLB_ParseFile
 .text.DVLB_Free
                0x000000000010a684       0x38 C:/devkitPro/libctru/lib\libctru.a(shbin.o)
                0x000000000010a684                DVLB_Free
 .text.DVLE_GetUniformRegister
                0x000000000010a6bc       0x78 C:/devkitPro/libctru/lib\libctru.a(shbin.o)
                0x000000000010a6bc                DVLE_GetUniformRegister
 .text.submitGxCommand
                0x000000000010a734       0x38 C:/devkitPro/libctru/lib\libctru.a(gx.o)
 .text.GX_BindQueue
                0x000000000010a76c       0x10 C:/devkitPro/libctru/lib\libctru.a(gx.o)
                0x000000000010a76c                GX_BindQueue
 .text.GX_ProcessCommandList
                0x000000000010a77c       0x50 C:/devkitPro/libctru/lib\libctru.a(gx.o)
                0x000000000010a77c                GX_ProcessCommandList
 .text.GX_MemoryFill
                0x000000000010a7cc       0x54 C:/devkitPro/libctru/lib\libctru.a(gx.o)
                0x000000000010a7cc                GX_MemoryFill
 .text.GX_DisplayTransfer
                0x000000000010a820       0x48 C:/devkitPro/libctru/lib\libctru.a(gx.o)
                0x000000000010a820                GX_DisplayTransfer
 .text.GX_TextureCopy
                0x000000000010a868       0x4c C:/devkitPro/libctru/lib\libctru.a(gx.o)
                0x000000000010a868                GX_TextureCopy
 .text.gxCmdQueueDoCommands.part.0
                0x000000000010a8b4       0x74 C:/devkitPro/libctru/lib\libctru.a(gxqueue.o)
 .text.gxCmdQueueInterrupt
                0x000000000010a928       0xc8 C:/devkitPro/libctru/lib\libctru.a(gxqueue.o)
                0x000000000010a928                gxCmdQueueInterrupt
 .text.gxCmdQueueClear
                0x000000000010a9f0       0x4c C:/devkitPro/libctru/lib\libctru.a(gxqueue.o)
                0x000000000010a9f0                gxCmdQueueClear
 .text.gxCmdQueueAdd
                0x000000000010aa3c       0xf8 C:/devkitPro/libctru/lib\libctru.a(gxqueue.o)
                0x000000000010aa3c                gxCmdQueueAdd
 .text.gxCmdQueueRun
                0x000000000010ab34       0x80 C:/devkitPro/libctru/lib\libctru.a(gxqueue.o)
                0x000000000010ab34                gxCmdQueueRun
 .text.gxCmdQueueStop
                0x000000000010abb4       0x60 C:/devkitPro/libctru/lib\libctru.a(gxqueue.o)
                0x000000000010abb4                gxCmdQueueStop
 .text.gxCmdQueueWait
                0x000000000010ac14       0x84 C:/devkitPro/libctru/lib\libctru.a(gxqueue.o)
                0x000000000010ac14                gxCmdQueueWait
 .text.GPUCMD_Add
                0x000000000010ac98      0x138 C:/devkitPro/libctru/lib\libctru.a(gpu.o)
                0x000000000010ac98                GPUCMD_Add
 .text.GPUCMD_Split
                0x000000000010add0       0xb0 C:/devkitPro/libctru/lib\libctru.a(gpu.o)
                0x000000000010add0                GPUCMD_Split
 .text.f32tof16
                0x000000000010ae80       0x34 C:/devkitPro/libctru/lib\libctru.a(gpu.o)
                0x000000000010ae80                f32tof16
 .text.f32tof24
                0x000000000010aeb4       0x34 C:/devkitPro/libctru/lib\libctru.a(gpu.o)
                0x000000000010aeb4                f32tof24
 .text.f32tof31
                0x000000000010aee8       0x38 C:/devkitPro/libctru/lib\libctru.a(gpu.o)
                0x000000000010aee8                f32tof31
 .text.gspInit  0x000000000010af20       0x74 C:/devkitPro/libctru/lib\libctru.a(gspgpu.o)
                0x000000000010af20                gspInit
 .text.gspExit  0x000000000010af94       0x3c C:/devkitPro/libctru/lib\libctru.a(gspgpu.o)
                0x000000000010af94                gspExit
 .text.gspSetEventCallback
                0x000000000010afd0       0x34 C:/devkitPro/libctru/lib\libctru.a(gspgpu.o)
                0x000000000010afd0                gspSetEventCallback
 .text.gspInitEventHandler
                0x000000000010b004       0xa0 C:/devkitPro/libctru/lib\libctru.a(gspgpu.o)
                0x000000000010b004                gspInitEventHandler
 .text.gspExitEventHandler
                0x000000000010b0a4       0x40 C:/devkitPro/libctru/lib\libctru.a(gspgpu.o)
                0x000000000010b0a4                gspExitEventHandler
 .text.gspWaitForEvent
                0x000000000010b0e4       0x44 C:/devkitPro/libctru/lib\libctru.a(gspgpu.o)
                0x000000000010b0e4                gspWaitForEvent
 .text.gspWaitForAnyEvent
                0x000000000010b128       0x64 C:/devkitPro/libctru/lib\libctru.a(gspgpu.o)
                0x000000000010b128                gspWaitForAnyEvent
 .text.gspEventThreadMain
                0x000000000010b18c      0x178 C:/devkitPro/libctru/lib\libctru.a(gspgpu.o)
 .text.gspSubmitGxCommand
                0x000000000010b304      0x120 C:/devkitPro/libctru/lib\libctru.a(gspgpu.o)
                0x000000000010b304                gspSubmitGxCommand
 .text.GSPGPU_SetBufferSwap
                0x000000000010b424       0x6c C:/devkitPro/libctru/lib\libctru.a(gspgpu.o)
                0x000000000010b424                GSPGPU_SetBufferSwap
 .text.GSPGPU_FlushDataCache
                0x000000000010b490       0x4c C:/devkitPro/libctru/lib\libctru.a(gspgpu.o)
                0x000000000010b490                GSPGPU_FlushDataCache
 .text.GSPGPU_SetLcdForceBlack
                0x000000000010b4dc       0x34 C:/devkitPro/libctru/lib\libctru.a(gspgpu.o)
                0x000000000010b4dc                GSPGPU_SetLcdForceBlack
 .text.GSPGPU_RegisterInterruptRelayQueue
                0x000000000010b510       0x64 C:/devkitPro/libctru/lib\libctru.a(gspgpu.o)
                0x000000000010b510                GSPGPU_RegisterInterruptRelayQueue
 .text.GSPGPU_UnregisterInterruptRelayQueue
                0x000000000010b574       0x2c C:/devkitPro/libctru/lib\libctru.a(gspgpu.o)
                0x000000000010b574                GSPGPU_UnregisterInterruptRelayQueue
 .text.GSPGPU_AcquireRight
                0x000000000010b5a0       0x48 C:/devkitPro/libctru/lib\libctru.a(gspgpu.o)
                0x000000000010b5a0                GSPGPU_AcquireRight
 .text.GSPGPU_ReleaseRight
                0x000000000010b5e8       0x2c C:/devkitPro/libctru/lib\libctru.a(gspgpu.o)
                0x000000000010b5e8                GSPGPU_ReleaseRight
 .text.GSPGPU_ImportDisplayCaptureInfo
                0x000000000010b614       0x80 C:/devkitPro/libctru/lib\libctru.a(gspgpu.o)
                0x000000000010b614                GSPGPU_ImportDisplayCaptureInfo
 .text.GSPGPU_SaveVramSysArea
                0x000000000010b694       0x2c C:/devkitPro/libctru/lib\libctru.a(gspgpu.o)
                0x000000000010b694                GSPGPU_SaveVramSysArea
 .text.GSPGPU_RestoreVramSysArea
                0x000000000010b6c0       0x2c C:/devkitPro/libctru/lib\libctru.a(gspgpu.o)
                0x000000000010b6c0                GSPGPU_RestoreVramSysArea
 .text.fsSessionForArchive.part.0
                0x000000000010b6ec       0x28 C:/devkitPro/libctru/lib\libctru.a(fs.o)
 .text.fsInit   0x000000000010b714       0xc4 C:/devkitPro/libctru/lib\libctru.a(fs.o)
                0x000000000010b714                fsInit
 .text.fsExit   0x000000000010b7d8       0x3c C:/devkitPro/libctru/lib\libctru.a(fs.o)
                0x000000000010b7d8                fsExit
 .text.fsExemptFromSession
                0x000000000010b814       0x64 C:/devkitPro/libctru/lib\libctru.a(fs.o)
                0x000000000010b814                fsExemptFromSession
 .text.fsUnexemptFromSession
                0x000000000010b878       0x54 C:/devkitPro/libctru/lib\libctru.a(fs.o)
                0x000000000010b878                fsUnexemptFromSession
 .text.FSUSER_OpenFile
                0x000000000010b8cc       0xbc C:/devkitPro/libctru/lib\libctru.a(fs.o)
                0x000000000010b8cc                FSUSER_OpenFile
 .text.FSUSER_OpenFileDirectly
                0x000000000010b988       0xd4 C:/devkitPro/libctru/lib\libctru.a(fs.o)
                0x000000000010b988                FSUSER_OpenFileDirectly
 .text.FSUSER_DeleteFile
                0x000000000010ba5c       0xa4 C:/devkitPro/libctru/lib\libctru.a(fs.o)
                0x000000000010ba5c                FSUSER_DeleteFile
 .text.FSUSER_RenameFile
                0x000000000010bb00       0xdc C:/devkitPro/libctru/lib\libctru.a(fs.o)
                0x000000000010bb00                FSUSER_RenameFile
 .text.FSUSER_DeleteDirectory
                0x000000000010bbdc       0xa4 C:/devkitPro/libctru/lib\libctru.a(fs.o)
                0x000000000010bbdc                FSUSER_DeleteDirectory
 .text.FSUSER_CreateFile
                0x000000000010bc80       0xbc C:/devkitPro/libctru/lib\libctru.a(fs.o)
                0x000000000010bc80                FSUSER_CreateFile
 .text.FSUSER_CreateDirectory
                0x000000000010bd3c       0xac C:/devkitPro/libctru/lib\libctru.a(fs.o)
                0x000000000010bd3c                FSUSER_CreateDirectory
 .text.FSUSER_RenameDirectory
                0x000000000010bde8       0xdc C:/devkitPro/libctru/lib\libctru.a(fs.o)
                0x000000000010bde8                FSUSER_RenameDirectory
 .text.FSUSER_OpenDirectory
                0x000000000010bec4       0xa0 C:/devkitPro/libctru/lib\libctru.a(fs.o)
                0x000000000010bec4                FSUSER_OpenDirectory
 .text.FSUSER_OpenArchive
                0x000000000010bf64       0x98 C:/devkitPro/libctru/lib\libctru.a(fs.o)
                0x000000000010bf64                FSUSER_OpenArchive
 .text.FSUSER_ControlArchive
                0x000000000010bffc       0x98 C:/devkitPro/libctru/lib\libctru.a(fs.o)
                0x000000000010bffc                FSUSER_ControlArchive
 .text.FSUSER_CloseArchive
                0x000000000010c094       0x70 C:/devkitPro/libctru/lib\libctru.a(fs.o)
                0x000000000010c094                FSUSER_CloseArchive
 .text.FSUSER_GetSdmcArchiveResource
                0x000000000010c104       0x78 C:/devkitPro/libctru/lib\libctru.a(fs.o)
                0x000000000010c104                FSUSER_GetSdmcArchiveResource
 .text.FSUSER_IsSdmcWritable
                0x000000000010c17c       0x64 C:/devkitPro/libctru/lib\libctru.a(fs.o)
                0x000000000010c17c                FSUSER_IsSdmcWritable
 .text.FSFILE_Read
                0x000000000010c1e0       0x58 C:/devkitPro/libctru/lib\libctru.a(fs.o)
                0x000000000010c1e0                FSFILE_Read
 .text.FSFILE_Write
                0x000000000010c238       0x64 C:/devkitPro/libctru/lib\libctru.a(fs.o)
                0x000000000010c238                FSFILE_Write
 .text.FSFILE_GetSize
                0x000000000010c29c       0x38 C:/devkitPro/libctru/lib\libctru.a(fs.o)
                0x000000000010c29c                FSFILE_GetSize
 .text.FSFILE_SetSize
                0x000000000010c2d4       0x28 C:/devkitPro/libctru/lib\libctru.a(fs.o)
                0x000000000010c2d4                FSFILE_SetSize
 .text.FSFILE_Close
                0x000000000010c2fc       0x3c C:/devkitPro/libctru/lib\libctru.a(fs.o)
                0x000000000010c2fc                FSFILE_Close
 .text.FSFILE_Flush
                0x000000000010c338       0x24 C:/devkitPro/libctru/lib\libctru.a(fs.o)
                0x000000000010c338                FSFILE_Flush
 .text.FSDIR_Read
                0x000000000010c35c       0x54 C:/devkitPro/libctru/lib\libctru.a(fs.o)
                0x000000000010c35c                FSDIR_Read
 .text.FSDIR_Close
                0x000000000010c3b0       0x3c C:/devkitPro/libctru/lib\libctru.a(fs.o)
                0x000000000010c3b0                FSDIR_Close
 .text._aptDebug
                0x000000000010c3ec        0x4 C:/devkitPro/libctru/lib\libctru.a(apt.o)
                0x000000000010c3ec                _aptDebug
 .text.aptSendCommand
                0x000000000010c3f0      0x170 C:/devkitPro/libctru/lib\libctru.a(apt.o)
                0x000000000010c3f0                aptSendCommand
 .text.aptExitProcess
                0x000000000010c560       0x3c C:/devkitPro/libctru/lib\libctru.a(apt.o)
 .text.aptHook  0x000000000010c59c       0x34 C:/devkitPro/libctru/lib\libctru.a(apt.o)
                0x000000000010c59c                aptHook
 .text.aptUnhook
                0x000000000010c5d0       0x2c C:/devkitPro/libctru/lib\libctru.a(apt.o)
                0x000000000010c5d0                aptUnhook
 .text.APT_InquireNotification
                0x000000000010c5fc       0x4c C:/devkitPro/libctru/lib\libctru.a(apt.o)
                0x000000000010c5fc                APT_InquireNotification
 .text.aptEventHandler
                0x000000000010c648      0x198 C:/devkitPro/libctru/lib\libctru.a(apt.o)
 .text.APT_AppletUtility
                0x000000000010c7e0       0x74 C:/devkitPro/libctru/lib\libctru.a(apt.o)
                0x000000000010c7e0                APT_AppletUtility
 .text.aptSetSleepAllowed
                0x000000000010c854       0xb0 C:/devkitPro/libctru/lib\libctru.a(apt.o)
                0x000000000010c854                aptSetSleepAllowed
 .text.APT_GlanceParameter
                0x000000000010c904       0xb0 C:/devkitPro/libctru/lib\libctru.a(apt.o)
                0x000000000010c904                APT_GlanceParameter
 .text.APT_ReceiveParameter
                0x000000000010c9b4       0xc4 C:/devkitPro/libctru/lib\libctru.a(apt.o)
                0x000000000010c9b4                APT_ReceiveParameter
 .text.aptReceiveParameter.constprop.0
                0x000000000010ca78       0xbc C:/devkitPro/libctru/lib\libctru.a(apt.o)
 *fill*         0x000000000010cb34        0x4 
 .text.aptScreenTransfer
                0x000000000010cb38      0x1e0 C:/devkitPro/libctru/lib\libctru.a(apt.o)
 .text.aptWaitForWakeUp
                0x000000000010cd18      0x210 C:/devkitPro/libctru/lib\libctru.a(apt.o)
 .text.APT_CancelParameter
                0x000000000010cf28       0x70 C:/devkitPro/libctru/lib\libctru.a(apt.o)
                0x000000000010cf28                APT_CancelParameter
 .text.aptInit  0x000000000010cf98      0x25c C:/devkitPro/libctru/lib\libctru.a(apt.o)
                0x000000000010cf98                aptInit
 .text.aptClearParamQueue
                0x000000000010d1f4       0x88 C:/devkitPro/libctru/lib\libctru.a(apt.o)
 .text.aptMainLoop
                0x000000000010d27c      0x208 C:/devkitPro/libctru/lib\libctru.a(apt.o)
                0x000000000010d27c                aptMainLoop
 *fill*         0x000000000010d484        0x4 
 .text.aptExit  0x000000000010d488      0x23c C:/devkitPro/libctru/lib\libctru.a(apt.o)
                0x000000000010d488                aptExit
 .text.APT_CheckNew3DS
                0x000000000010d6c4       0x7c C:/devkitPro/libctru/lib\libctru.a(apt.o)
                0x000000000010d6c4                APT_CheckNew3DS
 .text.APT_GetSharedFont
                0x000000000010d740       0x48 C:/devkitPro/libctru/lib\libctru.a(apt.o)
                0x000000000010d740                APT_GetSharedFont
 .text.hidCheckSectionUpdateTime.part.0
                0x000000000010d788       0x28 C:/devkitPro/libctru/lib\libctru.a(hid.o)
 .text.hidExit  0x000000000010d7b0       0xd0 C:/devkitPro/libctru/lib\libctru.a(hid.o)
                0x000000000010d7b0                hidExit
 .text.hidScanInput
                0x000000000010d880      0x210 C:/devkitPro/libctru/lib\libctru.a(hid.o)
                0x000000000010d880                hidScanInput
 .text.hidKeysDown
                0x000000000010da90       0x10 C:/devkitPro/libctru/lib\libctru.a(hid.o)
                0x000000000010da90                hidKeysDown
 .text.hidTouchRead
                0x000000000010daa0       0x18 C:/devkitPro/libctru/lib\libctru.a(hid.o)
                0x000000000010daa0                hidTouchRead
 .text.HIDUSER_GetHandles
                0x000000000010dab8       0x90 C:/devkitPro/libctru/lib\libctru.a(hid.o)
                0x000000000010dab8                HIDUSER_GetHandles
 .text.hidInit  0x000000000010db48      0x1a4 C:/devkitPro/libctru/lib\libctru.a(hid.o)
                0x000000000010db48                hidInit
 .text.ptmSysmInit
                0x000000000010dcec       0x74 C:/devkitPro/libctru/lib\libctru.a(ptmsysm.o)
                0x000000000010dcec                ptmSysmInit
 .text.ptmSysmExit
                0x000000000010dd60       0x3c C:/devkitPro/libctru/lib\libctru.a(ptmsysm.o)
                0x000000000010dd60                ptmSysmExit
 .text.PTMSYSM_ConfigureNew3DSCPU
                0x000000000010dd9c       0x34 C:/devkitPro/libctru/lib\libctru.a(ptmsysm.o)
                0x000000000010dd9c                PTMSYSM_ConfigureNew3DSCPU
 .text.iov_memmove
                0x000000000010ddd0      0x128 C:/devkitPro/libctru/lib\libctru.a(decompress.o)
 .text.buffer_read
                0x000000000010def8       0xd8 C:/devkitPro/libctru/lib\libctru.a(decompress.o)
 .text.iov_read
                0x000000000010dfd0       0xdc C:/devkitPro/libctru/lib\libctru.a(decompress.o)
 .text.decompress_lzss
                0x000000000010e0ac      0x268 C:/devkitPro/libctru/lib\libctru.a(decompress.o)
 .text.decompress_huff.isra.1.part.2
                0x000000000010e314      0x2c4 C:/devkitPro/libctru/lib\libctru.a(decompress.o)
 .text.decompress_rle
                0x000000000010e5d8      0x1d4 C:/devkitPro/libctru/lib\libctru.a(decompress.o)
 .text.decompress_lz11
                0x000000000010e7ac      0x444 C:/devkitPro/libctru/lib\libctru.a(decompress.o)
 .text.decompressCallback_Stdio
                0x000000000010ebf0       0x14 C:/devkitPro/libctru/lib\libctru.a(decompress.o)
                0x000000000010ebf0                decompressCallback_Stdio
 .text.decompressHeader
                0x000000000010ec04       0xe8 C:/devkitPro/libctru/lib\libctru.a(decompress.o)
                0x000000000010ec04                decompressHeader
 .text.decompressV
                0x000000000010ecec      0x268 C:/devkitPro/libctru/lib\libctru.a(decompress.o)
                0x000000000010ecec                decompressV
 .text.rbtree_init
                0x000000000010ef54       0x14 C:/devkitPro/libctru/lib\libctru.a(rbtree_init.o)
                0x000000000010ef54                rbtree_init
 .text.do_insert
                0x000000000010ef68      0x18c C:/devkitPro/libctru/lib\libctru.a(rbtree_insert.o)
 .text.rbtree_insert
                0x000000000010f0f4        0x8 C:/devkitPro/libctru/lib\libctru.a(rbtree_insert.o)
                0x000000000010f0f4                rbtree_insert
 .text.rbtree_rotate
                0x000000000010f0fc       0x90 C:/devkitPro/libctru/lib\libctru.a(rbtree_rotate.o)
                0x000000000010f0fc                rbtree_rotate
 .text.rbtree_remove
                0x000000000010f18c      0x330 C:/devkitPro/libctru/lib\libctru.a(rbtree_remove.o)
                0x000000000010f18c                rbtree_remove
 .text.rbtree_find
                0x000000000010f4bc       0x74 C:/devkitPro/libctru/lib\libctru.a(rbtree_find.o)
                0x000000000010f4bc                rbtree_find
 .text.utf8_to_utf16
                0x000000000010f530       0xc0 C:/devkitPro/libctru/lib\libctru.a(utf8_to_utf16.o)
                0x000000000010f530                utf8_to_utf16
 .text.decode_utf8
                0x000000000010f5f0      0x138 C:/devkitPro/libctru/lib\libctru.a(decode_utf8.o)
                0x000000000010f5f0                decode_utf8
 .text.utf16_to_utf8
                0x000000000010f728       0xe8 C:/devkitPro/libctru/lib\libctru.a(utf16_to_utf8.o)
                0x000000000010f728                utf16_to_utf8
 .text.__libctru_init
                0x000000000010f810       0x38 C:/devkitPro/libctru/lib\libctru.a(initSystem.o)
                0x000000000010f810                __libctru_init
 .text.__libctru_nanosleep
                0x000000000010f848       0x38 C:/devkitPro/libctru/lib\libctru.a(syscalls.o)
 .text.__ctru_get_reent
                0x000000000010f880       0x30 C:/devkitPro/libctru/lib\libctru.a(syscalls.o)
 .text.__system_initSyscalls
                0x000000000010f8b0       0xfc C:/devkitPro/libctru/lib\libctru.a(syscalls.o)
                0x000000000010f8b0                __system_initSyscalls
 .text.__system_allocateHeaps
                0x000000000010f9ac      0x104 C:/devkitPro/libctru/lib\libctru.a(allocateHeaps.o)
                0x000000000010f9ac                __system_allocateHeaps
 .text.__system_initArgv
                0x000000000010fab0       0xf0 C:/devkitPro/libctru/lib\libctru.a(initArgv.o)
                0x000000000010fab0                __system_initArgv
 .text.svcControlMemory
                0x000000000010fba0       0x20 C:/devkitPro/libctru/lib\libctru.a(svc.o)
                0x000000000010fba0                svcControlMemory
 .text.svcExitProcess
                0x000000000010fbc0        0x8 C:/devkitPro/libctru/lib\libctru.a(svc.o)
                0x000000000010fbc0                svcExitProcess
 .text.svcCreateThread
                0x000000000010fbc8       0x20 C:/devkitPro/libctru/lib\libctru.a(svc.o)
                0x000000000010fbc8                svcCreateThread
 .text.svcExitThread
                0x000000000010fbe8        0x8 C:/devkitPro/libctru/lib\libctru.a(svc.o)
                0x000000000010fbe8                svcExitThread
 .text.svcSleepThread
                0x000000000010fbf0        0x8 C:/devkitPro/libctru/lib\libctru.a(svc.o)
                0x000000000010fbf0                svcSleepThread
 .text.svcReleaseMutex
                0x000000000010fbf8        0x8 C:/devkitPro/libctru/lib\libctru.a(svc.o)
                0x000000000010fbf8                svcReleaseMutex
 .text.svcCreateEvent
                0x000000000010fc00       0x14 C:/devkitPro/libctru/lib\libctru.a(svc.o)
                0x000000000010fc00                svcCreateEvent
 .text.svcSignalEvent
                0x000000000010fc14        0x8 C:/devkitPro/libctru/lib\libctru.a(svc.o)
                0x000000000010fc14                svcSignalEvent
 .text.svcClearEvent
                0x000000000010fc1c        0x8 C:/devkitPro/libctru/lib\libctru.a(svc.o)
                0x000000000010fc1c                svcClearEvent
 .text.svcMapMemoryBlock
                0x000000000010fc24        0x8 C:/devkitPro/libctru/lib\libctru.a(svc.o)
                0x000000000010fc24                svcMapMemoryBlock
 .text.svcUnmapMemoryBlock
                0x000000000010fc2c        0x8 C:/devkitPro/libctru/lib\libctru.a(svc.o)
                0x000000000010fc2c                svcUnmapMemoryBlock
 .text.svcCreateAddressArbiter
                0x000000000010fc34       0x14 C:/devkitPro/libctru/lib\libctru.a(svc.o)
                0x000000000010fc34                svcCreateAddressArbiter
 .text.svcArbitrateAddress
                0x000000000010fc48       0x18 C:/devkitPro/libctru/lib\libctru.a(svc.o)
                0x000000000010fc48                svcArbitrateAddress
 .text.svcCloseHandle
                0x000000000010fc60        0x8 C:/devkitPro/libctru/lib\libctru.a(svc.o)
                0x000000000010fc60                svcCloseHandle
 .text.svcWaitSynchronization
                0x000000000010fc68        0x8 C:/devkitPro/libctru/lib\libctru.a(svc.o)
                0x000000000010fc68                svcWaitSynchronization
 .text.svcWaitSynchronizationN
                0x000000000010fc70       0x28 C:/devkitPro/libctru/lib\libctru.a(svc.o)
                0x000000000010fc70                svcWaitSynchronizationN
 .text.svcDuplicateHandle
                0x000000000010fc98       0x14 C:/devkitPro/libctru/lib\libctru.a(svc.o)
                0x000000000010fc98                svcDuplicateHandle
 .text.svcGetSystemTick
                0x000000000010fcac        0x8 C:/devkitPro/libctru/lib\libctru.a(svc.o)
                0x000000000010fcac                svcGetSystemTick
 .text.svcGetSystemInfo
                0x000000000010fcb4       0x18 C:/devkitPro/libctru/lib\libctru.a(svc.o)
                0x000000000010fcb4                svcGetSystemInfo
 .text.svcConnectToPort
                0x000000000010fccc       0x14 C:/devkitPro/libctru/lib\libctru.a(svc.o)
                0x000000000010fccc                svcConnectToPort
 .text.svcSendSyncRequest
                0x000000000010fce0        0x8 C:/devkitPro/libctru/lib\libctru.a(svc.o)
                0x000000000010fce0                svcSendSyncRequest
 .text.svcBreak
                0x000000000010fce8        0x8 C:/devkitPro/libctru/lib\libctru.a(svc.o)
                0x000000000010fce8                svcBreak
 .text._ZL21addrMapNodeComparatorPK11rbtree_nodeS1_
                0x000000000010fcf0       0x24 C:/devkitPro/libctru/lib\libctru.a(mappable.o)
 .text._ZL21addrMapNodeDestructorP11rbtree_node
                0x000000000010fd14        0x4 C:/devkitPro/libctru/lib\libctru.a(mappable.o)
 .text.mappableAlloc
                0x000000000010fd18       0xe4 C:/devkitPro/libctru/lib\libctru.a(mappable.o)
                0x000000000010fd18                mappableAlloc
 .text.mappableFree
                0x000000000010fdfc       0x50 C:/devkitPro/libctru/lib\libctru.a(mappable.o)
                0x000000000010fdfc                mappableFree
 .text.LightLock_Unlock.part.1
                0x000000000010fe4c       0x38 C:/devkitPro/libctru/lib\libctru.a(synchronization.o)
 .text.__sync_init
                0x000000000010fe84        0xc C:/devkitPro/libctru/lib\libctru.a(synchronization.o)
                0x000000000010fe84                __sync_init
 .text.__sync_fini
                0x000000000010fe90       0x18 C:/devkitPro/libctru/lib\libctru.a(synchronization.o)
                0x000000000010fe90                __sync_fini
 .text.__sync_get_arbiter
                0x000000000010fea8       0x10 C:/devkitPro/libctru/lib\libctru.a(synchronization.o)
                0x000000000010fea8                __sync_get_arbiter
 .text.LightLock_Init
                0x000000000010feb8       0x18 C:/devkitPro/libctru/lib\libctru.a(synchronization.o)
                0x000000000010feb8                LightLock_Init
 .text.LightLock_Lock
                0x000000000010fed0       0x9c C:/devkitPro/libctru/lib\libctru.a(synchronization.o)
                0x000000000010fed0                LightLock_Lock
 .text.LightLock_TryLock
                0x000000000010ff6c       0x34 C:/devkitPro/libctru/lib\libctru.a(synchronization.o)
                0x000000000010ff6c                LightLock_TryLock
 .text.LightLock_Unlock
                0x000000000010ffa0       0x20 C:/devkitPro/libctru/lib\libctru.a(synchronization.o)
                0x000000000010ffa0                LightLock_Unlock
 .text.RecursiveLock_Init
                0x000000000010ffc0       0x24 C:/devkitPro/libctru/lib\libctru.a(synchronization.o)
                0x000000000010ffc0                RecursiveLock_Init
 .text.RecursiveLock_Lock
                0x000000000010ffe4       0x30 C:/devkitPro/libctru/lib\libctru.a(synchronization.o)
                0x000000000010ffe4                RecursiveLock_Lock
 .text.RecursiveLock_TryLock
                0x0000000000110014       0x58 C:/devkitPro/libctru/lib\libctru.a(synchronization.o)
                0x0000000000110014                RecursiveLock_TryLock
 .text.RecursiveLock_Unlock
                0x000000000011006c       0x38 C:/devkitPro/libctru/lib\libctru.a(synchronization.o)
                0x000000000011006c                RecursiveLock_Unlock
 .text.LightEvent_Init
                0x00000000001100a4       0x38 C:/devkitPro/libctru/lib\libctru.a(synchronization.o)
                0x00000000001100a4                LightEvent_Init
 .text.LightEvent_Clear
                0x00000000001100dc       0x7c C:/devkitPro/libctru/lib\libctru.a(synchronization.o)
                0x00000000001100dc                LightEvent_Clear
 .text.LightEvent_Signal
                0x0000000000110158       0xdc C:/devkitPro/libctru/lib\libctru.a(synchronization.o)
                0x0000000000110158                LightEvent_Signal
 .text.LightEvent_Wait
                0x0000000000110234       0xc0 C:/devkitPro/libctru/lib\libctru.a(synchronization.o)
                0x0000000000110234                LightEvent_Wait
 .text.envGetHandle
                0x00000000001102f4       0x80 C:/devkitPro/libctru/lib\libctru.a(env.o)
                0x00000000001102f4                envGetHandle
 .text.envDestroyHandles
                0x0000000000110374       0x4c C:/devkitPro/libctru/lib\libctru.a(env.o)
                0x0000000000110374                envDestroyHandles
 .text.srvExit  0x00000000001103c0       0x58 C:/devkitPro/libctru/lib\libctru.a(srv.o)
                0x00000000001103c0                srvExit
 .text.srvRegisterClient
                0x0000000000110418       0x38 C:/devkitPro/libctru/lib\libctru.a(srv.o)
                0x0000000000110418                srvRegisterClient
 .text.srvInit  0x0000000000110450       0xc8 C:/devkitPro/libctru/lib\libctru.a(srv.o)
                0x0000000000110450                srvInit
 .text.srvGetServiceHandleDirect
                0x0000000000110518       0x80 C:/devkitPro/libctru/lib\libctru.a(srv.o)
                0x0000000000110518                srvGetServiceHandleDirect
 .text.srvGetServiceHandle
                0x0000000000110598       0x38 C:/devkitPro/libctru/lib\libctru.a(srv.o)
                0x0000000000110598                srvGetServiceHandle
 .text.threadFree.part.0
                0x00000000001105d0       0x1c C:/devkitPro/libctru/lib\libctru.a(thread.o)
 .text.threadCreate
                0x00000000001105ec      0x194 C:/devkitPro/libctru/lib\libctru.a(thread.o)
                0x00000000001105ec                threadCreate
 .text.threadJoin
                0x0000000000110780       0x24 C:/devkitPro/libctru/lib\libctru.a(thread.o)
                0x0000000000110780                threadJoin
 .text.threadExit
                0x00000000001107a4       0x68 C:/devkitPro/libctru/lib\libctru.a(thread.o)
                0x00000000001107a4                threadExit
 .text._thread_begin
                0x000000000011080c       0x48 C:/devkitPro/libctru/lib\libctru.a(thread.o)
 .text.irrstScanInput
                0x0000000000110854       0xac C:/devkitPro/libctru/lib\libctru.a(irrst.o)
                0x0000000000110854                irrstScanInput
 .text.irrstKeysHeld
                0x0000000000110900       0x24 C:/devkitPro/libctru/lib\libctru.a(irrst.o)
                0x0000000000110900                irrstKeysHeld
 .text.IRRST_GetHandles
                0x0000000000110924       0x50 C:/devkitPro/libctru/lib\libctru.a(irrst.o)
                0x0000000000110924                IRRST_GetHandles
 .text.irrstInit
                0x0000000000110974      0x154 C:/devkitPro/libctru/lib\libctru.a(irrst.o)
                0x0000000000110974                irrstInit
 .text.IRRST_Shutdown
                0x0000000000110ac8       0x2c C:/devkitPro/libctru/lib\libctru.a(irrst.o)
                0x0000000000110ac8                IRRST_Shutdown
 .text.irrstExit
                0x0000000000110af4       0xac C:/devkitPro/libctru/lib\libctru.a(irrst.o)
                0x0000000000110af4                irrstExit
 .text.srvPmGetSessionHandle
                0x0000000000110ba0        0xc C:/devkitPro/libctru/lib\libctru.a(srvpm.o)
                0x0000000000110ba0                srvPmGetSessionHandle
 .text.rbtree_node_next
                0x0000000000110bac       0x78 C:/devkitPro/libctru/lib\libctru.a(rbtree_iterator.o)
                0x0000000000110bac                rbtree_node_next
 .text.encode_utf16
                0x0000000000110c24       0x68 C:/devkitPro/libctru/lib\libctru.a(encode_utf16.o)
                0x0000000000110c24                encode_utf16
 .text.encode_utf8
                0x0000000000110c8c      0x104 C:/devkitPro/libctru/lib\libctru.a(encode_utf8.o)
                0x0000000000110c8c                encode_utf8
 .text.decode_utf16
                0x0000000000110d90       0x60 C:/devkitPro/libctru/lib\libctru.a(decode_utf16.o)
                0x0000000000110d90                decode_utf16
 .text.__appInit
                0x0000000000110df0       0x1c C:/devkitPro/libctru/lib\libctru.a(appInit.o)
                0x0000000000110df0                __appInit
 .text.__appExit
                0x0000000000110e0c       0x1c C:/devkitPro/libctru/lib\libctru.a(appExit.o)
                0x0000000000110e0c                __appExit
 .text.__libctru_exit
                0x0000000000110e28       0xa0 C:/devkitPro/libctru/lib\libctru.a(ctru_exit.o)
                0x0000000000110e28                __libctru_exit
 .text.sdmc_link
                0x0000000000110ec8       0x10 C:/devkitPro/libctru/lib\libctru.a(sdmc_dev.o)
 .text.sdmc_dirreset
                0x0000000000110ed8       0x10 C:/devkitPro/libctru/lib\libctru.a(sdmc_dev.o)
 .text.sdmc_chmod
                0x0000000000110ee8       0x10 C:/devkitPro/libctru/lib\libctru.a(sdmc_dev.o)
 .text.error_cmp
                0x0000000000110ef8       0x24 C:/devkitPro/libctru/lib\libctru.a(sdmc_dev.o)
 .text.sdmc_translate_error
                0x0000000000110f1c       0x50 C:/devkitPro/libctru/lib\libctru.a(sdmc_dev.o)
 .text.sdmc_fsync
                0x0000000000110f6c       0x34 C:/devkitPro/libctru/lib\libctru.a(sdmc_dev.o)
 .text.sdmc_ftruncate
                0x0000000000110fa0       0x54 C:/devkitPro/libctru/lib\libctru.a(sdmc_dev.o)
 .text.sdmc_statvfs
                0x0000000000110ff4       0xb8 C:/devkitPro/libctru/lib\libctru.a(sdmc_dev.o)
 .text.sdmc_dirclose
                0x00000000001110ac       0x38 C:/devkitPro/libctru/lib\libctru.a(sdmc_dev.o)
 .text.sdmc_dirnext
                0x00000000001110e4      0x12c C:/devkitPro/libctru/lib\libctru.a(sdmc_dev.o)
 .text.sdmc_close
                0x0000000000111210       0x34 C:/devkitPro/libctru/lib\libctru.a(sdmc_dev.o)
 .text.sdmc_fstat
                0x0000000000111244       0x74 C:/devkitPro/libctru/lib\libctru.a(sdmc_dev.o)
 .text.sdmc_seek
                0x00000000001112b8       0xd8 C:/devkitPro/libctru/lib\libctru.a(sdmc_dev.o)
 .text.sdmc_read
                0x0000000000111390       0x84 C:/devkitPro/libctru/lib\libctru.a(sdmc_dev.o)
 .text.sdmc_write
                0x0000000000111414       0xc0 C:/devkitPro/libctru/lib\libctru.a(sdmc_dev.o)
 .text.sdmc_utf16path
                0x00000000001114d4      0x1b0 C:/devkitPro/libctru/lib\libctru.a(sdmc_dev.o)
 .text.sdmc_rmdir
                0x0000000000111684       0x74 C:/devkitPro/libctru/lib\libctru.a(sdmc_dev.o)
 .text.sdmc_diropen
                0x00000000001116f8       0xa4 C:/devkitPro/libctru/lib\libctru.a(sdmc_dev.o)
 .text.sdmc_chdir
                0x000000000011179c       0xb0 C:/devkitPro/libctru/lib\libctru.a(sdmc_dev.o)
 .text.sdmc_mkdir
                0x000000000011184c       0x94 C:/devkitPro/libctru/lib\libctru.a(sdmc_dev.o)
 .text.sdmc_rename
                0x00000000001118e0      0x108 C:/devkitPro/libctru/lib\libctru.a(sdmc_dev.o)
 .text.sdmc_unlink
                0x00000000001119e8       0x74 C:/devkitPro/libctru/lib\libctru.a(sdmc_dev.o)
 .text.sdmc_stat
                0x0000000000111a5c      0x108 C:/devkitPro/libctru/lib\libctru.a(sdmc_dev.o)
 .text.sdmc_open
                0x0000000000111b64      0x198 C:/devkitPro/libctru/lib\libctru.a(sdmc_dev.o)
 .text.sdmc_fchmod
                0x0000000000111cfc       0x10 C:/devkitPro/libctru/lib\libctru.a(sdmc_dev.o)
 .text.sdmcInit
                0x0000000000111d0c      0x168 C:/devkitPro/libctru/lib\libctru.a(sdmc_dev.o)
                0x0000000000111d0c                sdmcInit
 .text.sdmcExit
                0x0000000000111e74       0x60 C:/devkitPro/libctru/lib\libctru.a(sdmc_dev.o)
                0x0000000000111e74                sdmcExit
 .text.__aeabi_read_tp
                0x0000000000111ed4        0xc C:/devkitPro/libctru/lib\libctru.a(readtp.o)
                0x0000000000111ed4                __aeabi_read_tp
 .text.cosf     0x0000000000111ee0      0x234 c:/devkitpro/devkitarm/bin/../lib/gcc/arm-none-eabi/8.3.0/../../../../arm-none-eabi/lib/armv6k/fpu\libm.a(lib_a-cosf.o)
                0x0000000000111ee0                cosf
 .text.with_errnof
                0x0000000000112114       0x24 c:/devkitpro/devkitarm/bin/../lib/gcc/arm-none-eabi/8.3.0/../../../../arm-none-eabi/lib/armv6k/fpu\libm.a(lib_a-math_errf.o)
 .text.__math_invalidf
                0x0000000000112138       0x1c c:/devkitpro/devkitarm/bin/../lib/gcc/arm-none-eabi/8.3.0/../../../../arm-none-eabi/lib/armv6k/fpu\libm.a(lib_a-math_errf.o)
                0x0000000000112138                __math_invalidf
 .text.ceilf    0x0000000000112154       0xb4 c:/devkitpro/devkitarm/bin/../lib/gcc/arm-none-eabi/8.3.0/../../../../arm-none-eabi/lib/armv6k/fpu\libm.a(lib_a-sf_ceil.o)
                0x0000000000112154                ceilf
 .text.sinf     0x0000000000112208      0x250 c:/devkitpro/devkitarm/bin/../lib/gcc/arm-none-eabi/8.3.0/../../../../arm-none-eabi/lib/armv6k/fpu\libm.a(lib_a-sinf.o)
                0x0000000000112208                sinf
 .text.sqrt     0x0000000000112458       0xf0 c:/devkitpro/devkitarm/bin/../lib/gcc/arm-none-eabi/8.3.0/../../../../arm-none-eabi/lib/armv6k/fpu\libm.a(lib_a-w_sqrt.o)
                0x0000000000112458                sqrt
 .text.__ieee754_sqrt
                0x0000000000112548        0x8 c:/devkitpro/devkitarm/bin/../lib/gcc/arm-none-eabi/8.3.0/../../../../arm-none-eabi/lib/armv6k/fpu\libm.a(lib_a-e_sqrt.o)
                0x0000000000112548                __ieee754_sqrt
 .text.matherr  0x0000000000112550        0x8 c:/devkitpro/devkitarm/bin/../lib/gcc/arm-none-eabi/8.3.0/../../../../arm-none-eabi/lib/armv6k/fpu\libm.a(lib_a-s_matherr.o)
                0x0000000000112550                matherr
 .text.__fixdfdi
                0x0000000000112558       0x2c c:/devkitpro/devkitarm/bin/../lib/gcc/arm-none-eabi/8.3.0/armv6k/fpu\libgcc.a(_fixdfdi.o)
                0x0000000000112558                __fixdfdi
                0x0000000000112558                __aeabi_d2lz
 *fill*         0x0000000000112584        0x4 
 .text.__fixunsdfdi
                0x0000000000112588       0x40 c:/devkitpro/devkitarm/bin/../lib/gcc/arm-none-eabi/8.3.0/armv6k/fpu\libgcc.a(_fixunsdfdi.o)
                0x0000000000112588                __fixunsdfdi
                0x0000000000112588                __aeabi_d2ulz
 .text.__udivmoddi4
                0x00000000001125c8      0x128 c:/devkitpro/devkitarm/bin/../lib/gcc/arm-none-eabi/8.3.0/armv6k/fpu\libgcc.a(_udivmoddi4.o)
                0x00000000001125c8                __udivmoddi4
 .text.atoi     0x00000000001126f0        0xc c:/devkitpro/devkitarm/bin/../lib/gcc/arm-none-eabi/8.3.0/../../../../arm-none-eabi/lib/armv6k/fpu\libg.a(lib_a-atoi.o)
                0x00000000001126f0                atoi
 .text.bsearch  0x00000000001126fc       0x7c c:/devkitpro/devkitarm/bin/../lib/gcc/arm-none-eabi/8.3.0/../../../../arm-none-eabi/lib/armv6k/fpu\libg.a(lib_a-bsearch.o)
                0x00000000001126fc                bsearch
 .text.calloc   0x0000000000112778       0x20 c:/devkitpro/devkitarm/bin/../lib/gcc/arm-none-eabi/8.3.0/../../../../arm-none-eabi/lib/armv6k/fpu\libg.a(lib_a-calloc.o)
                0x0000000000112778                calloc
 .text._calloc_r
                0x0000000000112798       0x94 c:/devkitpro/devkitarm/bin/../lib/gcc/arm-none-eabi/8.3.0/../../../../arm-none-eabi/lib/armv6k/fpu\libg.a(lib_a-callocr.o)
                0x0000000000112798                _calloc_r
 .text.__errno  0x000000000011282c        0xc c:/devkitpro/devkitarm/bin/../lib/gcc/arm-none-eabi/8.3.0/../../../../arm-none-eabi/lib/armv6k/fpu\libg.a(lib_a-errno.o)
                0x000000000011282c                __errno
 .text._fclose_r
                0x0000000000112838      0x160 c:/devkitpro/devkitarm/bin/../lib/gcc/arm-none-eabi/8.3.0/../../../../arm-none-eabi/lib/armv6k/fpu\libg.a(lib_a-fclose.o)
                0x0000000000112838                _fclose_r
 .text.fclose   0x0000000000112998       0x18 c:/devkitpro/devkitarm/bin/../lib/gcc/arm-none-eabi/8.3.0/../../../../arm-none-eabi/lib/armv6k/fpu\libg.a(lib_a-fclose.o)
                0x0000000000112998                fclose
 .text.__sflush_r
                0x00000000001129b0      0x270 c:/devkitpro/devkitarm/bin/../lib/gcc/arm-none-eabi/8.3.0/../../../../arm-none-eabi/lib/armv6k/fpu\libg.a(lib_a-fflush.o)
                0x00000000001129b0                __sflush_r
 .text._fflush_r
                0x0000000000112c20       0x94 c:/devkitpro/devkitarm/bin/../lib/gcc/arm-none-eabi/8.3.0/../../../../arm-none-eabi/lib/armv6k/fpu\libg.a(lib_a-fflush.o)
                0x0000000000112c20                _fflush_r
 .text.fflush   0x0000000000112cb4       0x38 c:/devkitpro/devkitarm/bin/../lib/gcc/arm-none-eabi/8.3.0/../../../../arm-none-eabi/lib/armv6k/fpu\libg.a(lib_a-fflush.o)
                0x0000000000112cb4                fflush
 .text.std      0x0000000000112cec       0x78 c:/devkitpro/devkitarm/bin/../lib/gcc/arm-none-eabi/8.3.0/../../../../arm-none-eabi/lib/armv6k/fpu\libg.a(lib_a-findfp.o)
 .text._cleanup_r
                0x0000000000112d64        0xc c:/devkitpro/devkitarm/bin/../lib/gcc/arm-none-eabi/8.3.0/../../../../arm-none-eabi/lib/armv6k/fpu\libg.a(lib_a-findfp.o)
                0x0000000000112d64                _cleanup_r
 .text.__sfmoreglue
                0x0000000000112d70       0x48 c:/devkitpro/devkitarm/bin/../lib/gcc/arm-none-eabi/8.3.0/../../../../arm-none-eabi/lib/armv6k/fpu\libg.a(lib_a-findfp.o)
                0x0000000000112d70                __sfmoreglue
 .text.__sinit  0x0000000000112db8       0x8c c:/devkitpro/devkitarm/bin/../lib/gcc/arm-none-eabi/8.3.0/../../../../arm-none-eabi/lib/armv6k/fpu\libg.a(lib_a-findfp.o)
                0x0000000000112db8                __sinit
 .text.__sfp    0x0000000000112e44      0x110 c:/devkitpro/devkitarm/bin/../lib/gcc/arm-none-eabi/8.3.0/../../../../arm-none-eabi/lib/armv6k/fpu\libg.a(lib_a-findfp.o)
                0x0000000000112e44                __sfp
 .text.__sfp_lock_acquire
                0x0000000000112f54        0xc c:/devkitpro/devkitarm/bin/../lib/gcc/arm-none-eabi/8.3.0/../../../../arm-none-eabi/lib/armv6k/fpu\libg.a(lib_a-findfp.o)
                0x0000000000112f54                __sfp_lock_acquire
 .text.__sfp_lock_release
                0x0000000000112f60        0xc c:/devkitpro/devkitarm/bin/../lib/gcc/arm-none-eabi/8.3.0/../../../../arm-none-eabi/lib/armv6k/fpu\libg.a(lib_a-findfp.o)
                0x0000000000112f60                __sfp_lock_release
 .text.__libc_fini_array
                0x0000000000112f6c       0x40 c:/devkitpro/devkitarm/bin/../lib/gcc/arm-none-eabi/8.3.0/../../../../arm-none-eabi/lib/armv6k/fpu\libg.a(lib_a-fini.o)
                0x0000000000112f6c                __libc_fini_array
 .text._fopen_r
                0x0000000000112fac      0x13c c:/devkitpro/devkitarm/bin/../lib/gcc/arm-none-eabi/8.3.0/../../../../arm-none-eabi/lib/armv6k/fpu\libg.a(lib_a-fopen.o)
                0x0000000000112fac                _fopen_r
 .text.fopen    0x00000000001130e8       0x20 c:/devkitpro/devkitarm/bin/../lib/gcc/arm-none-eabi/8.3.0/../../../../arm-none-eabi/lib/armv6k/fpu\libg.a(lib_a-fopen.o)
                0x00000000001130e8                fopen
 .text.fprintf  0x0000000000113108       0x3c c:/devkitpro/devkitarm/bin/../lib/gcc/arm-none-eabi/8.3.0/../../../../arm-none-eabi/lib/armv6k/fpu\libg.a(lib_a-fprintf.o)
                0x0000000000113108                fprintf
 .text._fread_r
                0x0000000000113144      0x308 c:/devkitpro/devkitarm/bin/../lib/gcc/arm-none-eabi/8.3.0/../../../../arm-none-eabi/lib/armv6k/fpu\libg.a(lib_a-fread.o)
                0x0000000000113144                _fread_r
 .text.fread    0x000000000011344c       0x38 c:/devkitpro/devkitarm/bin/../lib/gcc/arm-none-eabi/8.3.0/../../../../arm-none-eabi/lib/armv6k/fpu\libg.a(lib_a-fread.o)
                0x000000000011344c                fread
 .text._malloc_trim_r
                0x0000000000113484       0xf8 c:/devkitpro/devkitarm/bin/../lib/gcc/arm-none-eabi/8.3.0/../../../../arm-none-eabi/lib/armv6k/fpu\libg.a(lib_a-freer.o)
                0x0000000000113484                _malloc_trim_r
 .text._free_r  0x000000000011357c      0x2e4 c:/devkitpro/devkitarm/bin/../lib/gcc/arm-none-eabi/8.3.0/../../../../arm-none-eabi/lib/armv6k/fpu\libg.a(lib_a-freer.o)
                0x000000000011357c                _free_r
 .text._fseek_r
                0x0000000000113860       0x1c c:/devkitpro/devkitarm/bin/../lib/gcc/arm-none-eabi/8.3.0/../../../../arm-none-eabi/lib/armv6k/fpu\libg.a(lib_a-fseek.o)
                0x0000000000113860                _fseek_r
 .text.fseek    0x000000000011387c       0x34 c:/devkitpro/devkitarm/bin/../lib/gcc/arm-none-eabi/8.3.0/../../../../arm-none-eabi/lib/armv6k/fpu\libg.a(lib_a-fseek.o)
                0x000000000011387c                fseek
 .text._fseeko_r
                0x00000000001138b0      0x5d0 c:/devkitpro/devkitarm/bin/../lib/gcc/arm-none-eabi/8.3.0/../../../../arm-none-eabi/lib/armv6k/fpu\libg.a(lib_a-fseeko.o)
                0x00000000001138b0                _fseeko_r
 .text.ftell    0x0000000000113e80       0x34 c:/devkitpro/devkitarm/bin/../lib/gcc/arm-none-eabi/8.3.0/../../../../arm-none-eabi/lib/armv6k/fpu\libg.a(lib_a-ftell.o)
                0x0000000000113e80                ftell
 .text._ftello_r
                0x0000000000113eb4      0x1bc c:/devkitpro/devkitarm/bin/../lib/gcc/arm-none-eabi/8.3.0/../../../../arm-none-eabi/lib/armv6k/fpu\libg.a(lib_a-ftello.o)
                0x0000000000113eb4                _ftello_r
 .text._fwalk   0x0000000000114070       0x78 c:/devkitpro/devkitarm/bin/../lib/gcc/arm-none-eabi/8.3.0/../../../../arm-none-eabi/lib/armv6k/fpu\libg.a(lib_a-fwalk.o)
                0x0000000000114070                _fwalk
 .text._fwalk_reent
                0x00000000001140e8       0x80 c:/devkitpro/devkitarm/bin/../lib/gcc/arm-none-eabi/8.3.0/../../../../arm-none-eabi/lib/armv6k/fpu\libg.a(lib_a-fwalk.o)
                0x00000000001140e8                _fwalk_reent
 .text.__libc_init_array
                0x0000000000114168       0x7c c:/devkitpro/devkitarm/bin/../lib/gcc/arm-none-eabi/8.3.0/../../../../arm-none-eabi/lib/armv6k/fpu\libg.a(lib_a-init.o)
                0x0000000000114168                __libc_init_array
 .text.__swhatbuf_r
                0x00000000001141e4       0x94 c:/devkitpro/devkitarm/bin/../lib/gcc/arm-none-eabi/8.3.0/../../../../arm-none-eabi/lib/armv6k/fpu\libg.a(lib_a-makebuf.o)
                0x00000000001141e4                __swhatbuf_r
 .text.__smakebuf_r
                0x0000000000114278       0xf4 c:/devkitpro/devkitarm/bin/../lib/gcc/arm-none-eabi/8.3.0/../../../../arm-none-eabi/lib/armv6k/fpu\libg.a(lib_a-makebuf.o)
                0x0000000000114278                __smakebuf_r
 .text.memalign
                0x000000000011436c       0x20 c:/devkitpro/devkitarm/bin/../lib/gcc/arm-none-eabi/8.3.0/../../../../arm-none-eabi/lib/armv6k/fpu\libg.a(lib_a-malign.o)
                0x000000000011436c                memalign
 .text._memalign_r
                0x000000000011438c      0x14c c:/devkitpro/devkitarm/bin/../lib/gcc/arm-none-eabi/8.3.0/../../../../arm-none-eabi/lib/armv6k/fpu\libg.a(lib_a-malignr.o)
                0x000000000011438c                _memalign_r
 .text.malloc   0x00000000001144d8       0x18 c:/devkitpro/devkitarm/bin/../lib/gcc/arm-none-eabi/8.3.0/../../../../arm-none-eabi/lib/armv6k/fpu\libg.a(lib_a-malloc.o)
                0x00000000001144d8                malloc
 .text.free     0x00000000001144f0       0x18 c:/devkitpro/devkitarm/bin/../lib/gcc/arm-none-eabi/8.3.0/../../../../arm-none-eabi/lib/armv6k/fpu\libg.a(lib_a-malloc.o)
                0x00000000001144f0                free
 .text._malloc_r
                0x0000000000114508      0x7d8 c:/devkitpro/devkitarm/bin/../lib/gcc/arm-none-eabi/8.3.0/../../../../arm-none-eabi/lib/armv6k/fpu\libg.a(lib_a-mallocr.o)
                0x0000000000114508                _malloc_r
 .text.memcmp   0x0000000000114ce0       0xfc c:/devkitpro/devkitarm/bin/../lib/gcc/arm-none-eabi/8.3.0/../../../../arm-none-eabi/lib/armv6k/fpu\libg.a(lib_a-memcmp.o)
                0x0000000000114ce0                memcmp
 .text.memcpy   0x0000000000114ddc      0x118 c:/devkitpro/devkitarm/bin/../lib/gcc/arm-none-eabi/8.3.0/../../../../arm-none-eabi/lib/armv6k/fpu\libg.a(lib_a-memcpy-stub.o)
                0x0000000000114ddc                memcpy
 .text.memset   0x0000000000114ef4      0x114 c:/devkitpro/devkitarm/bin/../lib/gcc/arm-none-eabi/8.3.0/../../../../arm-none-eabi/lib/armv6k/fpu\libg.a(lib_a-memset.o)
                0x0000000000114ef4                memset
 .text.__malloc_lock
                0x0000000000115008        0xc c:/devkitpro/devkitarm/bin/../lib/gcc/arm-none-eabi/8.3.0/../../../../arm-none-eabi/lib/armv6k/fpu\libg.a(lib_a-mlock.o)
                0x0000000000115008                __malloc_lock
 .text.__malloc_unlock
                0x0000000000115014        0xc c:/devkitpro/devkitarm/bin/../lib/gcc/arm-none-eabi/8.3.0/../../../../arm-none-eabi/lib/armv6k/fpu\libg.a(lib_a-mlock.o)
                0x0000000000115014                __malloc_unlock
 .text.printf   0x0000000000115020       0x38 c:/devkitpro/devkitarm/bin/../lib/gcc/arm-none-eabi/8.3.0/../../../../arm-none-eabi/lib/armv6k/fpu\libg.a(lib_a-printf.o)
                0x0000000000115020                printf
 .text.qsort    0x0000000000115058      0x934 c:/devkitpro/devkitarm/bin/../lib/gcc/arm-none-eabi/8.3.0/../../../../arm-none-eabi/lib/armv6k/fpu\libg.a(lib_a-qsort.o)
                0x0000000000115058                qsort
 .text._realloc_r
                0x000000000011598c      0x4bc c:/devkitpro/devkitarm/bin/../lib/gcc/arm-none-eabi/8.3.0/../../../../arm-none-eabi/lib/armv6k/fpu\libg.a(lib_a-reallocr.o)
                0x000000000011598c                _realloc_r
 .text.lflush   0x0000000000115e48       0x1c c:/devkitpro/devkitarm/bin/../lib/gcc/arm-none-eabi/8.3.0/../../../../arm-none-eabi/lib/armv6k/fpu\libg.a(lib_a-refill.o)
 .text.__srefill_r
                0x0000000000115e64      0x1ac c:/devkitpro/devkitarm/bin/../lib/gcc/arm-none-eabi/8.3.0/../../../../arm-none-eabi/lib/armv6k/fpu\libg.a(lib_a-refill.o)
                0x0000000000115e64                __srefill_r
 .text.sprintf  0x0000000000116010       0x64 c:/devkitpro/devkitarm/bin/../lib/gcc/arm-none-eabi/8.3.0/../../../../arm-none-eabi/lib/armv6k/fpu\libg.a(lib_a-sprintf.o)
                0x0000000000116010                sprintf
 .text.__sread  0x0000000000116074       0x3c c:/devkitpro/devkitarm/bin/../lib/gcc/arm-none-eabi/8.3.0/../../../../arm-none-eabi/lib/armv6k/fpu\libg.a(lib_a-stdio.o)
                0x0000000000116074                __sread
 .text.__swrite
                0x00000000001160b0       0x68 c:/devkitpro/devkitarm/bin/../lib/gcc/arm-none-eabi/8.3.0/../../../../arm-none-eabi/lib/armv6k/fpu\libg.a(lib_a-stdio.o)
                0x00000000001160b0                __swrite
 .text.__sseek  0x0000000000116118       0x48 c:/devkitpro/devkitarm/bin/../lib/gcc/arm-none-eabi/8.3.0/../../../../arm-none-eabi/lib/armv6k/fpu\libg.a(lib_a-stdio.o)
                0x0000000000116118                __sseek
 .text.__sclose
                0x0000000000116160        0x8 c:/devkitpro/devkitarm/bin/../lib/gcc/arm-none-eabi/8.3.0/../../../../arm-none-eabi/lib/armv6k/fpu\libg.a(lib_a-stdio.o)
                0x0000000000116160                __sclose
 .text.strchr   0x0000000000116168      0x180 c:/devkitpro/devkitarm/bin/../lib/gcc/arm-none-eabi/8.3.0/../../../../arm-none-eabi/lib/armv6k/fpu\libg.a(lib_a-strchr.o)
                0x0000000000116168                strchr
 .text.strcpy   0x00000000001162e8       0xf0 c:/devkitpro/devkitarm/bin/../lib/gcc/arm-none-eabi/8.3.0/../../../../arm-none-eabi/lib/armv6k/fpu\libg.a(lib_a-strcpy.o)
                0x00000000001162e8                strcpy
 .text.strlen   0x00000000001163d8       0x5c c:/devkitpro/devkitarm/bin/../lib/gcc/arm-none-eabi/8.3.0/../../../../arm-none-eabi/lib/armv6k/fpu\libg.a(lib_a-strlen-stub.o)
                0x00000000001163d8                strlen
 .text.strncat  0x0000000000116434       0x98 c:/devkitpro/devkitarm/bin/../lib/gcc/arm-none-eabi/8.3.0/../../../../arm-none-eabi/lib/armv6k/fpu\libg.a(lib_a-strncat.o)
                0x0000000000116434                strncat
 .text.strncmp  0x00000000001164cc      0x10c c:/devkitpro/devkitarm/bin/../lib/gcc/arm-none-eabi/8.3.0/../../../../arm-none-eabi/lib/armv6k/fpu\libg.a(lib_a-strncmp.o)
                0x00000000001164cc                strncmp
 .text.strncpy  0x00000000001165d8       0xe0 c:/devkitpro/devkitarm/bin/../lib/gcc/arm-none-eabi/8.3.0/../../../../arm-none-eabi/lib/armv6k/fpu\libg.a(lib_a-strncpy.o)
                0x00000000001165d8                strncpy
 .text.strnlen  0x00000000001166b8       0x5c c:/devkitpro/devkitarm/bin/../lib/gcc/arm-none-eabi/8.3.0/../../../../arm-none-eabi/lib/armv6k/fpu\libg.a(lib_a-strnlen.o)
                0x00000000001166b8                strnlen
 .text.two_way_long_needle
                0x0000000000116714      0x494 c:/devkitpro/devkitarm/bin/../lib/gcc/arm-none-eabi/8.3.0/../../../../arm-none-eabi/lib/armv6k/fpu\libg.a(lib_a-strstr.o)
 .text.strstr   0x0000000000116ba8      0x264 c:/devkitpro/devkitarm/bin/../lib/gcc/arm-none-eabi/8.3.0/../../../../arm-none-eabi/lib/armv6k/fpu\libg.a(lib_a-strstr.o)
                0x0000000000116ba8                strstr
 .text._strtol_l.isra.0
                0x0000000000116e0c      0x1bc c:/devkitpro/devkitarm/bin/../lib/gcc/arm-none-eabi/8.3.0/../../../../arm-none-eabi/lib/armv6k/fpu\libg.a(lib_a-strtol.o)
 .text.strtol   0x0000000000116fc8       0x28 c:/devkitpro/devkitarm/bin/../lib/gcc/arm-none-eabi/8.3.0/../../../../arm-none-eabi/lib/armv6k/fpu\libg.a(lib_a-strtol.o)
                0x0000000000116fc8                strtol
 .text.get_arg  0x0000000000116ff0      0x620 c:/devkitpro/devkitarm/bin/../lib/gcc/arm-none-eabi/8.3.0/../../../../arm-none-eabi/lib/armv6k/fpu\libg.a(lib_a-svfprintf.o)
 .text._svfprintf_r
                0x0000000000117610     0x35c0 c:/devkitpro/devkitarm/bin/../lib/gcc/arm-none-eabi/8.3.0/../../../../arm-none-eabi/lib/armv6k/fpu\libg.a(lib_a-svfprintf.o)
                0x0000000000117610                _svfprintf_r
 .text.time     0x000000000011abd0       0x3c c:/devkitpro/devkitarm/bin/../lib/gcc/arm-none-eabi/8.3.0/../../../../arm-none-eabi/lib/armv6k/fpu\libg.a(lib_a-time.o)
                0x000000000011abd0                time
 .text.get_arg  0x000000000011ac0c      0x620 c:/devkitpro/devkitarm/bin/../lib/gcc/arm-none-eabi/8.3.0/../../../../arm-none-eabi/lib/armv6k/fpu\libg.a(lib_a-vfprintf.o)
 *fill*         0x000000000011b22c        0x4 
 .text._vfprintf_r
                0x000000000011b230     0x373c c:/devkitpro/devkitarm/bin/../lib/gcc/arm-none-eabi/8.3.0/../../../../arm-none-eabi/lib/armv6k/fpu\libg.a(lib_a-vfprintf.o)
                0x000000000011b230                _vfprintf_r
 .text.__sbprintf
                0x000000000011e96c       0xd0 c:/devkitpro/devkitarm/bin/../lib/gcc/arm-none-eabi/8.3.0/../../../../arm-none-eabi/lib/armv6k/fpu\libg.a(lib_a-vfprintf.o)
 .text._wcrtomb_r
                0x000000000011ea3c       0x54 c:/devkitpro/devkitarm/bin/../lib/gcc/arm-none-eabi/8.3.0/../../../../arm-none-eabi/lib/armv6k/fpu\libg.a(lib_a-wcrtomb.o)
                0x000000000011ea3c                _wcrtomb_r
 .text._wcsrtombs_r
                0x000000000011ea90       0x20 c:/devkitpro/devkitarm/bin/../lib/gcc/arm-none-eabi/8.3.0/../../../../arm-none-eabi/lib/armv6k/fpu\libg.a(lib_a-wcsrtombs.o)
                0x000000000011ea90                _wcsrtombs_r
 .text.__swsetup_r
                0x000000000011eab0      0x150 c:/devkitpro/devkitarm/bin/../lib/gcc/arm-none-eabi/8.3.0/../../../../arm-none-eabi/lib/armv6k/fpu\libg.a(lib_a-wsetup.o)
                0x000000000011eab0                __swsetup_r
 .text.quorem   0x000000000011ec00      0x1c8 c:/devkitpro/devkitarm/bin/../lib/gcc/arm-none-eabi/8.3.0/../../../../arm-none-eabi/lib/armv6k/fpu\libg.a(lib_a-dtoa.o)
 .text._dtoa_r  0x000000000011edc8     0x12ec c:/devkitpro/devkitarm/bin/../lib/gcc/arm-none-eabi/8.3.0/../../../../arm-none-eabi/lib/armv6k/fpu\libg.a(lib_a-dtoa.o)
                0x000000000011edc8                _dtoa_r
 .text.__sflags
                0x00000000001200b4       0xb4 c:/devkitpro/devkitarm/bin/../lib/gcc/arm-none-eabi/8.3.0/../../../../arm-none-eabi/lib/armv6k/fpu\libg.a(lib_a-flags.o)
                0x00000000001200b4                __sflags
 .text._localeconv_r
                0x0000000000120168        0xc c:/devkitpro/devkitarm/bin/../lib/gcc/arm-none-eabi/8.3.0/../../../../arm-none-eabi/lib/armv6k/fpu\libg.a(lib_a-localeconv.o)
                0x0000000000120168                _localeconv_r
 .text.__locale_mb_cur_max
                0x0000000000120174       0x10 c:/devkitpro/devkitarm/bin/../lib/gcc/arm-none-eabi/8.3.0/../../../../arm-none-eabi/lib/armv6k/fpu\libg.a(lib_a-locale.o)
                0x0000000000120174                __locale_mb_cur_max
 .text.__utf8_mbtowc
                0x0000000000120184      0x2fc c:/devkitpro/devkitarm/bin/../lib/gcc/arm-none-eabi/8.3.0/../../../../arm-none-eabi/lib/armv6k/fpu\libg.a(lib_a-mbtowc_r.o)
                0x0000000000120184                __utf8_mbtowc
 .text.memchr   0x0000000000120480      0x100 c:/devkitpro/devkitarm/bin/../lib/gcc/arm-none-eabi/8.3.0/../../../../arm-none-eabi/lib/armv6k/fpu\libg.a(lib_a-memchr-stub.o)
                0x0000000000120480                memchr
 .text.memmove  0x0000000000120580      0x154 c:/devkitpro/devkitarm/bin/../lib/gcc/arm-none-eabi/8.3.0/../../../../arm-none-eabi/lib/armv6k/fpu\libg.a(lib_a-memmove.o)
                0x0000000000120580                memmove
 .text._Balloc  0x00000000001206d4       0x88 c:/devkitpro/devkitarm/bin/../lib/gcc/arm-none-eabi/8.3.0/../../../../arm-none-eabi/lib/armv6k/fpu\libg.a(lib_a-mprec.o)
                0x00000000001206d4                _Balloc
 .text._Bfree   0x000000000012075c       0x1c c:/devkitpro/devkitarm/bin/../lib/gcc/arm-none-eabi/8.3.0/../../../../arm-none-eabi/lib/armv6k/fpu\libg.a(lib_a-mprec.o)
                0x000000000012075c                _Bfree
 .text.__multadd
                0x0000000000120778       0xe0 c:/devkitpro/devkitarm/bin/../lib/gcc/arm-none-eabi/8.3.0/../../../../arm-none-eabi/lib/armv6k/fpu\libg.a(lib_a-mprec.o)