Archive member included to satisfy reference by file (symbol)

C:/devkitPro/libctru/lib\libcitro2d.a(base.o)
                              main.o (C2D_Init)
C:/devkitPro/libctru/lib\libcitro2d.a(text.o)
                              main.o (C2D_TextBufNew)
C:/devkitPro/libctru/lib\libcitro2d.a(spritesheet.o)
                              main.o (C2D_SpriteSheetLoad)
C:/devkitPro/libctru/lib\libcitro2d.a(render2d.shbin.o)
                              C:/devkitPro/libctru/lib\libcitro2d.a(base.o) (render2d_shbin_size)
C:/devkitPro/libctru/lib\libcitro3d.a(base.o)
                              main.o (C3D_Init)
C:/devkitPro/libctru/lib\libcitro3d.a(renderqueue.o)
                              main.o (C3D_FrameBegin)
C:/devkitPro/libctru/lib\libcitro3d.a(texture.o)
                              C:/devkitPro/libctru/lib\libcitro2d.a(base.o) (C3D_TexBind)
C:/devkitPro/libctru/lib\libcitro3d.a(tex3ds.o)
                              C:/devkitPro/libctru/lib\libcitro2d.a(spritesheet.o) (Tex3DS_TextureImport)
C:/devkitPro/libctru/lib\libcitro3d.a(framebuffer.o)
                              C:/devkitPro/libctru/lib\libcitro3d.a(renderqueue.o) (C3D_CalcColorBufSize)
C:/devkitPro/libctru/lib\libcitro3d.a(texenv.o)
                              C:/devkitPro/libctru/lib\libcitro2d.a(base.o) (C3D_GetTexEnv)
C:/devkitPro/libctru/lib\libcitro3d.a(proctex.o)
                              C:/devkitPro/libctru/lib\libcitro2d.a(base.o) (C3D_ProcTexInit)
C:/devkitPro/libctru/lib\libcitro3d.a(buffers.o)
                              C:/devkitPro/libctru/lib\libcitro2d.a(base.o) (BufInfo_Init)
C:/devkitPro/libctru/lib\libcitro3d.a(drawArrays.o)
                              C:/devkitPro/libctru/lib\libcitro2d.a(base.o) (C3D_DrawArrays)
C:/devkitPro/libctru/lib\libcitro3d.a(effect.o)
                              C:/devkitPro/libctru/lib\libcitro3d.a(base.o) (C3D_DepthMap)
C:/devkitPro/libctru/lib\libcitro3d.a(attribs.o)
                              C:/devkitPro/libctru/lib\libcitro2d.a(base.o) (AttrInfo_Init)
C:/devkitPro/libctru/lib\libcitro3d.a(immediate.o)
                              C:/devkitPro/libctru/lib\libcitro3d.a(base.o) (C3D_ImmSendAttrib)
C:/devkitPro/libctru/lib\libcitro3d.a(uniforms.o)
                              C:/devkitPro/libctru/lib\libcitro3d.a(base.o) (C3D_UpdateUniforms)
C:/devkitPro/libctru/lib\libcitro3d.a(mtx_ortho.o)
                              C:/devkitPro/libctru/lib\libcitro2d.a(base.o) (Mtx_Ortho)
C:/devkitPro/libctru/lib\libcitro3d.a(mtx_orthotilt.o)
                              C:/devkitPro/libctru/lib\libcitro2d.a(base.o) (Mtx_OrthoTilt)
C:/devkitPro/libctru/lib\libctru.a(vram.o)
                              C:/devkitPro/libctru/lib\libcitro3d.a(renderqueue.o) (vramAlloc)
C:/devkitPro/libctru/lib\libctru.a(linear.o)
                              C:/devkitPro/libctru/lib\libcitro2d.a(base.o) (linearAlloc)
C:/devkitPro/libctru/lib\libctru.a(mem_pool.o)
                              C:/devkitPro/libctru/lib\libctru.a(vram.o) (MemPool::Allocate(MemChunk&, unsigned long, int))
C:/devkitPro/libctru/lib\libctru.a(romfs_dev.o)
                              main.o (romfsMount)
C:/devkitPro/libctru/lib\libctru.a(os.o)
                              C:/devkitPro/libctru/lib\libcitro3d.a(texture.o) (osConvertVirtToPhys)
C:/devkitPro/libctru/lib\libctru.a(font.o)
                              C:/devkitPro/libctru/lib\libcitro2d.a(text.o) (fontEnsureMapped)
C:/devkitPro/libctru/lib\libctru.a(gfx.o)
                              C:/devkitPro/libctru/lib\libcitro3d.a(renderqueue.o) (gfxIs3D)
C:/devkitPro/libctru/lib\libctru.a(shaderProgram.o)
                              C:/devkitPro/libctru/lib\libcitro2d.a(base.o) (shaderInstanceGetUniformLocation)
C:/devkitPro/libctru/lib\libctru.a(shbin.o)
                              C:/devkitPro/libctru/lib\libcitro2d.a(base.o) (DVLB_ParseFile)
C:/devkitPro/libctru/lib\libctru.a(gx.o)
                              C:/devkitPro/libctru/lib\libctru.a(gfx.o) (gxCmdBuf)
C:/devkitPro/libctru/lib\libctru.a(gxqueue.o)
                              C:/devkitPro/libctru/lib\libcitro3d.a(renderqueue.o) (gxCmdQueueClear)
C:/devkitPro/libctru/lib\libctru.a(gpu.o)
                              C:/devkitPro/libctru/lib\libcitro3d.a(base.o) (gpuCmdBufOffset)
C:/devkitPro/libctru/lib\libctru.a(gspgpu.o)
                              C:/devkitPro/libctru/lib\libctru.a(gfx.o) (gspInit)
C:/devkitPro/libctru/lib\libctru.a(fs.o)
                              C:/devkitPro/libctru/lib\libctru.a(romfs_dev.o) (FSUSER_OpenFileDirectly)
C:/devkitPro/libctru/lib\libctru.a(apt.o)
                              C:/devkitPro/libctru/lib\libcitro3d.a(base.o) (aptHook)
C:/devkitPro/libctru/lib\libctru.a(hid.o)
                              main.o (hidScanInput)
C:/devkitPro/libctru/lib\libctru.a(ptmsysm.o)
                              C:/devkitPro/libctru/lib\libctru.a(os.o) (ptmSysmInit)
C:/devkitPro/libctru/lib\libctru.a(decompress.o)
[...]
Memory Configuration

Name             Origin             Length             Attributes
*default*        0x0000000000000000 0xffffffffffffffff

Linker script and memory map

                0x0000000000100000                PROVIDE (__start__ = 0x100000)
                0x0000000000100000                . = __start__

.text           0x0000000000100000    0x2276c
 *(.crt0)
 .crt0          0x0000000000100000       0x94 c:/devkitpro/devkitarm/bin/../lib/gcc/arm-none-eabi/8.3.0/../../../../arm-none-eabi/lib/armv6k/fpu/3dsx_crt0.o
                0x0000000000100000                _start
                0x0000000000100008                __service_ptr
                0x000000000010000c                __apt_appid
                0x0000000000100010                __heap_size
                0x0000000000100014                __linear_heap_size
                0x0000000000100018                __system_arglist
                0x000000000010001c                __system_runflags
 *(.init)
 .init          0x0000000000100094        0xc c:/devkitpro/devkitarm/bin/../lib/gcc/arm-none-eabi/8.3.0/armv6k/fpu/crti.o
                0x0000000000100094                _init
 .init          0x00000000001000a0        0xc c:/devkitpro/devkitarm/bin/../lib/gcc/arm-none-eabi/8.3.0/armv6k/fpu/crtn.o
                0x00000000001000ac                . = ALIGN (0x4)
 *(.text)
 .text          0x00000000001000ac       0x64 C:/devkitPro/libctru/lib\libctru.a(stack_adjust.o)
                0x00000000001000ac                initSystem
                0x00000000001000f0                __ctru_exit
 .text          0x0000000000100110      0x20c c:/devkitpro/devkitarm/bin/../lib/gcc/arm-none-eabi/8.3.0/armv6k/fpu\libgcc.a(_udivsi3.o)
                0x0000000000100110                __aeabi_uidiv
                0x0000000000100110                __udivsi3
                0x00000000001002fc                __aeabi_uidivmod
 .text          0x000000000010031c      0x240 c:/devkitpro/devkitarm/bin/../lib/gcc/arm-none-eabi/8.3.0/armv6k/fpu\libgcc.a(_divsi3.o)
                0x000000000010031c                __divsi3
                0x000000000010031c                __aeabi_idiv
                0x000000000010053c                __aeabi_idivmod
 .text          0x000000000010055c        0x4 c:/devkitpro/devkitarm/bin/../lib/gcc/arm-none-eabi/8.3.0/armv6k/fpu\libgcc.a(_dvmd_tls.o)
                0x000000000010055c                __aeabi_idiv0
                0x000000000010055c                __aeabi_ldiv0
 .text          0x0000000000100560      0x3c0 c:/devkitpro/devkitarm/bin/../lib/gcc/arm-none-eabi/8.3.0/armv6k/fpu\libgcc.a(_arm_addsubdf3.o)
                0x0000000000100560                __aeabi_drsub
                0x0000000000100568                __aeabi_dsub
                0x0000000000100568                __subdf3
                0x000000000010056c                __aeabi_dadd
                0x000000000010056c                __adddf3
                0x0000000000100818                __floatunsidf
                0x0000000000100818                __aeabi_ui2d
                0x000000000010083c                __floatsidf
                0x000000000010083c                __aeabi_i2d
                0x0000000000100864                __aeabi_f2d
                0x0000000000100864                __extendsfdf2
                0x00000000001008ac                __floatundidf
                0x00000000001008ac                __aeabi_ul2d
                0x00000000001008c0                __floatdidf
                0x00000000001008c0                __aeabi_l2d
 .text          0x0000000000100920       0x3c c:/devkitpro/devkitarm/bin/../lib/gcc/arm-none-eabi/8.3.0/armv6k/fpu\libgcc.a(_aeabi_uldivmod.o)
                0x0000000000100920                __aeabi_uldivmod
 *fill*         0x000000000010095c        0x4 
 .text          0x0000000000100960      0x390 c:/devkitpro/devkitarm/bin/../lib/gcc/arm-none-eabi/8.3.0/../../../../arm-none-eabi/lib/armv6k/fpu\libg.a(lib_a-strcmp.o)
                0x0000000000100968                strcmp
 *(.text.*)
 .text.deregister_tm_clones
                0x0000000000100cf0       0x2c c:/devkitpro/devkitarm/bin/../lib/gcc/arm-none-eabi/8.3.0/armv6k/fpu/crtbegin.o
 .text.register_tm_clones
                0x0000000000100d1c       0x38 c:/devkitpro/devkitarm/bin/../lib/gcc/arm-none-eabi/8.3.0/armv6k/fpu/crtbegin.o
 .text.__do_global_dtors_aux
                0x0000000000100d54       0x44 c:/devkitpro/devkitarm/bin/../lib/gcc/arm-none-eabi/8.3.0/armv6k/fpu/crtbegin.o
 .text.frame_dummy
                0x0000000000100d98       0x34 c:/devkitpro/devkitarm/bin/../lib/gcc/arm-none-eabi/8.3.0/armv6k/fpu/crtbegin.o
 .text.SL_Timer_CreateTimer
                0x0000000000100dcc       0x50 timer.o
                0x0000000000100dcc                SL_Timer_CreateTimer
 .text.SL_Timer_LoadFromSplitFile
                0x0000000000100e1c       0x8c timer.o
                0x0000000000100e1c                SL_Timer_LoadFromSplitFile
 .text.SL_Timer_SaveToSplitFile
                0x0000000000100ea8       0x8c timer.o
                0x0000000000100ea8                SL_Timer_SaveToSplitFile
 .text.SL_Timer_StartSplit
                0x0000000000100f34       0xd8 timer.o
                0x0000000000100f34                SL_Timer_StartSplit
 .text.SL_Timer_Reset
                0x000000000010100c      0x120 timer.o
                0x000000000010100c                SL_Timer_Reset
 .text.SL_Timer_Undo
                0x000000000010112c       0x20 timer.o
                0x000000000010112c                SL_Timer_Undo
 .text.SL_Timer_Skip
                0x000000000010114c       0x48 timer.o
                0x000000000010114c                SL_Timer_Skip
 *fill*         0x0000000000101194        0x4 
 .text.u64ToDelta
                0x0000000000101198      0x214 timer.o
                0x0000000000101198                u64ToDelta
 .text.SL_Timer_GetDeltaText
                0x00000000001013ac      0x1a8 timer.o
                0x00000000001013ac                SL_Timer_GetDeltaText
 *fill*         0x0000000000101554        0x4 
 .text.u64ToTime
                0x0000000000101558      0x130 timer.o
                0x0000000000101558                u64ToTime
 .text.SL_Timer_GetMainTimerText
                0x0000000000101688       0x74 timer.o
                0x0000000000101688                SL_Timer_GetMainTimerText
 .text.SL_Timer_GetCurrSplitText
                0x00000000001016fc       0x84 timer.o
                0x00000000001016fc                SL_Timer_GetCurrSplitText
 .text.SL_Timer_Draw
                0x0000000000101780      0x3b0 timer.o
                0x0000000000101780                SL_Timer_Draw
 .text.drawError
                0x0000000000101b30      0x12c main.o
                0x0000000000101b30                drawError
 .text.drawRectOutline
                0x0000000000101c5c      0x114 main.o
                0x0000000000101c5c                drawRectOutline
 .text.drawFiles
                0x0000000000101d70      0x104 main.o
                0x0000000000101d70                drawFiles
 .text.getBufferLine
                0x0000000000101e74       0x70 main.o
                0x0000000000101e74                getBufferLine
 .text.parseSplits
                0x0000000000101ee4      0x168 main.o
                0x0000000000101ee4                parseSplits
 .text.loadSplits
                0x000000000010204c       0xa4 main.o
                0x000000000010204c                loadSplits
 .text.saveSplits
                0x00000000001020f0      0x16c main.o
                0x00000000001020f0                saveSplits
 *fill*         0x000000000010225c        0x4 
 .text.startup.main
                0x0000000000102260      0x574 main.o
                0x0000000000102260                main
 .text.C2D_Init
                0x00000000001027d4      0x32c C:/devkitPro/libctru/lib\libcitro2d.a(base.o)
                0x00000000001027d4                C2D_Init
 .text.C2D_Fini
                0x0000000000102b00       0x48 C:/devkitPro/libctru/lib\libcitro2d.a(base.o)
                0x0000000000102b00                C2D_Fini
 .text.C2D_Prepare
                0x0000000000102b48       0xc8 C:/devkitPro/libctru/lib\libcitro2d.a(base.o)
                0x0000000000102b48                C2D_Prepare
 .text.C2D_SceneSize
                0x0000000000102c10      0x10c C:/devkitPro/libctru/lib\libcitro2d.a(base.o)
                0x0000000000102c10                C2D_SceneSize
 .text.C2D_CreateScreenTarget
                0x0000000000102d1c       0x44 C:/devkitPro/libctru/lib\libcitro2d.a(base.o)
                0x0000000000102d1c                C2D_CreateScreenTarget
 .text.C2Di_CalcQuad
                0x0000000000102d60      0x140 C:/devkitPro/libctru/lib\libcitro2d.a(base.o)
                0x0000000000102d60                C2Di_CalcQuad
 .text.C2Di_AppendVtx
                0x0000000000102ea0       0x40 C:/devkitPro/libctru/lib\libcitro2d.a(base.o)
                0x0000000000102ea0                C2Di_AppendVtx
 .text.C2Di_FlushVtxBuf
                0x0000000000102ee0       0x30 C:/devkitPro/libctru/lib\libcitro2d.a(base.o)
                0x0000000000102ee0                C2Di_FlushVtxBuf
 .text.C2Di_FrameEndHook
                0x0000000000102f10       0x20 C:/devkitPro/libctru/lib\libcitro2d.a(base.o)
 .text.C2D_Flush
                0x0000000000102f30       0x18 C:/devkitPro/libctru/lib\libcitro2d.a(base.o)
                0x0000000000102f30                C2D_Flush
 .text.C2D_TargetClear
                0x0000000000102f48       0x30 C:/devkitPro/libctru/lib\libcitro2d.a(base.o)
                0x0000000000102f48                C2D_TargetClear
 .text.C2Di_Update
                0x0000000000102f78      0x218 C:/devkitPro/libctru/lib\libcitro2d.a(base.o)
                0x0000000000102f78                C2Di_Update
 .text.C2D_DrawImage
                0x0000000000103190      0x2ec C:/devkitPro/libctru/lib\libcitro2d.a(base.o)
                0x0000000000103190                C2D_DrawImage
 .text.C2D_DrawRectangle
                0x000000000010347c      0x1c0 C:/devkitPro/libctru/lib\libcitro2d.a(base.o)
                0x000000000010347c                C2D_DrawRectangle
 .text.C2Di_GlyphComp
                0x000000000010363c       0x18 C:/devkitPro/libctru/lib\libcitro2d.a(text.o)
 .text.C2D_TextBufNew
                0x0000000000103654      0x154 C:/devkitPro/libctru/lib\libcitro2d.a(text.o)
                0x0000000000103654                C2D_TextBufNew
 .text.C2D_TextBufDelete
                0x00000000001037a8        0x4 C:/devkitPro/libctru/lib\libcitro2d.a(text.o)
                0x00000000001037a8                C2D_TextBufDelete
 .text.C2D_TextBufClear
                0x00000000001037ac        0xc C:/devkitPro/libctru/lib\libcitro2d.a(text.o)
                0x00000000001037ac                C2D_TextBufClear
 .text.C2D_TextParseLine
                0x00000000001037b8      0x17c C:/devkitPro/libctru/lib\libcitro2d.a(text.o)
                0x00000000001037b8                C2D_TextParseLine
 .text.C2D_TextParse
                0x0000000000103934       0x80 C:/devkitPro/libctru/lib\libcitro2d.a(text.o)
                0x0000000000103934                C2D_TextParse
 .text.C2D_TextOptimize
                0x00000000001039b4       0x2c C:/devkitPro/libctru/lib\libcitro2d.a(text.o)
                0x00000000001039b4                C2D_TextOptimize
 .text.C2D_DrawText
                0x00000000001039e0      0x238 C:/devkitPro/libctru/lib\libcitro2d.a(text.o)
                0x00000000001039e0                C2D_DrawText
 .text.C2D_SpriteSheetLoadFromHandle
                0x0000000000103c18       0x6c C:/devkitPro/libctru/lib\libcitro2d.a(spritesheet.o)
                0x0000000000103c18                C2D_SpriteSheetLoadFromHandle
 .text.C2D_SpriteSheetLoad
                0x0000000000103c84       0x34 C:/devkitPro/libctru/lib\libcitro2d.a(spritesheet.o)
                0x0000000000103c84                C2D_SpriteSheetLoad
 .text.C2D_SpriteSheetFree
                0x0000000000103cb8       0x28 C:/devkitPro/libctru/lib\libcitro2d.a(spritesheet.o)
                0x0000000000103cb8                C2D_SpriteSheetFree
 .text.C2D_SpriteSheetGetImage
                0x0000000000103ce0       0x28 C:/devkitPro/libctru/lib\libcitro2d.a(spritesheet.o)
                0x0000000000103ce0                C2D_SpriteSheetGetImage
 .text.C3Di_SplitFrame.part.1
                0x0000000000103d08       0xc4 C:/devkitPro/libctru/lib\libcitro3d.a(base.o)
 .text.C3Di_LightEnvUpdate
                0x0000000000103dcc        0x4 C:/devkitPro/libctru/lib\libcitro3d.a(base.o)
                0x0000000000103dcc                C3Di_LightEnvUpdate
 .text.C3Di_LightEnvDirty
                0x0000000000103dd0        0x4 C:/devkitPro/libctru/lib\libcitro3d.a(base.o)
                0x0000000000103dd0                C3Di_LightEnvDirty
 .text.C3Di_AptEventHook
                0x0000000000103dd4       0xac C:/devkitPro/libctru/lib\libcitro3d.a(base.o)
 .text.C3Di_GasUpdate
                0x0000000000103e80        0x4 C:/devkitPro/libctru/lib\libcitro3d.a(base.o)
                0x0000000000103e80                C3Di_GasUpdate
 .text.C3D_Init
                0x0000000000103e84      0x21c C:/devkitPro/libctru/lib\libcitro3d.a(base.o)
                0x0000000000103e84                C3D_Init
 .text.C3D_SetViewport
                0x00000000001040a0       0x98 C:/devkitPro/libctru/lib\libcitro3d.a(base.o)
                0x00000000001040a0                C3D_SetViewport
 .text.C3Di_UpdateContext
                0x0000000000104138      0x50c C:/devkitPro/libctru/lib\libcitro3d.a(base.o)
                0x0000000000104138                C3Di_UpdateContext
 .text.C3Di_SplitFrame
                0x0000000000104644       0x20 C:/devkitPro/libctru/lib\libcitro3d.a(base.o)
                0x0000000000104644                C3Di_SplitFrame
 .text.C3D_Fini
                0x0000000000104664       0x64 C:/devkitPro/libctru/lib\libcitro3d.a(base.o)
                0x0000000000104664                C3D_Fini
 .text.C3D_BindProgram
                0x00000000001046c8      0x114 C:/devkitPro/libctru/lib\libcitro3d.a(base.o)
                0x00000000001046c8                C3D_BindProgram
 .text.C3Di_RenderQueueInit
                0x00000000001047dc       0x54 C:/devkitPro/libctru/lib\libcitro3d.a(renderqueue.o)
 .text.C3Di_RenderTargetDestroy
                0x0000000000104830       0x80 C:/devkitPro/libctru/lib\libcitro3d.a(renderqueue.o)
 .text.onVBlank1
                0x00000000001048b0       0xac C:/devkitPro/libctru/lib\libcitro3d.a(renderqueue.o)
 .text.onVBlank0
                0x000000000010495c      0x13c C:/devkitPro/libctru/lib\libcitro3d.a(renderqueue.o)
 .text.C3Di_RenderTargetNew
                0x0000000000104a98        0xc C:/devkitPro/libctru/lib\libcitro3d.a(renderqueue.o)
 .text.C3Di_WaitAndClearQueue
                0x0000000000104aa4       0x7c C:/devkitPro/libctru/lib\libcitro3d.a(renderqueue.o)
 .text.onQueueFinish
                0x0000000000104b20       0xc0 C:/devkitPro/libctru/lib\libcitro3d.a(renderqueue.o)
 .text.C3D_FrameSplit.part.6
                0x0000000000104be0       0x44 C:/devkitPro/libctru/lib\libcitro3d.a(renderqueue.o)
 .text.C3D_FrameSync
                0x0000000000104c24       0x30 C:/devkitPro/libctru/lib\libcitro3d.a(renderqueue.o)
                0x0000000000104c24                C3D_FrameSync
 .text.C3Di_RenderQueueExit
                0x0000000000104c54       0xa0 C:/devkitPro/libctru/lib\libcitro3d.a(renderqueue.o)
                0x0000000000104c54                C3Di_RenderQueueExit
 .text.C3Di_RenderQueueWaitDone
                0x0000000000104cf4       0x20 C:/devkitPro/libctru/lib\libcitro3d.a(renderqueue.o)
                0x0000000000104cf4                C3Di_RenderQueueWaitDone
 .text.C3D_FrameBegin
                0x0000000000104d14       0x7c C:/devkitPro/libctru/lib\libcitro3d.a(renderqueue.o)
                0x0000000000104d14                C3D_FrameBegin
 .text.C3D_FrameDrawOn
                0x0000000000104d90       0x48 C:/devkitPro/libctru/lib\libcitro3d.a(renderqueue.o)
                0x0000000000104d90                C3D_FrameDrawOn
 .text.C3D_FrameSplit
                0x0000000000104dd8       0x18 C:/devkitPro/libctru/lib\libcitro3d.a(renderqueue.o)
                0x0000000000104dd8                C3D_FrameSplit
 .text.C3D_FrameEnd
                0x0000000000104df0      0x164 C:/devkitPro/libctru/lib\libcitro3d.a(renderqueue.o)
                0x0000000000104df0                C3D_FrameEnd
 .text.C3D_FrameEndHook
                0x0000000000104f54       0x1c C:/devkitPro/libctru/lib\libcitro3d.a(renderqueue.o)
                0x0000000000104f54                C3D_FrameEndHook
 .text.C3D_RenderTargetCreate
                0x0000000000104f70      0x17c C:/devkitPro/libctru/lib\libcitro3d.a(renderqueue.o)
                0x0000000000104f70                C3D_RenderTargetCreate
 .text.C3D_RenderTargetSetOutput
                0x00000000001050ec       0x4c C:/devkitPro/libctru/lib\libcitro3d.a(renderqueue.o)
                0x00000000001050ec                C3D_RenderTargetSetOutput
 .text.C3D_SyncTextureCopy
                0x0000000000105138       0xb4 C:/devkitPro/libctru/lib\libcitro3d.a(renderqueue.o)
                0x0000000000105138                C3D_SyncTextureCopy
 .text.C3D_TexInitWithParams
                0x00000000001051ec      0x284 C:/devkitPro/libctru/lib\libcitro3d.a(texture.o)
                0x00000000001051ec                C3D_TexInitWithParams
 .text.C3D_TexLoadImage
                0x0000000000105470       0xdc C:/devkitPro/libctru/lib\libcitro3d.a(texture.o)
                0x0000000000105470                C3D_TexLoadImage
 .text.C3D_TexBind
                0x000000000010554c       0x48 C:/devkitPro/libctru/lib\libcitro3d.a(texture.o)
                0x000000000010554c                C3D_TexBind
 .text.C3D_TexDelete
                0x0000000000105594       0x7c C:/devkitPro/libctru/lib\libcitro3d.a(texture.o)
                0x0000000000105594                C3D_TexDelete
 .text.C3Di_SetTex
                0x0000000000105610      0x174 C:/devkitPro/libctru/lib\libcitro3d.a(texture.o)
                0x0000000000105610                C3Di_SetTex
 .text.Tex3DSi_ImportCommon
                0x0000000000105784      0x3e8 C:/devkitPro/libctru/lib\libcitro3d.a(tex3ds.o)
 .text.Tex3DS_TextureImportStdio
                0x0000000000105b6c       0x34 C:/devkitPro/libctru/lib\libcitro3d.a(tex3ds.o)
                0x0000000000105b6c                Tex3DS_TextureImportStdio
 .text.Tex3DS_GetSubTexture
                0x0000000000105ba0       0x1c C:/devkitPro/libctru/lib\libcitro3d.a(tex3ds.o)
                0x0000000000105ba0                Tex3DS_GetSubTexture
 .text.Tex3DS_TextureFree
                0x0000000000105bbc        0x4 C:/devkitPro/libctru/lib\libcitro3d.a(tex3ds.o)
                0x0000000000105bbc                Tex3DS_TextureFree
 .text.C3D_CalcColorBufSize
                0x0000000000105bc0       0x1c C:/devkitPro/libctru/lib\libcitro3d.a(framebuffer.o)
                0x0000000000105bc0                C3D_CalcColorBufSize
 .text.C3D_CalcDepthBufSize
                0x0000000000105bdc       0x1c C:/devkitPro/libctru/lib\libcitro3d.a(framebuffer.o)
                0x0000000000105bdc                C3D_CalcDepthBufSize
 .text.C3D_SetFrameBuf
                0x0000000000105bf8       0x44 C:/devkitPro/libctru/lib\libcitro3d.a(framebuffer.o)
                0x0000000000105bf8                C3D_SetFrameBuf
 .text.C3Di_FrameBufBind
                0x0000000000105c3c      0x168 C:/devkitPro/libctru/lib\libcitro3d.a(framebuffer.o)
                0x0000000000105c3c                C3Di_FrameBufBind
 .text.C3D_FrameBufClear
                0x0000000000105da4       0xc8 C:/devkitPro/libctru/lib\libcitro3d.a(framebuffer.o)
                0x0000000000105da4                C3D_FrameBufClear
 .text.C3D_FrameBufTransfer
                0x0000000000105e6c       0x48 C:/devkitPro/libctru/lib\libcitro3d.a(framebuffer.o)
                0x0000000000105e6c                C3D_FrameBufTransfer
 .text.C3D_GetTexEnv
                0x0000000000105eb4       0x34 C:/devkitPro/libctru/lib\libcitro3d.a(texenv.o)
                0x0000000000105eb4                C3D_GetTexEnv
 .text.C3Di_TexEnvBind
                0x0000000000105ee8       0x24 C:/devkitPro/libctru/lib\libcitro3d.a(texenv.o)
                0x0000000000105ee8                C3Di_TexEnvBind
 .text.C3D_ProcTexInit
                0x0000000000105f0c       0x6c C:/devkitPro/libctru/lib\libcitro3d.a(proctex.o)
                0x0000000000105f0c                C3D_ProcTexInit
 .text.C3D_ProcTexBind
                0x0000000000105f78       0x50 C:/devkitPro/libctru/lib\libcitro3d.a(proctex.o)
                0x0000000000105f78                C3D_ProcTexBind
 .text.C3D_ProcTexLutBind
                0x0000000000105fc8       0x60 C:/devkitPro/libctru/lib\libcitro3d.a(proctex.o)
                0x0000000000105fc8                C3D_ProcTexLutBind
 .text.ProcTexLut_FromArray
                0x0000000000106028       0xa4 C:/devkitPro/libctru/lib\libcitro3d.a(proctex.o)
                0x0000000000106028                ProcTexLut_FromArray
 .text.C3Di_ProcTexUpdate
                0x00000000001060cc      0x174 C:/devkitPro/libctru/lib\libcitro3d.a(proctex.o)
                0x00000000001060cc                C3Di_ProcTexUpdate
 .text.C3Di_ProcTexDirty
                0x0000000000106240       0x68 C:/devkitPro/libctru/lib\libcitro3d.a(proctex.o)
                0x0000000000106240                C3Di_ProcTexDirty
 .text.BufInfo_Init
                0x00000000001062a8       0x24 C:/devkitPro/libctru/lib\libcitro3d.a(buffers.o)
                0x00000000001062a8                BufInfo_Init
 .text.BufInfo_Add
                0x00000000001062cc       0x84 C:/devkitPro/libctru/lib\libcitro3d.a(buffers.o)
                0x00000000001062cc                BufInfo_Add
 .text.C3D_SetBufInfo
                0x0000000000106350       0x40 C:/devkitPro/libctru/lib\libcitro3d.a(buffers.o)
                0x0000000000106350                C3D_SetBufInfo
 .text.C3Di_BufInfoBind
                0x0000000000106390       0x48 C:/devkitPro/libctru/lib\libcitro3d.a(buffers.o)
                0x0000000000106390                C3Di_BufInfoBind
 .text.C3D_DrawArrays
                0x00000000001063d8      0x148 C:/devkitPro/libctru/lib\libcitro3d.a(drawArrays.o)
                0x00000000001063d8                C3D_DrawArrays
 .text.C3D_DepthMap
                0x0000000000106520       0x40 C:/devkitPro/libctru/lib\libcitro3d.a(effect.o)
                0x0000000000106520                C3D_DepthMap
 .text.C3D_CullFace
                0x0000000000106560       0x1c C:/devkitPro/libctru/lib\libcitro3d.a(effect.o)
                0x0000000000106560                C3D_CullFace
 .text.C3D_StencilTest
                0x000000000010657c       0x40 C:/devkitPro/libctru/lib\libcitro3d.a(effect.o)
                0x000000000010657c                C3D_StencilTest
 .text.C3D_StencilOp
                0x00000000001065bc       0x24 C:/devkitPro/libctru/lib\libcitro3d.a(effect.o)
                0x00000000001065bc                C3D_StencilOp
 .text.C3D_BlendingColor
                0x00000000001065e0       0x1c C:/devkitPro/libctru/lib\libcitro3d.a(effect.o)
                0x00000000001065e0                C3D_BlendingColor
 .text.C3D_EarlyDepthTest
                0x00000000001065fc       0x24 C:/devkitPro/libctru/lib\libcitro3d.a(effect.o)
                0x00000000001065fc                C3D_EarlyDepthTest
 .text.C3D_DepthTest
                0x0000000000106620       0x2c C:/devkitPro/libctru/lib\libcitro3d.a(effect.o)
                0x0000000000106620                C3D_DepthTest
 .text.C3D_AlphaTest
                0x000000000010664c       0x2c C:/devkitPro/libctru/lib\libcitro3d.a(effect.o)
                0x000000000010664c                C3D_AlphaTest
 .text.C3D_AlphaBlend
                0x0000000000106678       0x50 C:/devkitPro/libctru/lib\libcitro3d.a(effect.o)
                0x0000000000106678                C3D_AlphaBlend
 .text.C3D_FragOpMode
                0x00000000001066c8       0x30 C:/devkitPro/libctru/lib\libcitro3d.a(effect.o)
                0x00000000001066c8                C3D_FragOpMode
 .text.C3D_FragOpShadow
                0x00000000001066f8       0x44 C:/devkitPro/libctru/lib\libcitro3d.a(effect.o)
                0x00000000001066f8                C3D_FragOpShadow
 .text.C3Di_EffectBind
                0x000000000010673c      0x1ac C:/devkitPro/libctru/lib\libcitro3d.a(effect.o)
                0x000000000010673c                C3Di_EffectBind
 .text.AttrInfo_Init
                0x00000000001068e8       0x28 C:/devkitPro/libctru/lib\libcitro3d.a(attribs.o)
                0x00000000001068e8                AttrInfo_Init
 .text.AttrInfo_AddLoader
                0x0000000000106910       0xa0 C:/devkitPro/libctru/lib\libcitro3d.a(attribs.o)
                0x0000000000106910                AttrInfo_AddLoader
 .text.C3D_SetAttrInfo
                0x00000000001069b0       0x54 C:/devkitPro/libctru/lib\libcitro3d.a(attribs.o)
                0x00000000001069b0                C3D_SetAttrInfo
 .text.C3Di_AttrInfoBind
                0x0000000000106a04       0x80 C:/devkitPro/libctru/lib\libcitro3d.a(attribs.o)
                0x0000000000106a04                C3Di_AttrInfoBind
 .text.C3D_ImmSendAttrib
                0x0000000000106a84       0xa4 C:/devkitPro/libctru/lib\libcitro3d.a(immediate.o)
                0x0000000000106a84                C3D_ImmSendAttrib
 .text.C3D_UpdateUniforms
                0x0000000000106b28      0x2b8 C:/devkitPro/libctru/lib\libcitro3d.a(uniforms.o)
                0x0000000000106b28                C3D_UpdateUniforms
 .text.C3Di_DirtyUniforms
                0x0000000000106de0       0xc0 C:/devkitPro/libctru/lib\libcitro3d.a(uniforms.o)
                0x0000000000106de0                C3Di_DirtyUniforms
 .text.C3Di_LoadShaderUniforms
                0x0000000000106ea0       0xe0 C:/devkitPro/libctru/lib\libcitro3d.a(uniforms.o)
                0x0000000000106ea0                C3Di_LoadShaderUniforms
 .text.C3Di_ClearShaderUniforms
                0x0000000000106f80       0x28 C:/devkitPro/libctru/lib\libcitro3d.a(uniforms.o)
                0x0000000000106f80                C3Di_ClearShaderUniforms
 .text.Mtx_Ortho
                0x0000000000106fa8       0xcc C:/devkitPro/libctru/lib\libcitro3d.a(mtx_ortho.o)
                0x0000000000106fa8                Mtx_Ortho
 .text.Mtx_OrthoTilt
                0x0000000000107074       0xcc C:/devkitPro/libctru/lib\libcitro3d.a(mtx_orthotilt.o)
                0x0000000000107074                Mtx_OrthoTilt
 .text._ZL21addrMapNodeComparatorPK11rbtree_nodeS1_
                0x0000000000107140       0x24 C:/devkitPro/libctru/lib\libctru.a(vram.o)
 .text._ZL21addrMapNodeDestructorP11rbtree_node
                0x0000000000107164        0x4 C:/devkitPro/libctru/lib\libctru.a(vram.o)
 .text.vramMemAlign
                0x0000000000107168      0x110 C:/devkitPro/libctru/lib\libctru.a(vram.o)
                0x0000000000107168                vramMemAlign
 .text.vramAlloc
                0x0000000000107278        0x8 C:/devkitPro/libctru/lib\libctru.a(vram.o)
                0x0000000000107278                vramAlloc
 .text.vramFree
                0x0000000000107280       0x50 C:/devkitPro/libctru/lib\libctru.a(vram.o)
                0x0000000000107280                vramFree
 .text._ZL21addrMapNodeComparatorPK11rbtree_nodeS1_
                0x00000000001072d0       0x24 C:/devkitPro/libctru/lib\libctru.a(linear.o)
 .text._ZL21addrMapNodeDestructorP11rbtree_node
                0x00000000001072f4        0x4 C:/devkitPro/libctru/lib\libctru.a(linear.o)
 .text.linearMemAlign
                0x00000000001072f8      0x11c C:/devkitPro/libctru/lib\libctru.a(linear.o)
                0x00000000001072f8                linearMemAlign
 .text.linearAlloc
                0x0000000000107414        0x8 C:/devkitPro/libctru/lib\libctru.a(linear.o)
                0x0000000000107414                linearAlloc
 .text.linearFree
                0x000000000010741c       0x50 C:/devkitPro/libctru/lib\libctru.a(linear.o)
                0x000000000010741c                linearFree
 .text._ZN7MemPool13CoalesceRightEP8MemBlock
                0x000000000010746c       0x90 C:/devkitPro/libctru/lib\libctru.a(mem_pool.o)
                0x000000000010746c                MemPool::CoalesceRight(MemBlock*)
 .text._ZN7MemPool8AllocateER8MemChunkmi
                0x00000000001074fc      0x174 C:/devkitPro/libctru/lib\libctru.a(mem_pool.o)
                0x00000000001074fc                MemPool::Allocate(MemChunk&, unsigned long, int)
 .text._ZN7MemPool10DeallocateERK8MemChunk
                0x0000000000107670       0xfc C:/devkitPro/libctru/lib\libctru.a(mem_pool.o)
                0x0000000000107670                MemPool::Deallocate(MemChunk const&)
 .text.romfs_close
                0x000000000010776c        0x8 C:/devkitPro/libctru/lib\libctru.a(romfs_dev.o)
 .text.romfs_seek
                0x0000000000107774       0xbc C:/devkitPro/libctru/lib\libctru.a(romfs_dev.o)
 .text.romfs_dirreset
                0x0000000000107830       0x28 C:/devkitPro/libctru/lib\libctru.a(romfs_dev.o)
 .text.romfs_fstat
                0x0000000000107858       0x78 C:/devkitPro/libctru/lib\libctru.a(romfs_dev.o)
 .text._romfs_read_chk
                0x00000000001078d0       0x54 C:/devkitPro/libctru/lib\libctru.a(romfs_dev.o)
 .text.romfs_read
                0x0000000000107924       0xdc C:/devkitPro/libctru/lib\libctru.a(romfs_dev.o)
 .text.romfs_free
                0x0000000000107a00       0x84 C:/devkitPro/libctru/lib\libctru.a(romfs_dev.o)
 .text.romfsMountCommon
                0x0000000000107a84      0x16c C:/devkitPro/libctru/lib\libctru.a(romfs_dev.o)
 .text.romfs_dirnext
                0x0000000000107bf0      0x250 C:/devkitPro/libctru/lib\libctru.a(romfs_dev.o)
 .text.romfsInitMtime.isra.4
                0x0000000000107e40       0xbc C:/devkitPro/libctru/lib\libctru.a(romfs_dev.o)
 .text.searchForFile.constprop.7
                0x0000000000107efc       0xb4 C:/devkitPro/libctru/lib\libctru.a(romfs_dev.o)
 .text.searchForDir.constprop.8
                0x0000000000107fb0       0xb8 C:/devkitPro/libctru/lib\libctru.a(romfs_dev.o)
 .text.navigateToDir.constprop.6
                0x0000000000108068      0x1b4 C:/devkitPro/libctru/lib\libctru.a(romfs_dev.o)
 .text.romfs_open
                0x000000000010821c      0x120 C:/devkitPro/libctru/lib\libctru.a(romfs_dev.o)
 .text.romfs_stat
                0x000000000010833c      0x208 C:/devkitPro/libctru/lib\libctru.a(romfs_dev.o)
 .text.romfs_chdir
                0x0000000000108544       0x54 C:/devkitPro/libctru/lib\libctru.a(romfs_dev.o)
 .text.romfs_diropen
                0x0000000000108598       0x78 C:/devkitPro/libctru/lib\libctru.a(romfs_dev.o)
 .text.romfs_dirclose
                0x0000000000108610        0x8 C:/devkitPro/libctru/lib\libctru.a(romfs_dev.o)
 .text.romfsMount
                0x0000000000108618      0x340 C:/devkitPro/libctru/lib\libctru.a(romfs_dev.o)
                0x0000000000108618                romfsMount
 .text.getSysTime
                0x0000000000108958       0x58 C:/devkitPro/libctru/lib\libctru.a(os.o)
 .text.__ctru_speedup_config.part.0
                0x00000000001089b0       0x28 C:/devkitPro/libctru/lib\libctru.a(os.o)
 .text.osConvertVirtToPhys
                0x00000000001089d8       0x4c C:/devkitPro/libctru/lib\libctru.a(os.o)
                0x00000000001089d8                osConvertVirtToPhys
 .text.osGetMemRegionUsed
                0x0000000000108a24       0x24 C:/devkitPro/libctru/lib\libctru.a(os.o)
                0x0000000000108a24                osGetMemRegionUsed
 .text.__libctru_gtod
                0x0000000000108a48      0x128 C:/devkitPro/libctru/lib\libctru.a(os.o)
                0x0000000000108a48                __libctru_gtod
 .text.osGetTime
                0x0000000000108b70       0x78 C:/devkitPro/libctru/lib\libctru.a(os.o)
                0x0000000000108b70                osGetTime
 .text.__ctru_speedup_config
                0x0000000000108be8       0x18 C:/devkitPro/libctru/lib\libctru.a(os.o)
                0x0000000000108be8                __ctru_speedup_config
 .text.fontEnsureMapped
                0x0000000000108c00       0xbc C:/devkitPro/libctru/lib\libctru.a(font.o)
                0x0000000000108c00                fontEnsureMapped
 .text.fontGlyphIndexFromCodePoint
                0x0000000000108cbc       0xdc C:/devkitPro/libctru/lib\libctru.a(font.o)
                0x0000000000108cbc                fontGlyphIndexFromCodePoint
 .text.fontCalcGlyphPos
                0x0000000000108d98      0x1d8 C:/devkitPro/libctru/lib\libctru.a(font.o)
                0x0000000000108d98                fontCalcGlyphPos
 .text.gfxSetFramebufferInfo.part.0
                0x0000000000108f70       0x8c C:/devkitPro/libctru/lib\libctru.a(gfx.o)
 .text.gfxSetFramebufferInfo
                0x0000000000108ffc       0x6c C:/devkitPro/libctru/lib\libctru.a(gfx.o)
 .text.gfxGetFramebuffer.part.1
                0x0000000000109068       0x58 C:/devkitPro/libctru/lib\libctru.a(gfx.o)
 .text.gfxIs3D  0x00000000001090c0       0x10 C:/devkitPro/libctru/lib\libctru.a(gfx.o)
                0x00000000001090c0                gfxIs3D
 .text.__get_bytes_per_pixel
                0x00000000001090d0       0x18 C:/devkitPro/libctru/lib\libctru.a(gfx.o)
                0x00000000001090d0                __get_bytes_per_pixel
 .text.gfxSetScreenFormat
                0x00000000001090e8      0x184 C:/devkitPro/libctru/lib\libctru.a(gfx.o)
                0x00000000001090e8                gfxSetScreenFormat
 .text.gfxInit  0x000000000010926c      0x210 C:/devkitPro/libctru/lib\libctru.a(gfx.o)
                0x000000000010926c                gfxInit
 .text.gfxInitDefault
                0x000000000010947c       0x10 C:/devkitPro/libctru/lib\libctru.a(gfx.o)
                0x000000000010947c                gfxInitDefault
 .text.gfxExit  0x000000000010948c       0xe0 C:/devkitPro/libctru/lib\libctru.a(gfx.o)
                0x000000000010948c                gfxExit
 .text.gfxGetFramebuffer
                0x000000000010956c       0x60 C:/devkitPro/libctru/lib\libctru.a(gfx.o)
                0x000000000010956c                gfxGetFramebuffer
 .text.gfxConfigScreen
                0x00000000001095cc       0xf8 C:/devkitPro/libctru/lib\libctru.a(gfx.o)
                0x00000000001095cc                gfxConfigScreen
 .text.shaderInstanceInit
                0x00000000001096c4      0x1ec C:/devkitPro/libctru/lib\libctru.a(shaderProgram.o)
                0x00000000001096c4                shaderInstanceInit
 .text.shaderInstanceFree
                0x00000000001098b0       0x34 C:/devkitPro/libctru/lib\libctru.a(shaderProgram.o)
                0x00000000001098b0                shaderInstanceFree
 .text.shaderInstanceGetUniformLocation
                0x00000000001098e4       0x18 C:/devkitPro/libctru/lib\libctru.a(shaderProgram.o)
                0x00000000001098e4                shaderInstanceGetUniformLocation
 .text.shaderProgramInit
                0x00000000001098fc       0x18 C:/devkitPro/libctru/lib\libctru.a(shaderProgram.o)
                0x00000000001098fc                shaderProgramInit
 .text.shaderProgramFree
                0x0000000000109914       0x2c C:/devkitPro/libctru/lib\libctru.a(shaderProgram.o)
                0x0000000000109914                shaderProgramFree
 .text.shaderProgramSetVsh
                0x0000000000109940       0x6c C:/devkitPro/libctru/lib\libctru.a(shaderProgram.o)
                0x0000000000109940                shaderProgramSetVsh
 .text.shaderProgramConfigure
                0x00000000001099ac      0x8d4 C:/devkitPro/libctru/lib\libctru.a(shaderProgram.o)
                0x00000000001099ac                shaderProgramConfigure
 .text.DVLE_GenerateOutmap.part.0
                0x000000000010a280      0x1f8 C:/devkitPro/libctru/lib\libctru.a(shbin.o)
 .text.DVLB_ParseFile
                0x000000000010a478      0x1cc C:/devkitPro/libctru/lib\libctru.a(shbin.o)
                0x000000000010a478                DVLB_ParseFile
 .text.DVLB_Free
                0x000000000010a644       0x38 C:/devkitPro/libctru/lib\libctru.a(shbin.o)
                0x000000000010a644                DVLB_Free
 .text.DVLE_GetUniformRegister
                0x000000000010a67c       0x78 C:/devkitPro/libctru/lib\libctru.a(shbin.o)
                0x000000000010a67c                DVLE_GetUniformRegister
 .text.submitGxCommand
                0x000000000010a6f4       0x38 C:/devkitPro/libctru/lib\libctru.a(gx.o)
 .text.GX_BindQueue
                0x000000000010a72c       0x10 C:/devkitPro/libctru/lib\libctru.a(gx.o)
                0x000000000010a72c                GX_BindQueue
 .text.GX_ProcessCommandList
                0x000000000010a73c       0x50 C:/devkitPro/libctru/lib\libctru.a(gx.o)
                0x000000000010a73c                GX_ProcessCommandList
 .text.GX_MemoryFill
                0x000000000010a78c       0x54 C:/devkitPro/libctru/lib\libctru.a(gx.o)
                0x000000000010a78c                GX_MemoryFill
 .text.GX_DisplayTransfer
                0x000000000010a7e0       0x48 C:/devkitPro/libctru/lib\libctru.a(gx.o)
                0x000000000010a7e0                GX_DisplayTransfer
 .text.GX_TextureCopy
                0x000000000010a828       0x4c C:/devkitPro/libctru/lib\libctru.a(gx.o)
                0x000000000010a828                GX_TextureCopy
 .text.gxCmdQueueDoCommands.part.0
                0x000000000010a874       0x74 C:/devkitPro/libctru/lib\libctru.a(gxqueue.o)
 .text.gxCmdQueueInterrupt
                0x000000000010a8e8       0xc8 C:/devkitPro/libctru/lib\libctru.a(gxqueue.o)
                0x000000000010a8e8                gxCmdQueueInterrupt
 .text.gxCmdQueueClear
                0x000000000010a9b0       0x4c C:/devkitPro/libctru/lib\libctru.a(gxqueue.o)
                0x000000000010a9b0                gxCmdQueueClear
 .text.gxCmdQueueAdd
                0x000000000010a9fc       0xf8 C:/devkitPro/libctru/lib\libctru.a(gxqueue.o)
                0x000000000010a9fc                gxCmdQueueAdd
 .text.gxCmdQueueRun
                0x000000000010aaf4       0x80 C:/devkitPro/libctru/lib\libctru.a(gxqueue.o)
                0x000000000010aaf4                gxCmdQueueRun
 .text.gxCmdQueueStop
                0x000000000010ab74       0x60 C:/devkitPro/libctru/lib\libctru.a(gxqueue.o)
                0x000000000010ab74                gxCmdQueueStop
 .text.gxCmdQueueWait
                0x000000000010abd4       0x84 C:/devkitPro/libctru/lib\libctru.a(gxqueue.o)
                0x000000000010abd4                gxCmdQueueWait
 .text.GPUCMD_Add
                0x000000000010ac58      0x138 C:/devkitPro/libctru/lib\libctru.a(gpu.o)
                0x000000000010ac58                GPUCMD_Add
 .text.GPUCMD_Split
                0x000000000010ad90       0xb0 C:/devkitPro/libctru/lib\libctru.a(gpu.o)
                0x000000000010ad90                GPUCMD_Split
 .text.f32tof16
                0x000000000010ae40       0x34 C:/devkitPro/libctru/lib\libctru.a(gpu.o)
                0x000000000010ae40                f32tof16
 .text.f32tof24
                0x000000000010ae74       0x34 C:/devkitPro/libctru/lib\libctru.a(gpu.o)
                0x000000000010ae74                f32tof24
 .text.f32tof31
                0x000000000010aea8       0x38 C:/devkitPro/libctru/lib\libctru.a(gpu.o)
                0x000000000010aea8                f32tof31
 .text.gspInit  0x000000000010aee0       0x74 C:/devkitPro/libctru/lib\libctru.a(gspgpu.o)
                0x000000000010aee0                gspInit
 .text.gspExit  0x000000000010af54       0x3c C:/devkitPro/libctru/lib\libctru.a(gspgpu.o)
                0x000000000010af54                gspExit
 .text.gspSetEventCallback
                0x000000000010af90       0x34 C:/devkitPro/libctru/lib\libctru.a(gspgpu.o)
                0x000000000010af90                gspSetEventCallback
 .text.gspInitEventHandler
                0x000000000010afc4       0xa0 C:/devkitPro/libctru/lib\libctru.a(gspgpu.o)
                0x000000000010afc4                gspInitEventHandler
 .text.gspExitEventHandler
                0x000000000010b064       0x40 C:/devkitPro/libctru/lib\libctru.a(gspgpu.o)
                0x000000000010b064                gspExitEventHandler
 .text.gspWaitForEvent
                0x000000000010b0a4       0x44 C:/devkitPro/libctru/lib\libctru.a(gspgpu.o)
                0x000000000010b0a4                gspWaitForEvent
 .text.gspWaitForAnyEvent
                0x000000000010b0e8       0x64 C:/devkitPro/libctru/lib\libctru.a(gspgpu.o)
                0x000000000010b0e8                gspWaitForAnyEvent
 .text.gspEventThreadMain
                0x000000000010b14c      0x178 C:/devkitPro/libctru/lib\libctru.a(gspgpu.o)
 .text.gspSubmitGxCommand
                0x000000000010b2c4      0x120 C:/devkitPro/libctru/lib\libctru.a(gspgpu.o)
                0x000000000010b2c4                gspSubmitGxCommand
 .text.GSPGPU_SetBufferSwap
                0x000000000010b3e4       0x6c C:/devkitPro/libctru/lib\libctru.a(gspgpu.o)
                0x000000000010b3e4                GSPGPU_SetBufferSwap
 .text.GSPGPU_FlushDataCache
                0x000000000010b450       0x4c C:/devkitPro/libctru/lib\libctru.a(gspgpu.o)
                0x000000000010b450                GSPGPU_FlushDataCache
 .text.GSPGPU_SetLcdForceBlack
                0x000000000010b49c       0x34 C:/devkitPro/libctru/lib\libctru.a(gspgpu.o)
                0x000000000010b49c                GSPGPU_SetLcdForceBlack
 .text.GSPGPU_RegisterInterruptRelayQueue
                0x000000000010b4d0       0x64 C:/devkitPro/libctru/lib\libctru.a(gspgpu.o)
                0x000000000010b4d0                GSPGPU_RegisterInterruptRelayQueue
 .text.GSPGPU_UnregisterInterruptRelayQueue
                0x000000000010b534       0x2c C:/devkitPro/libctru/lib\libctru.a(gspgpu.o)
                0x000000000010b534                GSPGPU_UnregisterInterruptRelayQueue
 .text.GSPGPU_AcquireRight
                0x000000000010b560       0x48 C:/devkitPro/libctru/lib\libctru.a(gspgpu.o)
                0x000000000010b560                GSPGPU_AcquireRight
 .text.GSPGPU_ReleaseRight
                0x000000000010b5a8       0x2c C:/devkitPro/libctru/lib\libctru.a(gspgpu.o)
                0x000000000010b5a8                GSPGPU_ReleaseRight
 .text.GSPGPU_ImportDisplayCaptureInfo
                0x000000000010b5d4       0x80 C:/devkitPro/libctru/lib\libctru.a(gspgpu.o)
                0x000000000010b5d4                GSPGPU_ImportDisplayCaptureInfo
 .text.GSPGPU_SaveVramSysArea
                0x000000000010b654       0x2c C:/devkitPro/libctru/lib\libctru.a(gspgpu.o)
                0x000000000010b654                GSPGPU_SaveVramSysArea
 .text.GSPGPU_RestoreVramSysArea
                0x000000000010b680       0x2c C:/devkitPro/libctru/lib\libctru.a(gspgpu.o)
                0x000000000010b680                GSPGPU_RestoreVramSysArea
 .text.fsSessionForArchive.part.0
                0x000000000010b6ac       0x28 C:/devkitPro/libctru/lib\libctru.a(fs.o)
 .text.fsInit   0x000000000010b6d4       0xc4 C:/devkitPro/libctru/lib\libctru.a(fs.o)
                0x000000000010b6d4                fsInit
 .text.fsExit   0x000000000010b798       0x3c C:/devkitPro/libctru/lib\libctru.a(fs.o)
                0x000000000010b798                fsExit
 .text.fsExemptFromSession
                0x000000000010b7d4       0x64 C:/devkitPro/libctru/lib\libctru.a(fs.o)
                0x000000000010b7d4                fsExemptFromSession
 .text.fsUnexemptFromSession
                0x000000000010b838       0x54 C:/devkitPro/libctru/lib\libctru.a(fs.o)
                0x000000000010b838                fsUnexemptFromSession
 .text.FSUSER_OpenFile
                0x000000000010b88c       0xbc C:/devkitPro/libctru/lib\libctru.a(fs.o)
                0x000000000010b88c                FSUSER_OpenFile
 .text.FSUSER_OpenFileDirectly
                0x000000000010b948       0xd4 C:/devkitPro/libctru/lib\libctru.a(fs.o)
                0x000000000010b948                FSUSER_OpenFileDirectly
 .text.FSUSER_DeleteFile
                0x000000000010ba1c       0xa4 C:/devkitPro/libctru/lib\libctru.a(fs.o)
                0x000000000010ba1c                FSUSER_DeleteFile
 .text.FSUSER_RenameFile
                0x000000000010bac0       0xdc C:/devkitPro/libctru/lib\libctru.a(fs.o)
                0x000000000010bac0                FSUSER_RenameFile
 .text.FSUSER_DeleteDirectory
                0x000000000010bb9c       0xa4 C:/devkitPro/libctru/lib\libctru.a(fs.o)
                0x000000000010bb9c                FSUSER_DeleteDirectory
 .text.FSUSER_CreateFile
                0x000000000010bc40       0xbc C:/devkitPro/libctru/lib\libctru.a(fs.o)
                0x000000000010bc40                FSUSER_CreateFile
 .text.FSUSER_CreateDirectory
                0x000000000010bcfc       0xac C:/devkitPro/libctru/lib\libctru.a(fs.o)
                0x000000000010bcfc                FSUSER_CreateDirectory
 .text.FSUSER_RenameDirectory
                0x000000000010bda8       0xdc C:/devkitPro/libctru/lib\libctru.a(fs.o)
                0x000000000010bda8                FSUSER_RenameDirectory
 .text.FSUSER_OpenDirectory
                0x000000000010be84       0xa0 C:/devkitPro/libctru/lib\libctru.a(fs.o)
                0x000000000010be84                FSUSER_OpenDirectory
 .text.FSUSER_OpenArchive
                0x000000000010bf24       0x98 C:/devkitPro/libctru/lib\libctru.a(fs.o)
                0x000000000010bf24                FSUSER_OpenArchive
 .text.FSUSER_ControlArchive
                0x000000000010bfbc       0x98 C:/devkitPro/libctru/lib\libctru.a(fs.o)
                0x000000000010bfbc                FSUSER_ControlArchive
 .text.FSUSER_CloseArchive
                0x000000000010c054       0x70 C:/devkitPro/libctru/lib\libctru.a(fs.o)
                0x000000000010c054                FSUSER_CloseArchive
 .text.FSUSER_GetSdmcArchiveResource
                0x000000000010c0c4       0x78 C:/devkitPro/libctru/lib\libctru.a(fs.o)
                0x000000000010c0c4                FSUSER_GetSdmcArchiveResource
 .text.FSUSER_IsSdmcWritable
                0x000000000010c13c       0x64 C:/devkitPro/libctru/lib\libctru.a(fs.o)
                0x000000000010c13c                FSUSER_IsSdmcWritable
 .text.FSFILE_Read
                0x000000000010c1a0       0x58 C:/devkitPro/libctru/lib\libctru.a(fs.o)
                0x000000000010c1a0                FSFILE_Read
 .text.FSFILE_Write
                0x000000000010c1f8       0x64 C:/devkitPro/libctru/lib\libctru.a(fs.o)
                0x000000000010c1f8                FSFILE_Write
 .text.FSFILE_GetSize
                0x000000000010c25c       0x38 C:/devkitPro/libctru/lib\libctru.a(fs.o)
                0x000000000010c25c                FSFILE_GetSize
 .text.FSFILE_SetSize
                0x000000000010c294       0x28 C:/devkitPro/libctru/lib\libctru.a(fs.o)
                0x000000000010c294                FSFILE_SetSize
 .text.FSFILE_Close
                0x000000000010c2bc       0x3c C:/devkitPro/libctru/lib\libctru.a(fs.o)
                0x000000000010c2bc                FSFILE_Close
 .text.FSFILE_Flush
                0x000000000010c2f8       0x24 C:/devkitPro/libctru/lib\libctru.a(fs.o)
                0x000000000010c2f8                FSFILE_Flush
 .text.FSDIR_Read
                0x000000000010c31c       0x54 C:/devkitPro/libctru/lib\libctru.a(fs.o)
                0x000000000010c31c                FSDIR_Read
 .text.FSDIR_Close
                0x000000000010c370       0x3c C:/devkitPro/libctru/lib\libctru.a(fs.o)
                0x000000000010c370                FSDIR_Close
 .text._aptDebug
                0x000000000010c3ac        0x4 C:/devkitPro/libctru/lib\libctru.a(apt.o)
                0x000000000010c3ac                _aptDebug
 .text.aptSendCommand
                0x000000000010c3b0      0x170 C:/devkitPro/libctru/lib\libctru.a(apt.o)
                0x000000000010c3b0                aptSendCommand
 .text.aptExitProcess
                0x000000000010c520       0x3c C:/devkitPro/libctru/lib\libctru.a(apt.o)
 .text.aptHook  0x000000000010c55c       0x34 C:/devkitPro/libctru/lib\libctru.a(apt.o)
                0x000000000010c55c                aptHook
 .text.aptUnhook
                0x000000000010c590       0x2c C:/devkitPro/libctru/lib\libctru.a(apt.o)
                0x000000000010c590                aptUnhook
 .text.APT_InquireNotification
                0x000000000010c5bc       0x4c C:/devkitPro/libctru/lib\libctru.a(apt.o)
                0x000000000010c5bc                APT_InquireNotification
 .text.aptEventHandler
                0x000000000010c608      0x198 C:/devkitPro/libctru/lib\libctru.a(apt.o)
 .text.APT_AppletUtility
                0x000000000010c7a0       0x74 C:/devkitPro/libctru/lib\libctru.a(apt.o)
                0x000000000010c7a0                APT_AppletUtility
 .text.aptSetSleepAllowed
                0x000000000010c814       0xb0 C:/devkitPro/libctru/lib\libctru.a(apt.o)
                0x000000000010c814                aptSetSleepAllowed
 .text.APT_GlanceParameter
                0x000000000010c8c4       0xb0 C:/devkitPro/libctru/lib\libctru.a(apt.o)
                0x000000000010c8c4                APT_GlanceParameter
 .text.APT_ReceiveParameter
                0x000000000010c974       0xc4 C:/devkitPro/libctru/lib\libctru.a(apt.o)
                0x000000000010c974                APT_ReceiveParameter
 .text.aptReceiveParameter.constprop.0
                0x000000000010ca38       0xbc C:/devkitPro/libctru/lib\libctru.a(apt.o)
 *fill*         0x000000000010caf4        0x4 
 .text.aptScreenTransfer
                0x000000000010caf8      0x1e0 C:/devkitPro/libctru/lib\libctru.a(apt.o)
 .text.aptWaitForWakeUp
                0x000000000010ccd8      0x210 C:/devkitPro/libctru/lib\libctru.a(apt.o)
 .text.APT_CancelParameter
                0x000000000010cee8       0x70 C:/devkitPro/libctru/lib\libctru.a(apt.o)
                0x000000000010cee8                APT_CancelParameter
 .text.aptInit  0x000000000010cf58      0x25c C:/devkitPro/libctru/lib\libctru.a(apt.o)
                0x000000000010cf58                aptInit
 .text.aptClearParamQueue
                0x000000000010d1b4       0x88 C:/devkitPro/libctru/lib\libctru.a(apt.o)
 .text.aptMainLoop
                0x000000000010d23c      0x208 C:/devkitPro/libctru/lib\libctru.a(apt.o)
                0x000000000010d23c                aptMainLoop
 *fill*         0x000000000010d444        0x4 
 .text.aptExit  0x000000000010d448      0x23c C:/devkitPro/libctru/lib\libctru.a(apt.o)
                0x000000000010d448                aptExit
 .text.APT_CheckNew3DS
                0x000000000010d684       0x7c C:/devkitPro/libctru/lib\libctru.a(apt.o)
                0x000000000010d684                APT_CheckNew3DS
 .text.APT_GetSharedFont
                0x000000000010d700       0x48 C:/devkitPro/libctru/lib\libctru.a(apt.o)
                0x000000000010d700                APT_GetSharedFont
 .text.hidCheckSectionUpdateTime.part.0
                0x000000000010d748       0x28 C:/devkitPro/libctru/lib\libctru.a(hid.o)
 .text.hidExit  0x000000000010d770       0xd0 C:/devkitPro/libctru/lib\libctru.a(hid.o)
                0x000000000010d770                hidExit
 .text.hidScanInput
                0x000000000010d840      0x210 C:/devkitPro/libctru/lib\libctru.a(hid.o)
                0x000000000010d840                hidScanInput
 .text.hidKeysDown
                0x000000000010da50       0x10 C:/devkitPro/libctru/lib\libctru.a(hid.o)
                0x000000000010da50                hidKeysDown
 .text.hidTouchRead
                0x000000000010da60       0x18 C:/devkitPro/libctru/lib\libctru.a(hid.o)
                0x000000000010da60                hidTouchRead
 .text.HIDUSER_GetHandles
                0x000000000010da78       0x90 C:/devkitPro/libctru/lib\libctru.a(hid.o)
                0x000000000010da78                HIDUSER_GetHandles
 .text.hidInit  0x000000000010db08      0x1a4 C:/devkitPro/libctru/lib\libctru.a(hid.o)
                0x000000000010db08                hidInit
 .text.ptmSysmInit
                0x000000000010dcac       0x74 C:/devkitPro/libctru/lib\libctru.a(ptmsysm.o)
                0x000000000010dcac                ptmSysmInit
 .text.ptmSysmExit
                0x000000000010dd20       0x3c C:/devkitPro/libctru/lib\libctru.a(ptmsysm.o)
                0x000000000010dd20                ptmSysmExit
 .text.PTMSYSM_ConfigureNew3DSCPU
                0x000000000010dd5c       0x34 C:/devkitPro/libctru/lib\libctru.a(ptmsysm.o)
                0x000000000010dd5c                PTMSYSM_ConfigureNew3DSCPU
 .text.iov_memmove
                0x000000000010dd90      0x128 C:/devkitPro/libctru/lib\libctru.a(decompress.o)
 .text.buffer_read
                0x000000000010deb8       0xd8 C:/devkitPro/libctru/lib\libctru.a(decompress.o)
 .text.iov_read
                0x000000000010df90       0xdc C:/devkitPro/libctru/lib\libctru.a(decompress.o)
 .text.decompress_lzss
                0x000000000010e06c      0x268 C:/devkitPro/libctru/lib\libctru.a(decompress.o)
 .text.decompress_huff.isra.1.part.2
                0x000000000010e2d4      0x2c4 C:/devkitPro/libctru/lib\libctru.a(decompress.o)
 .text.decompress_rle
                0x000000000010e598      0x1d4 C:/devkitPro/libctru/lib\libctru.a(decompress.o)
 .text.decompress_lz11
                0x000000000010e76c      0x444 C:/devkitPro/libctru/lib\libctru.a(decompress.o)
 .text.decompressCallback_Stdio
                0x000000000010ebb0       0x14 C:/devkitPro/libctru/lib\libctru.a(decompress.o)
                0x000000000010ebb0                decompressCallback_Stdio
 .text.decompressHeader
                0x000000000010ebc4       0xe8 C:/devkitPro/libctru/lib\libctru.a(decompress.o)
                0x000000000010ebc4                decompressHeader
 .text.decompressV
                0x000000000010ecac      0x268 C:/devkitPro/libctru/lib\libctru.a(decompress.o)
                0x000000000010ecac                decompressV
 .text.rbtree_init
                0x000000000010ef14       0x14 C:/devkitPro/libctru/lib\libctru.a(rbtree_init.o)
                0x000000000010ef14                rbtree_init
 .text.do_insert
                0x000000000010ef28      0x18c C:/devkitPro/libctru/lib\libctru.a(rbtree_insert.o)
 .text.rbtree_insert
                0x000000000010f0b4        0x8 C:/devkitPro/libctru/lib\libctru.a(rbtree_insert.o)
                0x000000000010f0b4                rbtree_insert
 .text.rbtree_rotate
                0x000000000010f0bc       0x90 C:/devkitPro/libctru/lib\libctru.a(rbtree_rotate.o)
                0x000000000010f0bc                rbtree_rotate
 .text.rbtree_remove
                0x000000000010f14c      0x330 C:/devkitPro/libctru/lib\libctru.a(rbtree_remove.o)
                0x000000000010f14c                rbtree_remove
 .text.rbtree_find
                0x000000000010f47c       0x74 C:/devkitPro/libctru/lib\libctru.a(rbtree_find.o)
                0x000000000010f47c                rbtree_find
 .text.utf8_to_utf16
                0x000000000010f4f0       0xc0 C:/devkitPro/libctru/lib\libctru.a(utf8_to_utf16.o)
                0x000000000010f4f0                utf8_to_utf16
 .text.decode_utf8
                0x000000000010f5b0      0x138 C:/devkitPro/libctru/lib\libctru.a(decode_utf8.o)
                0x000000000010f5b0                decode_utf8
 .text.utf16_to_utf8
                0x000000000010f6e8       0xe8 C:/devkitPro/libctru/lib\libctru.a(utf16_to_utf8.o)
                0x000000000010f6e8                utf16_to_utf8
 .text.__libctru_init
                0x000000000010f7d0       0x38 C:/devkitPro/libctru/lib\libctru.a(initSystem.o)
                0x000000000010f7d0                __libctru_init
 .text.__libctru_nanosleep
                0x000000000010f808       0x38 C:/devkitPro/libctru/lib\libctru.a(syscalls.o)
 .text.__ctru_get_reent
                0x000000000010f840       0x30 C:/devkitPro/libctru/lib\libctru.a(syscalls.o)
 .text.__system_initSyscalls
                0x000000000010f870       0xfc C:/devkitPro/libctru/lib\libctru.a(syscalls.o)
                0x000000000010f870                __system_initSyscalls
 .text.__system_allocateHeaps
                0x000000000010f96c      0x104 C:/devkitPro/libctru/lib\libctru.a(allocateHeaps.o)
                0x000000000010f96c                __system_allocateHeaps
 .text.__system_initArgv
                0x000000000010fa70       0xf0 C:/devkitPro/libctru/lib\libctru.a(initArgv.o)
                0x000000000010fa70                __system_initArgv
 .text.svcControlMemory
                0x000000000010fb60       0x20 C:/devkitPro/libctru/lib\libctru.a(svc.o)
                0x000000000010fb60                svcControlMemory
 .text.svcExitProcess
                0x000000000010fb80        0x8 C:/devkitPro/libctru/lib\libctru.a(svc.o)
                0x000000000010fb80                svcExitProcess
 .text.svcCreateThread
                0x000000000010fb88       0x20 C:/devkitPro/libctru/lib\libctru.a(svc.o)
                0x000000000010fb88                svcCreateThread
 .text.svcExitThread
                0x000000000010fba8        0x8 C:/devkitPro/libctru/lib\libctru.a(svc.o)
                0x000000000010fba8                svcExitThread
 .text.svcSleepThread
                0x000000000010fbb0        0x8 C:/devkitPro/libctru/lib\libctru.a(svc.o)
                0x000000000010fbb0                svcSleepThread
 .text.svcReleaseMutex
                0x000000000010fbb8        0x8 C:/devkitPro/libctru/lib\libctru.a(svc.o)
                0x000000000010fbb8                svcReleaseMutex
 .text.svcCreateEvent
                0x000000000010fbc0       0x14 C:/devkitPro/libctru/lib\libctru.a(svc.o)
                0x000000000010fbc0                svcCreateEvent
 .text.svcSignalEvent
                0x000000000010fbd4        0x8 C:/devkitPro/libctru/lib\libctru.a(svc.o)
                0x000000000010fbd4                svcSignalEvent
 .text.svcClearEvent
                0x000000000010fbdc        0x8 C:/devkitPro/libctru/lib\libctru.a(svc.o)
                0x000000000010fbdc                svcClearEvent
 .text.svcMapMemoryBlock
                0x000000000010fbe4        0x8 C:/devkitPro/libctru/lib\libctru.a(svc.o)
                0x000000000010fbe4                svcMapMemoryBlock
 .text.svcUnmapMemoryBlock
                0x000000000010fbec        0x8 C:/devkitPro/libctru/lib\libctru.a(svc.o)
                0x000000000010fbec                svcUnmapMemoryBlock
 .text.svcCreateAddressArbiter
                0x000000000010fbf4       0x14 C:/devkitPro/libctru/lib\libctru.a(svc.o)
                0x000000000010fbf4                svcCreateAddressArbiter
 .text.svcArbitrateAddress
                0x000000000010fc08       0x18 C:/devkitPro/libctru/lib\libctru.a(svc.o)
                0x000000000010fc08                svcArbitrateAddress
 .text.svcCloseHandle
                0x000000000010fc20        0x8 C:/devkitPro/libctru/lib\libctru.a(svc.o)
                0x000000000010fc20                svcCloseHandle
 .text.svcWaitSynchronization
                0x000000000010fc28        0x8 C:/devkitPro/libctru/lib\libctru.a(svc.o)
                0x000000000010fc28                svcWaitSynchronization
 .text.svcWaitSynchronizationN
                0x000000000010fc30       0x28 C:/devkitPro/libctru/lib\libctru.a(svc.o)
                0x000000000010fc30                svcWaitSynchronizationN
 .text.svcDuplicateHandle
                0x000000000010fc58       0x14 C:/devkitPro/libctru/lib\libctru.a(svc.o)
                0x000000000010fc58                svcDuplicateHandle
 .text.svcGetSystemTick
                0x000000000010fc6c        0x8 C:/devkitPro/libctru/lib\libctru.a(svc.o)
                0x000000000010fc6c                svcGetSystemTick
 .text.svcGetSystemInfo
                0x000000000010fc74       0x18 C:/devkitPro/libctru/lib\libctru.a(svc.o)
                0x000000000010fc74                svcGetSystemInfo
 .text.svcConnectToPort
                0x000000000010fc8c       0x14 C:/devkitPro/libctru/lib\libctru.a(svc.o)
                0x000000000010fc8c                svcConnectToPort
 .text.svcSendSyncRequest
                0x000000000010fca0        0x8 C:/devkitPro/libctru/lib\libctru.a(svc.o)
                0x000000000010fca0                svcSendSyncRequest
 .text.svcBreak
                0x000000000010fca8        0x8 C:/devkitPro/libctru/lib\libctru.a(svc.o)
                0x000000000010fca8                svcBreak
 .text._ZL21addrMapNodeComparatorPK11rbtree_nodeS1_
                0x000000000010fcb0       0x24 C:/devkitPro/libctru/lib\libctru.a(mappable.o)
 .text._ZL21addrMapNodeDestructorP11rbtree_node
                0x000000000010fcd4        0x4 C:/devkitPro/libctru/lib\libctru.a(mappable.o)
 .text.mappableAlloc
                0x000000000010fcd8       0xe4 C:/devkitPro/libctru/lib\libctru.a(mappable.o)
                0x000000000010fcd8                mappableAlloc
 .text.mappableFree
                0x000000000010fdbc       0x50 C:/devkitPro/libctru/lib\libctru.a(mappable.o)
                0x000000000010fdbc                mappableFree
 .text.LightLock_Unlock.part.1
                0x000000000010fe0c       0x38 C:/devkitPro/libctru/lib\libctru.a(synchronization.o)
 .text.__sync_init
                0x000000000010fe44        0xc C:/devkitPro/libctru/lib\libctru.a(synchronization.o)
                0x000000000010fe44                __sync_init
 .text.__sync_fini
                0x000000000010fe50       0x18 C:/devkitPro/libctru/lib\libctru.a(synchronization.o)
                0x000000000010fe50                __sync_fini
 .text.__sync_get_arbiter
                0x000000000010fe68       0x10 C:/devkitPro/libctru/lib\libctru.a(synchronization.o)
                0x000000000010fe68                __sync_get_arbiter
 .text.LightLock_Init
                0x000000000010fe78       0x18 C:/devkitPro/libctru/lib\libctru.a(synchronization.o)
                0x000000000010fe78                LightLock_Init
 .text.LightLock_Lock
                0x000000000010fe90       0x9c C:/devkitPro/libctru/lib\libctru.a(synchronization.o)
                0x000000000010fe90                LightLock_Lock
 .text.LightLock_TryLock
                0x000000000010ff2c       0x34 C:/devkitPro/libctru/lib\libctru.a(synchronization.o)
                0x000000000010ff2c                LightLock_TryLock
 .text.LightLock_Unlock
                0x000000000010ff60       0x20 C:/devkitPro/libctru/lib\libctru.a(synchronization.o)
                0x000000000010ff60                LightLock_Unlock
 .text.RecursiveLock_Init
                0x000000000010ff80       0x24 C:/devkitPro/libctru/lib\libctru.a(synchronization.o)
                0x000000000010ff80                RecursiveLock_Init
 .text.RecursiveLock_Lock
                0x000000000010ffa4       0x30 C:/devkitPro/libctru/lib\libctru.a(synchronization.o)
                0x000000000010ffa4                RecursiveLock_Lock
 .text.RecursiveLock_TryLock
                0x000000000010ffd4       0x58 C:/devkitPro/libctru/lib\libctru.a(synchronization.o)
                0x000000000010ffd4                RecursiveLock_TryLock
 .text.RecursiveLock_Unlock
                0x000000000011002c       0x38 C:/devkitPro/libctru/lib\libctru.a(synchronization.o)
                0x000000000011002c                RecursiveLock_Unlock
 .text.LightEvent_Init
                0x0000000000110064       0x38 C:/devkitPro/libctru/lib\libctru.a(synchronization.o)
                0x0000000000110064                LightEvent_Init
 .text.LightEvent_Clear
                0x000000000011009c       0x7c C:/devkitPro/libctru/lib\libctru.a(synchronization.o)
                0x000000000011009c                LightEvent_Clear
 .text.LightEvent_Signal
                0x0000000000110118       0xdc C:/devkitPro/libctru/lib\libctru.a(synchronization.o)
                0x0000000000110118                LightEvent_Signal
 .text.LightEvent_Wait
                0x00000000001101f4       0xc0 C:/devkitPro/libctru/lib\libctru.a(synchronization.o)
                0x00000000001101f4                LightEvent_Wait
 .text.envGetHandle
                0x00000000001102b4       0x80 C:/devkitPro/libctru/lib\libctru.a(env.o)
                0x00000000001102b4                envGetHandle
 .text.envDestroyHandles
                0x0000000000110334       0x4c C:/devkitPro/libctru/lib\libctru.a(env.o)
                0x0000000000110334                envDestroyHandles
 .text.srvExit  0x0000000000110380       0x58 C:/devkitPro/libctru/lib\libctru.a(srv.o)
                0x0000000000110380                srvExit
 .text.srvRegisterClient
                0x00000000001103d8       0x38 C:/devkitPro/libctru/lib\libctru.a(srv.o)
                0x00000000001103d8                srvRegisterClient
 .text.srvInit  0x0000000000110410       0xc8 C:/devkitPro/libctru/lib\libctru.a(srv.o)
                0x0000000000110410                srvInit
 .text.srvGetServiceHandleDirect
                0x00000000001104d8       0x80 C:/devkitPro/libctru/lib\libctru.a(srv.o)
                0x00000000001104d8                srvGetServiceHandleDirect
 .text.srvGetServiceHandle
                0x0000000000110558       0x38 C:/devkitPro/libctru/lib\libctru.a(srv.o)
                0x0000000000110558                srvGetServiceHandle
 .text.threadFree.part.0
                0x0000000000110590       0x1c C:/devkitPro/libctru/lib\libctru.a(thread.o)
 .text.threadCreate
                0x00000000001105ac      0x194 C:/devkitPro/libctru/lib\libctru.a(thread.o)
                0x00000000001105ac                threadCreate
 .text.threadJoin
                0x0000000000110740       0x24 C:/devkitPro/libctru/lib\libctru.a(thread.o)
                0x0000000000110740                threadJoin
 .text.threadExit
                0x0000000000110764       0x68 C:/devkitPro/libctru/lib\libctru.a(thread.o)
                0x0000000000110764                threadExit
 .text._thread_begin
                0x00000000001107cc       0x48 C:/devkitPro/libctru/lib\libctru.a(thread.o)
 .text.irrstScanInput
                0x0000000000110814       0xac C:/devkitPro/libctru/lib\libctru.a(irrst.o)
                0x0000000000110814                irrstScanInput
 .text.irrstKeysHeld
                0x00000000001108c0       0x24 C:/devkitPro/libctru/lib\libctru.a(irrst.o)
                0x00000000001108c0                irrstKeysHeld
 .text.IRRST_GetHandles
                0x00000000001108e4       0x50 C:/devkitPro/libctru/lib\libctru.a(irrst.o)
                0x00000000001108e4                IRRST_GetHandles
 .text.irrstInit
                0x0000000000110934      0x154 C:/devkitPro/libctru/lib\libctru.a(irrst.o)
                0x0000000000110934                irrstInit
 .text.IRRST_Shutdown
                0x0000000000110a88       0x2c C:/devkitPro/libctru/lib\libctru.a(irrst.o)
                0x0000000000110a88                IRRST_Shutdown
 .text.irrstExit
                0x0000000000110ab4       0xac C:/devkitPro/libctru/lib\libctru.a(irrst.o)
                0x0000000000110ab4                irrstExit
 .text.srvPmGetSessionHandle
                0x0000000000110b60        0xc C:/devkitPro/libctru/lib\libctru.a(srvpm.o)
                0x0000000000110b60                srvPmGetSessionHandle
 .text.rbtree_node_next
                0x0000000000110b6c       0x78 C:/devkitPro/libctru/lib\libctru.a(rbtree_iterator.o)
                0x0000000000110b6c                rbtree_node_next
 .text.encode_utf16
                0x0000000000110be4       0x68 C:/devkitPro/libctru/lib\libctru.a(encode_utf16.o)
                0x0000000000110be4                encode_utf16
 .text.encode_utf8
                0x0000000000110c4c      0x104 C:/devkitPro/libctru/lib\libctru.a(encode_utf8.o)
                0x0000000000110c4c                encode_utf8
 .text.decode_utf16
                0x0000000000110d50       0x60 C:/devkitPro/libctru/lib\libctru.a(decode_utf16.o)
                0x0000000000110d50                decode_utf16
 .text.__appInit
                0x0000000000110db0       0x1c C:/devkitPro/libctru/lib\libctru.a(appInit.o)
                0x0000000000110db0                __appInit
 .text.__appExit
                0x0000000000110dcc       0x1c C:/devkitPro/libctru/lib\libctru.a(appExit.o)
                0x0000000000110dcc                __appExit
 .text.__libctru_exit
                0x0000000000110de8       0xa0 C:/devkitPro/libctru/lib\libctru.a(ctru_exit.o)
                0x0000000000110de8                __libctru_exit
 .text.sdmc_link
                0x0000000000110e88       0x10 C:/devkitPro/libctru/lib\libctru.a(sdmc_dev.o)
 .text.sdmc_dirreset
                0x0000000000110e98       0x10 C:/devkitPro/libctru/lib\libctru.a(sdmc_dev.o)
 .text.sdmc_chmod
                0x0000000000110ea8       0x10 C:/devkitPro/libctru/lib\libctru.a(sdmc_dev.o)
 .text.error_cmp
                0x0000000000110eb8       0x24 C:/devkitPro/libctru/lib\libctru.a(sdmc_dev.o)
 .text.sdmc_translate_error
                0x0000000000110edc       0x50 C:/devkitPro/libctru/lib\libctru.a(sdmc_dev.o)
 .text.sdmc_fsync
                0x0000000000110f2c       0x34 C:/devkitPro/libctru/lib\libctru.a(sdmc_dev.o)
 .text.sdmc_ftruncate
                0x0000000000110f60       0x54 C:/devkitPro/libctru/lib\libctru.a(sdmc_dev.o)
 .text.sdmc_statvfs
                0x0000000000110fb4       0xb8 C:/devkitPro/libctru/lib\libctru.a(sdmc_dev.o)
 .text.sdmc_dirclose
                0x000000000011106c       0x38 C:/devkitPro/libctru/lib\libctru.a(sdmc_dev.o)
 .text.sdmc_dirnext
                0x00000000001110a4      0x12c C:/devkitPro/libctru/lib\libctru.a(sdmc_dev.o)
 .text.sdmc_close
                0x00000000001111d0       0x34 C:/devkitPro/libctru/lib\libctru.a(sdmc_dev.o)
 .text.sdmc_fstat
                0x0000000000111204       0x74 C:/devkitPro/libctru/lib\libctru.a(sdmc_dev.o)
 .text.sdmc_seek
                0x0000000000111278       0xd8 C:/devkitPro/libctru/lib\libctru.a(sdmc_dev.o)
 .text.sdmc_read
                0x0000000000111350       0x84 C:/devkitPro/libctru/lib\libctru.a(sdmc_dev.o)
 .text.sdmc_write
                0x00000000001113d4       0xc0 C:/devkitPro/libctru/lib\libctru.a(sdmc_dev.o)
 .text.sdmc_utf16path
                0x0000000000111494      0x1b0 C:/devkitPro/libctru/lib\libctru.a(sdmc_dev.o)
 .text.sdmc_rmdir
                0x0000000000111644       0x74 C:/devkitPro/libctru/lib\libctru.a(sdmc_dev.o)
 .text.sdmc_diropen
                0x00000000001116b8       0xa4 C:/devkitPro/libctru/lib\libctru.a(sdmc_dev.o)
 .text.sdmc_chdir
                0x000000000011175c       0xb0 C:/devkitPro/libctru/lib\libctru.a(sdmc_dev.o)
 .text.sdmc_mkdir
                0x000000000011180c       0x94 C:/devkitPro/libctru/lib\libctru.a(sdmc_dev.o)
 .text.sdmc_rename
                0x00000000001118a0      0x108 C:/devkitPro/libctru/lib\libctru.a(sdmc_dev.o)
 .text.sdmc_unlink
                0x00000000001119a8       0x74 C:/devkitPro/libctru/lib\libctru.a(sdmc_dev.o)
 .text.sdmc_stat
                0x0000000000111a1c      0x108 C:/devkitPro/libctru/lib\libctru.a(sdmc_dev.o)
 .text.sdmc_open
                0x0000000000111b24      0x198 C:/devkitPro/libctru/lib\libctru.a(sdmc_dev.o)
 .text.sdmc_fchmod
                0x0000000000111cbc       0x10 C:/devkitPro/libctru/lib\libctru.a(sdmc_dev.o)
 .text.sdmcInit
                0x0000000000111ccc      0x168 C:/devkitPro/libctru/lib\libctru.a(sdmc_dev.o)
                0x0000000000111ccc                sdmcInit
 .text.sdmcExit
                0x0000000000111e34       0x60 C:/devkitPro/libctru/lib\libctru.a(sdmc_dev.o)
                0x0000000000111e34                sdmcExit
 .text.__aeabi_read_tp
                0x0000000000111e94        0xc C:/devkitPro/libctru/lib\libctru.a(readtp.o)
                0x0000000000111e94                __aeabi_read_tp
 .text.cosf     0x0000000000111ea0      0x234 c:/devkitpro/devkitarm/bin/../lib/gcc/arm-none-eabi/8.3.0/../../../../arm-none-eabi/lib/armv6k/fpu\libm.a(lib_a-cosf.o)
                0x0000000000111ea0                cosf
 .text.with_errnof
                0x00000000001120d4       0x24 c:/devkitpro/devkitarm/bin/../lib/gcc/arm-none-eabi/8.3.0/../../../../arm-none-eabi/lib/armv6k/fpu\libm.a(lib_a-math_errf.o)
 .text.__math_invalidf
                0x00000000001120f8       0x1c c:/devkitpro/devkitarm/bin/../lib/gcc/arm-none-eabi/8.3.0/../../../../arm-none-eabi/lib/armv6k/fpu\libm.a(lib_a-math_errf.o)
                0x00000000001120f8                __math_invalidf
 .text.ceilf    0x0000000000112114       0xb4 c:/devkitpro/devkitarm/bin/../lib/gcc/arm-none-eabi/8.3.0/../../../../arm-none-eabi/lib/armv6k/fpu\libm.a(lib_a-sf_ceil.o)
                0x0000000000112114                ceilf
 .text.sinf     0x00000000001121c8      0x250 c:/devkitpro/devkitarm/bin/../lib/gcc/arm-none-eabi/8.3.0/../../../../arm-none-eabi/lib/armv6k/fpu\libm.a(lib_a-sinf.o)
                0x00000000001121c8                sinf
 .text.sqrt     0x0000000000112418       0xf0 c:/devkitpro/devkitarm/bin/../lib/gcc/arm-none-eabi/8.3.0/../../../../arm-none-eabi/lib/armv6k/fpu\libm.a(lib_a-w_sqrt.o)
                0x0000000000112418                sqrt
 .text.__ieee754_sqrt
                0x0000000000112508        0x8 c:/devkitpro/devkitarm/bin/../lib/gcc/arm-none-eabi/8.3.0/../../../../arm-none-eabi/lib/armv6k/fpu\libm.a(lib_a-e_sqrt.o)
                0x0000000000112508                __ieee754_sqrt
 .text.matherr  0x0000000000112510        0x8 c:/devkitpro/devkitarm/bin/../lib/gcc/arm-none-eabi/8.3.0/../../../../arm-none-eabi/lib/armv6k/fpu\libm.a(lib_a-s_matherr.o)
                0x0000000000112510                matherr
 .text.__fixdfdi
                0x0000000000112518       0x2c c:/devkitpro/devkitarm/bin/../lib/gcc/arm-none-eabi/8.3.0/armv6k/fpu\libgcc.a(_fixdfdi.o)
                0x0000000000112518                __fixdfdi
                0x0000000000112518                __aeabi_d2lz
 *fill*         0x0000000000112544        0x4 
 .text.__fixunsdfdi
                0x0000000000112548       0x40 c:/devkitpro/devkitarm/bin/../lib/gcc/arm-none-eabi/8.3.0/armv6k/fpu\libgcc.a(_fixunsdfdi.o)
                0x0000000000112548                __fixunsdfdi
                0x0000000000112548                __aeabi_d2ulz
 .text.__udivmoddi4
                0x0000000000112588      0x128 c:/devkitpro/devkitarm/bin/../lib/gcc/arm-none-eabi/8.3.0/armv6k/fpu\libgcc.a(_udivmoddi4.o)
                0x0000000000112588                __udivmoddi4
 .text.atoi     0x00000000001126b0        0xc c:/devkitpro/devkitarm/bin/../lib/gcc/arm-none-eabi/8.3.0/../../../../arm-none-eabi/lib/armv6k/fpu\libg.a(lib_a-atoi.o)
                0x00000000001126b0                atoi
 .text.bsearch  0x00000000001126bc       0x7c c:/devkitpro/devkitarm/bin/../lib/gcc/arm-none-eabi/8.3.0/../../../../arm-none-eabi/lib/armv6k/fpu\libg.a(lib_a-bsearch.o)
                0x00000000001126bc                bsearch
 .text.calloc   0x0000000000112738       0x20 c:/devkitpro/devkitarm/bin/../lib/gcc/arm-none-eabi/8.3.0/../../../../arm-none-eabi/lib/armv6k/fpu\libg.a(lib_a-calloc.o)
                0x0000000000112738                calloc
 .text._calloc_r
                0x0000000000112758       0x94 c:/devkitpro/devkitarm/bin/../lib/gcc/arm-none-eabi/8.3.0/../../../../arm-none-eabi/lib/armv6k/fpu\libg.a(lib_a-callocr.o)
                0x0000000000112758                _calloc_r
 .text.__errno  0x00000000001127ec        0xc c:/devkitpro/devkitarm/bin/../lib/gcc/arm-none-eabi/8.3.0/../../../../arm-none-eabi/lib/armv6k/fpu\libg.a(lib_a-errno.o)
                0x00000000001127ec                __errno
 .text._fclose_r
                0x00000000001127f8      0x160 c:/devkitpro/devkitarm/bin/../lib/gcc/arm-none-eabi/8.3.0/../../../../arm-none-eabi/lib/armv6k/fpu\libg.a(lib_a-fclose.o)
                0x00000000001127f8                _fclose_r
 .text.fclose   0x0000000000112958       0x18 c:/devkitpro/devkitarm/bin/../lib/gcc/arm-none-eabi/8.3.0/../../../../arm-none-eabi/lib/armv6k/fpu\libg.a(lib_a-fclose.o)
                0x0000000000112958                fclose
 .text.__sflush_r
                0x0000000000112970      0x270 c:/devkitpro/devkitarm/bin/../lib/gcc/arm-none-eabi/8.3.0/../../../../arm-none-eabi/lib/armv6k/fpu\libg.a(lib_a-fflush.o)
                0x0000000000112970                __sflush_r
 .text._fflush_r
                0x0000000000112be0       0x94 c:/devkitpro/devkitarm/bin/../lib/gcc/arm-none-eabi/8.3.0/../../../../arm-none-eabi/lib/armv6k/fpu\libg.a(lib_a-fflush.o)
                0x0000000000112be0                _fflush_r
 .text.fflush   0x0000000000112c74       0x38 c:/devkitpro/devkitarm/bin/../lib/gcc/arm-none-eabi/8.3.0/../../../../arm-none-eabi/lib/armv6k/fpu\libg.a(lib_a-fflush.o)
                0x0000000000112c74                fflush
 .text.std      0x0000000000112cac       0x78 c:/devkitpro/devkitarm/bin/../lib/gcc/arm-none-eabi/8.3.0/../../../../arm-none-eabi/lib/armv6k/fpu\libg.a(lib_a-findfp.o)
 .text._cleanup_r
                0x0000000000112d24        0xc c:/devkitpro/devkitarm/bin/../lib/gcc/arm-none-eabi/8.3.0/../../../../arm-none-eabi/lib/armv6k/fpu\libg.a(lib_a-findfp.o)
                0x0000000000112d24                _cleanup_r
 .text.__sfmoreglue
                0x0000000000112d30       0x48 c:/devkitpro/devkitarm/bin/../lib/gcc/arm-none-eabi/8.3.0/../../../../arm-none-eabi/lib/armv6k/fpu\libg.a(lib_a-findfp.o)
                0x0000000000112d30                __sfmoreglue
 .text.__sinit  0x0000000000112d78       0x8c c:/devkitpro/devkitarm/bin/../lib/gcc/arm-none-eabi/8.3.0/../../../../arm-none-eabi/lib/armv6k/fpu\libg.a(lib_a-findfp.o)
                0x0000000000112d78                __sinit
 .text.__sfp    0x0000000000112e04      0x110 c:/devkitpro/devkitarm/bin/../lib/gcc/arm-none-eabi/8.3.0/../../../../arm-none-eabi/lib/armv6k/fpu\libg.a(lib_a-findfp.o)
                0x0000000000112e04                __sfp
 .text.__sfp_lock_acquire
                0x0000000000112f14        0xc c:/devkitpro/devkitarm/bin/../lib/gcc/arm-none-eabi/8.3.0/../../../../arm-none-eabi/lib/armv6k/fpu\libg.a(lib_a-findfp.o)
                0x0000000000112f14                __sfp_lock_acquire
 .text.__sfp_lock_release
                0x0000000000112f20        0xc c:/devkitpro/devkitarm/bin/../lib/gcc/arm-none-eabi/8.3.0/../../../../arm-none-eabi/lib/armv6k/fpu\libg.a(lib_a-findfp.o)
                0x0000000000112f20                __sfp_lock_release
 .text.__libc_fini_array
                0x0000000000112f2c       0x40 c:/devkitpro/devkitarm/bin/../lib/gcc/arm-none-eabi/8.3.0/../../../../arm-none-eabi/lib/armv6k/fpu\libg.a(lib_a-fini.o)
                0x0000000000112f2c                __libc_fini_array
 .text._fopen_r
                0x0000000000112f6c      0x13c c:/devkitpro/devkitarm/bin/../lib/gcc/arm-none-eabi/8.3.0/../../../../arm-none-eabi/lib/armv6k/fpu\libg.a(lib_a-fopen.o)
                0x0000000000112f6c                _fopen_r
 .text.fopen    0x00000000001130a8       0x20 c:/devkitpro/devkitarm/bin/../lib/gcc/arm-none-eabi/8.3.0/../../../../arm-none-eabi/lib/armv6k/fpu\libg.a(lib_a-fopen.o)
                0x00000000001130a8                fopen
 .text.fprintf  0x00000000001130c8       0x3c c:/devkitpro/devkitarm/bin/../lib/gcc/arm-none-eabi/8.3.0/../../../../arm-none-eabi/lib/armv6k/fpu\libg.a(lib_a-fprintf.o)
                0x00000000001130c8                fprintf
 .text._fread_r
                0x0000000000113104      0x308 c:/devkitpro/devkitarm/bin/../lib/gcc/arm-none-eabi/8.3.0/../../../../arm-none-eabi/lib/armv6k/fpu\libg.a(lib_a-fread.o)
                0x0000000000113104                _fread_r
 .text.fread    0x000000000011340c       0x38 c:/devkitpro/devkitarm/bin/../lib/gcc/arm-none-eabi/8.3.0/../../../../arm-none-eabi/lib/armv6k/fpu\libg.a(lib_a-fread.o)
                0x000000000011340c                fread
 .text._malloc_trim_r
                0x0000000000113444       0xf8 c:/devkitpro/devkitarm/bin/../lib/gcc/arm-none-eabi/8.3.0/../../../../arm-none-eabi/lib/armv6k/fpu\libg.a(lib_a-freer.o)
                0x0000000000113444                _malloc_trim_r
 .text._free_r  0x000000000011353c      0x2e4 c:/devkitpro/devkitarm/bin/../lib/gcc/arm-none-eabi/8.3.0/../../../../arm-none-eabi/lib/armv6k/fpu\libg.a(lib_a-freer.o)
                0x000000000011353c                _free_r
 .text._fseek_r
                0x0000000000113820       0x1c c:/devkitpro/devkitarm/bin/../lib/gcc/arm-none-eabi/8.3.0/../../../../arm-none-eabi/lib/armv6k/fpu\libg.a(lib_a-fseek.o)
                0x0000000000113820                _fseek_r
 .text.fseek    0x000000000011383c       0x34 c:/devkitpro/devkitarm/bin/../lib/gcc/arm-none-eabi/8.3.0/../../../../arm-none-eabi/lib/armv6k/fpu\libg.a(lib_a-fseek.o)
                0x000000000011383c                fseek
 .text._fseeko_r
                0x0000000000113870      0x5d0 c:/devkitpro/devkitarm/bin/../lib/gcc/arm-none-eabi/8.3.0/../../../../arm-none-eabi/lib/armv6k/fpu\libg.a(lib_a-fseeko.o)
                0x0000000000113870                _fseeko_r
 .text.ftell    0x0000000000113e40       0x34 c:/devkitpro/devkitarm/bin/../lib/gcc/arm-none-eabi/8.3.0/../../../../arm-none-eabi/lib/armv6k/fpu\libg.a(lib_a-ftell.o)
                0x0000000000113e40                ftell
 .text._ftello_r
                0x0000000000113e74      0x1bc c:/devkitpro/devkitarm/bin/../lib/gcc/arm-none-eabi/8.3.0/../../../../arm-none-eabi/lib/armv6k/fpu\libg.a(lib_a-ftello.o)
                0x0000000000113e74                _ftello_r
 .text._fwalk   0x0000000000114030       0x78 c:/devkitpro/devkitarm/bin/../lib/gcc/arm-none-eabi/8.3.0/../../../../arm-none-eabi/lib/armv6k/fpu\libg.a(lib_a-fwalk.o)
                0x0000000000114030                _fwalk
 .text._fwalk_reent
                0x00000000001140a8       0x80 c:/devkitpro/devkitarm/bin/../lib/gcc/arm-none-eabi/8.3.0/../../../../arm-none-eabi/lib/armv6k/fpu\libg.a(lib_a-fwalk.o)
                0x00000000001140a8                _fwalk_reent
 .text.__libc_init_array
                0x0000000000114128       0x7c c:/devkitpro/devkitarm/bin/../lib/gcc/arm-none-eabi/8.3.0/../../../../arm-none-eabi/lib/armv6k/fpu\libg.a(lib_a-init.o)
                0x0000000000114128                __libc_init_array
 .text.__swhatbuf_r
                0x00000000001141a4       0x94 c:/devkitpro/devkitarm/bin/../lib/gcc/arm-none-eabi/8.3.0/../../../../arm-none-eabi/lib/armv6k/fpu\libg.a(lib_a-makebuf.o)
                0x00000000001141a4                __swhatbuf_r
 .text.__smakebuf_r
                0x0000000000114238       0xf4 c:/devkitpro/devkitarm/bin/../lib/gcc/arm-none-eabi/8.3.0/../../../../arm-none-eabi/lib/armv6k/fpu\libg.a(lib_a-makebuf.o)
                0x0000000000114238                __smakebuf_r
 .text.memalign
                0x000000000011432c       0x20 c:/devkitpro/devkitarm/bin/../lib/gcc/arm-none-eabi/8.3.0/../../../../arm-none-eabi/lib/armv6k/fpu\libg.a(lib_a-malign.o)
                0x000000000011432c                memalign
 .text._memalign_r
                0x000000000011434c      0x14c c:/devkitpro/devkitarm/bin/../lib/gcc/arm-none-eabi/8.3.0/../../../../arm-none-eabi/lib/armv6k/fpu\libg.a(lib_a-malignr.o)
                0x000000000011434c                _memalign_r
 .text.malloc   0x0000000000114498       0x18 c:/devkitpro/devkitarm/bin/../lib/gcc/arm-none-eabi/8.3.0/../../../../arm-none-eabi/lib/armv6k/fpu\libg.a(lib_a-malloc.o)
                0x0000000000114498                malloc
 .text.free     0x00000000001144b0       0x18 c:/devkitpro/devkitarm/bin/../lib/gcc/arm-none-eabi/8.3.0/../../../../arm-none-eabi/lib/armv6k/fpu\libg.a(lib_a-malloc.o)
                0x00000000001144b0                free
 .text._malloc_r
                0x00000000001144c8      0x7d8 c:/devkitpro/devkitarm/bin/../lib/gcc/arm-none-eabi/8.3.0/../../../../arm-none-eabi/lib/armv6k/fpu\libg.a(lib_a-mallocr.o)
                0x00000000001144c8                _malloc_r
 .text.memcmp   0x0000000000114ca0       0xfc c:/devkitpro/devkitarm/bin/../lib/gcc/arm-none-eabi/8.3.0/../../../../arm-none-eabi/lib/armv6k/fpu\libg.a(lib_a-memcmp.o)
                0x0000000000114ca0                memcmp
 .text.memcpy   0x0000000000114d9c      0x118 c:/devkitpro/devkitarm/bin/../lib/gcc/arm-none-eabi/8.3.0/../../../../arm-none-eabi/lib/armv6k/fpu\libg.a(lib_a-memcpy-stub.o)
                0x0000000000114d9c                memcpy
 .text.memset   0x0000000000114eb4      0x114 c:/devkitpro/devkitarm/bin/../lib/gcc/arm-none-eabi/8.3.0/../../../../arm-none-eabi/lib/armv6k/fpu\libg.a(lib_a-memset.o)
                0x0000000000114eb4                memset
 .text.__malloc_lock
                0x0000000000114fc8        0xc c:/devkitpro/devkitarm/bin/../lib/gcc/arm-none-eabi/8.3.0/../../../../arm-none-eabi/lib/armv6k/fpu\libg.a(lib_a-mlock.o)
                0x0000000000114fc8                __malloc_lock
 .text.__malloc_unlock
                0x0000000000114fd4        0xc c:/devkitpro/devkitarm/bin/../lib/gcc/arm-none-eabi/8.3.0/../../../../arm-none-eabi/lib/armv6k/fpu\libg.a(lib_a-mlock.o)
                0x0000000000114fd4                __malloc_unlock
 .text.printf   0x0000000000114fe0       0x38 c:/devkitpro/devkitarm/bin/../lib/gcc/arm-none-eabi/8.3.0/../../../../arm-none-eabi/lib/armv6k/fpu\libg.a(lib_a-printf.o)
                0x0000000000114fe0                printf
 .text.qsort    0x0000000000115018      0x934 c:/devkitpro/devkitarm/bin/../lib/gcc/arm-none-eabi/8.3.0/../../../../arm-none-eabi/lib/armv6k/fpu\libg.a(lib_a-qsort.o)
                0x0000000000115018                qsort
 .text._realloc_r
                0x000000000011594c      0x4bc c:/devkitpro/devkitarm/bin/../lib/gcc/arm-none-eabi/8.3.0/../../../../arm-none-eabi/lib/armv6k/fpu\libg.a(lib_a-reallocr.o)
                0x000000000011594c                _realloc_r
 .text.lflush   0x0000000000115e08       0x1c c:/devkitpro/devkitarm/bin/../lib/gcc/arm-none-eabi/8.3.0/../../../../arm-none-eabi/lib/armv6k/fpu\libg.a(lib_a-refill.o)
 .text.__srefill_r
                0x0000000000115e24      0x1ac c:/devkitpro/devkitarm/bin/../lib/gcc/arm-none-eabi/8.3.0/../../../../arm-none-eabi/lib/armv6k/fpu\libg.a(lib_a-refill.o)
                0x0000000000115e24                __srefill_r
 .text.sprintf  0x0000000000115fd0       0x64 c:/devkitpro/devkitarm/bin/../lib/gcc/arm-none-eabi/8.3.0/../../../../arm-none-eabi/lib/armv6k/fpu\libg.a(lib_a-sprintf.o)
                0x0000000000115fd0                sprintf
 .text.__sread  0x0000000000116034       0x3c c:/devkitpro/devkitarm/bin/../lib/gcc/arm-none-eabi/8.3.0/../../../../arm-none-eabi/lib/armv6k/fpu\libg.a(lib_a-stdio.o)
                0x0000000000116034                __sread
 .text.__swrite
                0x0000000000116070       0x68 c:/devkitpro/devkitarm/bin/../lib/gcc/arm-none-eabi/8.3.0/../../../../arm-none-eabi/lib/armv6k/fpu\libg.a(lib_a-stdio.o)
                0x0000000000116070                __swrite
 .text.__sseek  0x00000000001160d8       0x48 c:/devkitpro/devkitarm/bin/../lib/gcc/arm-none-eabi/8.3.0/../../../../arm-none-eabi/lib/armv6k/fpu\libg.a(lib_a-stdio.o)
                0x00000000001160d8                __sseek
 .text.__sclose
                0x0000000000116120        0x8 c:/devkitpro/devkitarm/bin/../lib/gcc/arm-none-eabi/8.3.0/../../../../arm-none-eabi/lib/armv6k/fpu\libg.a(lib_a-stdio.o)
                0x0000000000116120                __sclose
 .text.strchr   0x0000000000116128      0x180 c:/devkitpro/devkitarm/bin/../lib/gcc/arm-none-eabi/8.3.0/../../../../arm-none-eabi/lib/armv6k/fpu\libg.a(lib_a-strchr.o)
                0x0000000000116128                strchr
 .text.strcpy   0x00000000001162a8       0xf0 c:/devkitpro/devkitarm/bin/../lib/gcc/arm-none-eabi/8.3.0/../../../../arm-none-eabi/lib/armv6k/fpu\libg.a(lib_a-strcpy.o)
                0x00000000001162a8                strcpy
 .text.strlen   0x0000000000116398       0x5c c:/devkitpro/devkitarm/bin/../lib/gcc/arm-none-eabi/8.3.0/../../../../arm-none-eabi/lib/armv6k/fpu\libg.a(lib_a-strlen-stub.o)
                0x0000000000116398                strlen
 .text.strncat  0x00000000001163f4       0x98 c:/devkitpro/devkitarm/bin/../lib/gcc/arm-none-eabi/8.3.0/../../../../arm-none-eabi/lib/armv6k/fpu\libg.a(lib_a-strncat.o)
                0x00000000001163f4                strncat
 .text.strncmp  0x000000000011648c      0x10c c:/devkitpro/devkitarm/bin/../lib/gcc/arm-none-eabi/8.3.0/../../../../arm-none-eabi/lib/armv6k/fpu\libg.a(lib_a-strncmp.o)
                0x000000000011648c                strncmp
 .text.strncpy  0x0000000000116598       0xe0 c:/devkitpro/devkitarm/bin/../lib/gcc/arm-none-eabi/8.3.0/../../../../arm-none-eabi/lib/armv6k/fpu\libg.a(lib_a-strncpy.o)
                0x0000000000116598                strncpy
 .text.strnlen  0x0000000000116678       0x5c c:/devkitpro/devkitarm/bin/../lib/gcc/arm-none-eabi/8.3.0/../../../../arm-none-eabi/lib/armv6k/fpu\libg.a(lib_a-strnlen.o)
                0x0000000000116678                strnlen
 .text.two_way_long_needle
                0x00000000001166d4      0x494 c:/devkitpro/devkitarm/bin/../lib/gcc/arm-none-eabi/8.3.0/../../../../arm-none-eabi/lib/armv6k/fpu\libg.a(lib_a-strstr.o)
 .text.strstr   0x0000000000116b68      0x264 c:/devkitpro/devkitarm/bin/../lib/gcc/arm-none-eabi/8.3.0/../../../../arm-none-eabi/lib/armv6k/fpu\libg.a(lib_a-strstr.o)
                0x0000000000116b68                strstr
 .text._strtol_l.isra.0
                0x0000000000116dcc      0x1bc c:/devkitpro/devkitarm/bin/../lib/gcc/arm-none-eabi/8.3.0/../../../../arm-none-eabi/lib/armv6k/fpu\libg.a(lib_a-strtol.o)
 .text.strtol   0x0000000000116f88       0x28 c:/devkitpro/devkitarm/bin/../lib/gcc/arm-none-eabi/8.3.0/../../../../arm-none-eabi/lib/armv6k/fpu\libg.a(lib_a-strtol.o)
                0x0000000000116f88                strtol
 .text.get_arg  0x0000000000116fb0      0x620 c:/devkitpro/devkitarm/bin/../lib/gcc/arm-none-eabi/8.3.0/../../../../arm-none-eabi/lib/armv6k/fpu\libg.a(lib_a-svfprintf.o)
 .text._svfprintf_r
                0x00000000001175d0     0x35c0 c:/devkitpro/devkitarm/bin/../lib/gcc/arm-none-eabi/8.3.0/../../../../arm-none-eabi/lib/armv6k/fpu\libg.a(lib_a-svfprintf.o)
                0x00000000001175d0                _svfprintf_r
 .text.time     0x000000000011ab90       0x3c c:/devkitpro/devkitarm/bin/../lib/gcc/arm-none-eabi/8.3.0/../../../../arm-none-eabi/lib/armv6k/fpu\libg.a(lib_a-time.o)
                0x000000000011ab90                time
 .text.get_arg  0x000000000011abcc      0x620 c:/devkitpro/devkitarm/bin/../lib/gcc/arm-none-eabi/8.3.0/../../../../arm-none-eabi/lib/armv6k/fpu\libg.a(lib_a-vfprintf.o)
 *fill*         0x000000000011b1ec        0x4 
 .text._vfprintf_r
                0x000000000011b1f0     0x373c c:/devkitpro/devkitarm/bin/../lib/gcc/arm-none-eabi/8.3.0/../../../../arm-none-eabi/lib/armv6k/fpu\libg.a(lib_a-vfprintf.o)
                0x000000000011b1f0                _vfprintf_r
 .text.__sbprintf
                0x000000000011e92c       0xd0 c:/devkitpro/devkitarm/bin/../lib/gcc/arm-none-eabi/8.3.0/../../../../arm-none-eabi/lib/armv6k/fpu\libg.a(lib_a-vfprintf.o)
 .text._wcrtomb_r
                0x000000000011e9fc       0x54 c:/devkitpro/devkitarm/bin/../lib/gcc/arm-none-eabi/8.3.0/../../../../arm-none-eabi/lib/armv6k/fpu\libg.a(lib_a-wcrtomb.o)
                0x000000000011e9fc                _wcrtomb_r
 .text._wcsrtombs_r
                0x000000000011ea50       0x20 c:/devkitpro/devkitarm/bin/../lib/gcc/arm-none-eabi/8.3.0/../../../../arm-none-eabi/lib/armv6k/fpu\libg.a(lib_a-wcsrtombs.o)
                0x000000000011ea50                _wcsrtombs_r
 .text.__swsetup_r
                0x000000000011ea70      0x150 c:/devkitpro/devkitarm/bin/../lib/gcc/arm-none-eabi/8.3.0/../../../../arm-none-eabi/lib/armv6k/fpu\libg.a(lib_a-wsetup.o)
                0x000000000011ea70                __swsetup_r
 .text.quorem   0x000000000011ebc0      0x1c8 c:/devkitpro/devkitarm/bin/../lib/gcc/arm-none-eabi/8.3.0/../../../../arm-none-eabi/lib/armv6k/fpu\libg.a(lib_a-dtoa.o)
 .text._dtoa_r  0x000000000011ed88     0x12ec c:/devkitpro/devkitarm/bin/../lib/gcc/arm-none-eabi/8.3.0/../../../../arm-none-eabi/lib/armv6k/fpu\libg.a(lib_a-dtoa.o)
                0x000000000011ed88                _dtoa_r
 .text.__sflags
                0x0000000000120074       0xb4 c:/devkitpro/devkitarm/bin/../lib/gcc/arm-none-eabi/8.3.0/../../../../arm-none-eabi/lib/armv6k/fpu\libg.a(lib_a-flags.o)
                0x0000000000120074                __sflags
 .text._localeconv_r
                0x0000000000120128        0xc c:/devkitpro/devkitarm/bin/../lib/gcc/arm-none-eabi/8.3.0/../../../../arm-none-eabi/lib/armv6k/fpu\libg.a(lib_a-localeconv.o)
                0x0000000000120128                _localeconv_r
 .text.__locale_mb_cur_max
                0x0000000000120134       0x10 c:/devkitpro/devkitarm/bin/../lib/gcc/arm-none-eabi/8.3.0/../../../../arm-none-eabi/lib/armv6k/fpu\libg.a(lib_a-locale.o)
                0x0000000000120134                __locale_mb_cur_max
 .text.__utf8_mbtowc
                0x0000000000120144      0x2fc c:/devkitpro/devkitarm/bin/../lib/gcc/arm-none-eabi/8.3.0/../../../../arm-none-eabi/lib/armv6k/fpu\libg.a(lib_a-mbtowc_r.o)
                0x0000000000120144                __utf8_mbtowc
 .text.memchr   0x0000000000120440      0x100 c:/devkitpro/devkitarm/bin/../lib/gcc/arm-none-eabi/8.3.0/../../../../arm-none-eabi/lib/armv6k/fpu\libg.a(lib_a-memchr-stub.o)
                0x0000000000120440                memchr
 .text.memmove  0x0000000000120540      0x154 c:/devkitpro/devkitarm/bin/../lib/gcc/arm-none-eabi/8.3.0/../../../../arm-none-eabi/lib/armv6k/fpu\libg.a(lib_a-memmove.o)
                0x0000000000120540                memmove
 .text._Balloc  0x0000000000120694       0x88 c:/devkitpro/devkitarm/bin/../lib/gcc/arm-none-eabi/8.3.0/../../../../arm-none-eabi/lib/armv6k/fpu\libg.a(lib_a-mprec.o)
                0x0000000000120694                _Balloc
 .text._Bfree   0x000000000012071c       0x1c c:/devkitpro/devkitarm/bin/../lib/gcc/arm-none-eabi/8.3.0/../../../../arm-none-eabi/lib/armv6k/fpu\libg.a(lib_a-mprec.o)
                0x000000000012071c                _Bfree
 .text.__multadd